# version: 2
# schema: timestamp,site_id,domain_id,domain_status,http_status,latency_ms,failure_type,protection_type
timestamp,site_id,domain_id,domain_status,http_status,latency_ms,failure_type,protection_type
2026-08-20T23:16:21.960100+00:00,httpbin,httpbin.status500,DOWN,500,257,http_error,
2026-08-20T23:22:11.929819+00:00,httpbin,httpbin.status500,DOWN,500,236,http_error,
2026-08-20T23:23:11.861215+00:00,httpbin,httpbin.status500,DOWN,500,10,http_error,
2026-08-20T23:24:12.089077+00:00,httpbin,httpbin.status500,DOWN,500,187,http_error,
2026-08-20T23:25:12.207624+00:00,httpbin,httpbin.status500,DOWN,500,244,http_error,
2026-08-20T23:26:12.091123+00:00,httpbin,httpbin.status500,DOWN,500,27,http_error,
2026-08-20T23:27:12.382683+00:00,httpbin,httpbin.status500,DOWN,500,243,http_error,
2026-08-20T23:28:12.205190+00:00,httpbin,httpbin.status500,DOWN,500,10,http_error,
2026-08-20T23:35:23.379366+00:00,httpbin,httpbin.status500,DOWN,500,273,http_error,
2026-08-20T23:36:23.295358+00:00,httpbin,httpbin.status500,DOWN,500,14,http_error,
2026-08-20T23:51:22.073183+00:00,httpbin,httpbin.status500,DOWN,500,219,http_error,
2026-08-20T23:52:22.116219+00:00,httpbin,httpbin.status500,DOWN,500,95,http_error,
2026-08-20T23:53:22.095004+00:00,httpbin,httpbin.status500,DOWN,500,12,http_error,
2026-08-20T23:54:22.352172+00:00,httpbin,httpbin.status500,DOWN,500,200,http_error,
2026-08-20T23:55:22.431053+00:00,httpbin,httpbin.status500,DOWN,500,153,http_error,
2026-08-20T23:56:22.408999+00:00,httpbin,httpbin.status500,DOWN,500,11,http_error,
2026-08-20T23:57:22.707605+00:00,httpbin,httpbin.status500,DOWN,500,250,http_error,
2026-08-20T23:58:22.664044+00:00,httpbin,httpbin.status500,DOWN,500,105,http_error,
2026-08-21T00:14:11.217144+00:00,httpbin,httpbin.status500,DOWN,500,224,http_error,
2026-08-21T00:15:03.820687+00:00,httpbin,httpbin.status500,DOWN,500,888,http_error,
2026-08-21T00:15:11.383266+00:00,httpbin,httpbin.status500,DOWN,500,225,http_error,
2026-08-21T00:16:03.437114+00:00,httpbin,httpbin.status500,DOWN,500,294,http_error,
2026-08-21T00:16:11.555771+00:00,httpbin,httpbin.status500,DOWN,500,257,http_error,
2026-08-21T00:17:03.574129+00:00,httpbin,httpbin.status500,DOWN,500,278,http_error,
2026-08-21T00:17:11.677726+00:00,httpbin,httpbin.status500,DOWN,500,265,http_error,
2026-08-21T00:18:03.611236+00:00,httpbin,httpbin.status500,DOWN,500,254,http_error,
2026-08-21T00:19:03.693404+00:00,httpbin,httpbin.status500,DOWN,500,239,http_error,
2026-08-21T00:20:03.596300+00:00,httpbin,httpbin.status500,DOWN,500,17,http_error,
2026-08-21T00:20:04.290508+00:00,httpbin,httpbin.status500,DOWN,500,396,http_error,
2026-08-21T00:21:03.856132+00:00,httpbin,httpbin.status500,DOWN,500,232,http_error,
2026-08-21T00:21:04.334403+00:00,httpbin,httpbin.status500,DOWN,500,206,http_error,
2026-08-21T00:22:03.758354+00:00,httpbin,httpbin.status500,DOWN,500,11,http_error,
2026-08-21T00:22:04.360173+00:00,httpbin,httpbin.status500,DOWN,500,153,http_error,
2026-08-21T00:23:04.045483+00:00,httpbin,httpbin.status500,DOWN,500,249,http_error,
2026-08-21T00:23:04.505393+00:00,httpbin,httpbin.status500,DOWN,500,223,http_error,
2026-08-21T00:24:04.028221+00:00,httpbin,httpbin.status500,DOWN,500,157,http_error,
2026-08-21T00:24:04.615806+00:00,httpbin,httpbin.status500,DOWN,500,220,http_error,
2026-08-21T00:25:04.216981+00:00,httpbin,httpbin.status500,DOWN,500,279,http_error,
2026-08-21T00:25:04.577293+00:00,httpbin,httpbin.status500,DOWN,500,12,http_error,
2026-08-21T00:26:04.347603+00:00,httpbin,httpbin.status500,DOWN,500,302,http_error,
2026-08-21T00:26:04.858556+00:00,httpbin,httpbin.status500,DOWN,500,235,http_error,
2026-08-21T00:27:04.887367+00:00,httpbin,httpbin.status500,DOWN,500,765,http_error,
2026-08-21T00:27:04.993992+00:00,httpbin,httpbin.status500,DOWN,500,291,http_error,
2026-08-21T00:28:04.492570+00:00,httpbin,httpbin.status500,DOWN,500,383,http_error,
2026-08-21T00:28:04.586765+00:00,httpbin,httpbin.status500,DOWN,500,376,http_error,
2026-08-21T00:28:04.922256+00:00,httpbin,httpbin.status500,DOWN,500,149,http_error,
2026-08-21T00:29:04.890149+00:00,httpbin,httpbin.status500,DOWN,500,466,http_error,
2026-08-21T00:29:04.973112+00:00,httpbin,httpbin.status500,DOWN,500,535,http_error,
2026-08-21T00:29:04.923846+00:00,httpbin,httpbin.status500,DOWN,,,connection_refused,
2026-08-21T00:30:04.800252+00:00,httpbin,httpbin.status500,DOWN,500,205,http_error,
2026-08-21T00:30:05.538283+00:00,httpbin,httpbin.status500,DOWN,500,827,http_error,
2026-08-21T00:30:05.841346+00:00,httpbin,httpbin.status500,DOWN,500,762,http_error,
2026-08-21T00:31:06.120143+00:00,httpbin,httpbin.status500,DOWN,500,822,http_error,
2026-08-21T00:31:06.144767+00:00,httpbin,httpbin.status500,DOWN,500,815,http_error,
2026-08-21T00:31:05.407581+00:00,httpbin,httpbin.status500,DOWN,500,27,http_error,
2026-08-21T00:32:06.463240+00:00,httpbin,httpbin.status500,DOWN,500,711,http_error,
2026-08-21T00:32:05.827255+00:00,httpbin,httpbin.status500,DOWN,500,12,http_error,
2026-08-21T00:32:06.532676+00:00,httpbin,httpbin.status500,DOWN,500,676,http_error,
2026-08-21T00:33:06.221296+00:00,httpbin,httpbin.status500,DOWN,500,267,http_error,
2026-08-21T00:33:06.190279+00:00,httpbin,httpbin.status500,DOWN,500,17,http_error,
2026-08-21T00:33:06.212126+00:00,httpbin,httpbin.status500,DOWN,500,12,http_error,
2026-08-21T00:34:06.482203+00:00,httpbin,httpbin.status500,DOWN,500,354,http_error,
2026-08-21T00:34:07.124641+00:00,httpbin,httpbin.status500,DOWN,500,645,http_error,
2026-08-21T00:34:07.141253+00:00,httpbin,httpbin.status500,DOWN,500,624,http_error,
2026-08-21T00:35:06.533188+00:00,httpbin,httpbin.status500,DOWN,500,208,http_error,
2026-08-21T00:35:07.157186+00:00,httpbin,httpbin.status500,DOWN,500,403,http_error,
2026-08-21T00:35:06.810600+00:00,httpbin,httpbin.status500,DOWN,500,26,http_error,
2026-08-21T00:36:06.691054+00:00,httpbin,httpbin.status500,DOWN,500,247,http_error,
2026-08-21T00:36:07.437041+00:00,httpbin,httpbin.status500,DOWN,500,381,http_error,
2026-08-21T00:36:08.025056+00:00,httpbin,httpbin.status500,DOWN,500,945,http_error,
2026-08-21T00:37:06.870926+00:00,httpbin,httpbin.status500,DOWN,500,223,http_error,
2026-08-21T00:37:07.828308+00:00,httpbin,httpbin.status500,DOWN,500,395,http_error,
2026-08-21T00:37:07.466730+00:00,httpbin,httpbin.status500,DOWN,500,13,http_error,
2026-08-21T00:38:07.258697+00:00,httpbin,httpbin.status500,DOWN,500,250,http_error,
2026-08-21T00:38:07.830767+00:00,httpbin,httpbin.status500,DOWN,500,21,http_error,
2026-08-21T00:38:08.269278+00:00,httpbin,httpbin.status500,DOWN,500,440,http_error,
2026-08-21T00:39:07.661124+00:00,httpbin,httpbin.status500,DOWN,500,199,http_error,
2026-08-21T00:39:08.487247+00:00,httpbin,httpbin.status500,DOWN,500,301,http_error,
2026-08-21T00:39:08.428229+00:00,httpbin,httpbin.status500,DOWN,500,221,http_error,
2026-08-21T00:40:08.046259+00:00,httpbin,httpbin.status500,DOWN,500,321,http_error,
2026-08-21T00:40:09.095273+00:00,httpbin,httpbin.status500,DOWN,500,664,http_error,
2026-08-21T00:40:09.187325+00:00,httpbin,httpbin.status500,DOWN,500,638,http_error,
2026-08-21T00:41:08.582930+00:00,httpbin,httpbin.status500,DOWN,500,226,http_error,
2026-08-21T00:41:08.762065+00:00,httpbin,httpbin.status500,DOWN,500,21,http_error,
2026-08-21T00:41:09.208729+00:00,httpbin,httpbin.status500,DOWN,500,375,http_error,
2026-08-21T00:42:08.643066+00:00,httpbin,httpbin.status500,DOWN,500,171,http_error,
2026-08-21T00:42:09.322215+00:00,httpbin,httpbin.status500,DOWN,500,344,http_error,
2026-08-21T00:42:09.445474+00:00,httpbin,httpbin.status500,DOWN,500,368,http_error,
2026-08-21T00:43:08.878899+00:00,httpbin,httpbin.status500,DOWN,500,226,http_error,
2026-08-21T00:43:09.125971+00:00,httpbin,httpbin.status500,DOWN,500,12,http_error,
2026-08-21T00:43:09.530250+00:00,httpbin,httpbin.status500,DOWN,500,243,http_error,
2026-08-21T00:44:08.961160+00:00,httpbin,httpbin.status500,DOWN,500,212,http_error,
2026-08-21T00:44:09.648624+00:00,httpbin,httpbin.status500,DOWN,500,349,http_error,
2026-08-21T00:44:09.735387+00:00,httpbin,httpbin.status500,DOWN,500,312,http_error,
2026-08-21T00:45:08.932529+00:00,httpbin,httpbin.status500,DOWN,500,10,http_error,
2026-08-21T00:45:09.917169+00:00,httpbin,httpbin.status500,DOWN,500,425,http_error,
2026-08-21T00:45:09.960294+00:00,httpbin,httpbin.status500,DOWN,500,449,http_error,
2026-08-21T00:46:09.406898+00:00,httpbin,httpbin.status500,DOWN,500,329,http_error,
2026-08-21T00:46:10.392254+00:00,httpbin,httpbin.status500,DOWN,500,515,http_error,
2026-08-21T00:46:10.442179+00:00,httpbin,httpbin.status500,DOWN,500,539,http_error,
2026-08-21T00:47:09.785275+00:00,httpbin,httpbin.status500,DOWN,500,191,http_error,
2026-08-21T00:47:10.650166+00:00,httpbin,httpbin.status500,DOWN,500,368,http_error,
2026-08-21T00:47:10.672094+00:00,httpbin,httpbin.status500,DOWN,500,363,http_error,
2026-08-21T00:48:09.771169+00:00,httpbin,httpbin.status500,DOWN,500,13,http_error,
2026-08-21T00:48:10.787042+00:00,httpbin,httpbin.status500,DOWN,500,267,http_error,
2026-08-21T00:48:10.981198+00:00,httpbin,httpbin.status500,DOWN,500,318,http_error,
2026-08-21T00:49:10.262068+00:00,httpbin,httpbin.status500,DOWN,500,224,http_error,
2026-08-21T00:49:11.074146+00:00,httpbin,httpbin.status500,DOWN,500,312,http_error,
2026-08-21T00:49:10.848133+00:00,httpbin,httpbin.status500,DOWN,500,21,http_error,
2026-08-21T00:50:10.631435+00:00,httpbin,httpbin.status500,DOWN,500,262,http_error,
2026-08-21T00:50:11.104419+00:00,httpbin,httpbin.status500,DOWN,500,36,http_error,
2026-08-21T00:50:11.558406+00:00,httpbin,httpbin.status500,DOWN,500,431,http_error,
2026-08-21T00:51:10.940847+00:00,httpbin,httpbin.status500,DOWN,500,288,http_error,
2026-08-21T00:51:11.558214+00:00,httpbin,httpbin.status500,DOWN,500,240,http_error,
2026-08-21T00:51:11.635359+00:00,httpbin,httpbin.status500,DOWN,500,248,http_error,
2026-08-21T00:52:11.177668+00:00,httpbin,httpbin.status500,DOWN,500,330,http_error,
2026-08-21T00:52:11.900102+00:00,httpbin,httpbin.status500,DOWN,500,381,http_error,
2026-08-21T00:52:12.043019+00:00,httpbin,httpbin.status500,DOWN,500,415,http_error,
2026-08-21T00:53:11.323440+00:00,httpbin,httpbin.status500,DOWN,500,180,http_error,
2026-08-21T00:53:11.897238+00:00,httpbin,httpbin.status500,DOWN,500,87,http_error,
2026-08-21T00:53:12.284842+00:00,httpbin,httpbin.status500,DOWN,500,384,http_error,
2026-08-21T00:54:11.657975+00:00,httpbin,httpbin.status500,DOWN,500,205,http_error,
2026-08-21T00:54:12.505321+00:00,httpbin,httpbin.status500,DOWN,500,445,http_error,
2026-08-21T00:54:12.249340+00:00,httpbin,httpbin.status500,DOWN,500,34,http_error,
2026-08-21T00:55:12.000082+00:00,httpbin,httpbin.status500,DOWN,500,221,http_error,
2026-08-21T00:55:12.449235+00:00,httpbin,httpbin.status500,DOWN,500,189,http_error,
2026-08-21T00:55:12.686549+00:00,httpbin,httpbin.status500,DOWN,500,207,http_error,
2026-08-21T00:56:12.149575+00:00,httpbin,httpbin.status500,DOWN,500,171,http_error,
2026-08-21T00:56:12.604513+00:00,httpbin,httpbin.status500,DOWN,500,200,http_error,
2026-08-21T00:56:12.675275+00:00,httpbin,httpbin.status500,DOWN,500,9,http_error,
2026-08-21T00:57:12.241804+00:00,httpbin,httpbin.status500,DOWN,500,140,http_error,
2026-08-21T00:57:12.791843+00:00,httpbin,httpbin.status500,DOWN,500,185,http_error,
2026-08-21T00:57:13.004281+00:00,httpbin,httpbin.status500,DOWN,500,189,http_error,
2026-08-21T00:58:12.481240+00:00,httpbin,httpbin.status500,DOWN,500,175,http_error,
2026-08-21T00:58:12.968024+00:00,httpbin,httpbin.status500,DOWN,500,171,http_error,
2026-08-21T00:58:13.262524+00:00,httpbin,httpbin.status500,DOWN,500,190,http_error,
2026-08-21T00:59:12.559135+00:00,httpbin,httpbin.status500,DOWN,500,145,http_error,
2026-08-21T00:59:13.358738+00:00,httpbin,httpbin.status500,DOWN,500,453,http_error,
2026-08-21T00:59:13.358315+00:00,httpbin,httpbin.status500,DOWN,500,174,http_error,
2026-08-21T01:00:12.793065+00:00,httpbin,httpbin.status500,DOWN,500,271,http_error,
2026-08-21T01:00:13.015533+00:00,httpbin,httpbin.status500,DOWN,500,14,http_error,
2026-08-21T01:00:13.702975+00:00,httpbin,httpbin.status500,DOWN,500,315,http_error,
2026-08-21T01:01:13.033589+00:00,httpbin,httpbin.status500,DOWN,500,222,http_error,
2026-08-21T01:01:13.516322+00:00,httpbin,httpbin.status500,DOWN,500,257,http_error,
2026-08-21T01:01:13.861078+00:00,httpbin,httpbin.status500,DOWN,500,189,http_error,
2026-08-21T01:02:13.416593+00:00,httpbin,httpbin.status500,DOWN,500,255,http_error,
2026-08-21T01:02:13.518946+00:00,httpbin,httpbin.status500,DOWN,500,9,http_error,
2026-08-21T01:02:14.037440+00:00,httpbin,httpbin.status500,DOWN,500,250,http_error,
2026-08-21T01:03:13.305185+00:00,httpbin,httpbin.status500,DOWN,500,10,http_error,
2026-08-21T01:03:13.767568+00:00,httpbin,httpbin.status500,DOWN,500,159,http_error,
2026-08-21T01:03:14.208131+00:00,httpbin,httpbin.status500,DOWN,500,170,http_error,
2026-08-21T01:04:13.436202+00:00,httpbin,httpbin.status500,DOWN,500,12,http_error,
2026-08-21T01:04:14.001162+00:00,httpbin,httpbin.status500,DOWN,500,147,http_error,
2026-08-21T01:04:14.569096+00:00,httpbin,httpbin.status500,DOWN,500,262,http_error,
2026-08-21T01:05:13.937210+00:00,httpbin,httpbin.status500,DOWN,500,243,http_error,
2026-08-21T01:05:14.351897+00:00,httpbin,httpbin.status500,DOWN,500,250,http_error,
2026-08-21T01:05:14.880681+00:00,httpbin,httpbin.status500,DOWN,500,268,http_error,
2026-08-21T01:06:14.823272+00:00,httpbin,httpbin.status500,DOWN,500,795,http_error,
2026-08-21T01:06:14.289787+00:00,httpbin,httpbin.status500,DOWN,500,20,http_error,
2026-08-21T01:06:14.926538+00:00,httpbin,httpbin.status500,DOWN,500,185,http_error,
2026-08-21T01:07:14.594011+00:00,httpbin,httpbin.status500,DOWN,500,307,http_error,
2026-08-21T01:07:14.800351+00:00,httpbin,httpbin.status500,DOWN,500,274,http_error,
2026-08-21T01:07:14.870377+00:00,httpbin,httpbin.status500,DOWN,500,16,http_error,
2026-08-21T01:08:14.810397+00:00,httpbin,httpbin.status500,DOWN,500,391,http_error,
2026-08-21T01:08:14.791244+00:00,httpbin,httpbin.status500,DOWN,500,29,http_error,
2026-08-21T01:08:15.096927+00:00,httpbin,httpbin.status500,DOWN,500,119,http_error,
2026-08-21T01:09:14.883253+00:00,httpbin,httpbin.status500,DOWN,500,217,http_error,
2026-08-21T01:09:15.392202+00:00,httpbin,httpbin.status500,DOWN,500,362,http_error,
2026-08-21T01:09:15.496490+00:00,httpbin,httpbin.status500,DOWN,500,368,http_error,
2026-08-21T01:10:15.087075+00:00,httpbin,httpbin.status500,DOWN,500,276,http_error,
2026-08-21T01:10:15.606236+00:00,httpbin,httpbin.status500,DOWN,500,308,http_error,
2026-08-21T01:10:15.374714+00:00,httpbin,httpbin.status500,DOWN,500,21,http_error,
2026-08-21T01:11:15.321219+00:00,httpbin,httpbin.status500,DOWN,500,254,http_error,
2026-08-21T01:11:16.069043+00:00,httpbin,httpbin.status500,DOWN,500,411,http_error,
2026-08-21T01:11:16.110430+00:00,httpbin,httpbin.status500,DOWN,500,379,http_error,
2026-08-21T01:12:15.732167+00:00,httpbin,httpbin.status500,DOWN,500,521,http_error,
2026-08-21T01:12:16.378053+00:00,httpbin,httpbin.status500,DOWN,500,346,http_error,
2026-08-21T01:12:16.455814+00:00,httpbin,httpbin.status500,DOWN,500,383,http_error,
2026-08-21T01:13:15.853740+00:00,httpbin,httpbin.status500,DOWN,500,217,http_error,
2026-08-21T01:13:16.311963+00:00,httpbin,httpbin.status500,DOWN,500,11,http_error,
2026-08-21T01:13:16.643397+00:00,httpbin,httpbin.status500,DOWN,500,244,http_error,
2026-08-21T01:14:15.866075+00:00,httpbin,httpbin.status500,DOWN,500,86,http_error,
2026-08-21T01:14:16.882168+00:00,httpbin,httpbin.status500,DOWN,500,308,http_error,
2026-08-21T01:14:17.408481+00:00,httpbin,httpbin.status500,DOWN,500,719,http_error,
2026-08-21T01:15:16.476877+00:00,httpbin,httpbin.status500,DOWN,500,200,http_error,
2026-08-21T01:15:16.849023+00:00,httpbin,httpbin.status500,DOWN,500,15,http_error,
2026-08-21T01:15:17.302104+00:00,httpbin,httpbin.status500,DOWN,500,348,http_error,
2026-08-21T01:16:16.932562+00:00,httpbin,httpbin.status500,DOWN,500,373,http_error,
2026-08-21T01:16:17.585612+00:00,httpbin,httpbin.status500,DOWN,500,385,http_error,
2026-08-21T01:16:17.796211+00:00,httpbin,httpbin.status500,DOWN,500,451,http_error,
2026-08-21T01:17:17.272648+00:00,httpbin,httpbin.status500,DOWN,500,211,http_error,
2026-08-21T01:17:17.448930+00:00,httpbin,httpbin.status500,DOWN,500,9,http_error,
2026-08-21T01:17:17.671411+00:00,httpbin,httpbin.status500,DOWN,500,10,http_error,
2026-08-21T01:18:17.602991+00:00,httpbin,httpbin.status500,DOWN,500,259,http_error,
2026-08-21T01:18:17.916474+00:00,httpbin,httpbin.status500,DOWN,500,207,http_error,
2026-08-21T01:18:18.168146+00:00,httpbin,httpbin.status500,DOWN,500,222,http_error,
2026-08-21T01:19:17.842085+00:00,httpbin,httpbin.status500,DOWN,500,192,http_error,
2026-08-21T01:19:18.199158+00:00,httpbin,httpbin.status500,DOWN,500,205,http_error,
2026-08-21T01:19:18.486708+00:00,httpbin,httpbin.status500,DOWN,500,267,http_error,
2026-08-21T01:20:18.199064+00:00,httpbin,httpbin.status500,DOWN,500,314,http_error,
2026-08-21T01:20:18.356431+00:00,httpbin,httpbin.status500,DOWN,500,9,http_error,
2026-08-21T01:21:18.047107+00:00,httpbin,httpbin.status500,DOWN,500,11,http_error,
2026-08-21T01:21:18.691326+00:00,httpbin,httpbin.status500,DOWN,500,210,http_error,
2026-08-21T01:22:18.709978+00:00,httpbin,httpbin.status500,DOWN,500,416,http_error,
2026-08-21T01:22:18.946017+00:00,httpbin,httpbin.status500,DOWN,500,194,http_error,
2026-08-21T01:23:18.828121+00:00,httpbin,httpbin.status500,DOWN,500,241,http_error,
2026-08-21T01:23:19.232563+00:00,httpbin,httpbin.status500,DOWN,500,203,http_error,
2026-08-21T01:24:18.827345+00:00,httpbin,httpbin.status500,DOWN,500,9,http_error,
2026-08-21T01:24:19.535405+00:00,httpbin,httpbin.status500,DOWN,500,206,http_error,
2026-08-21T01:25:19.388378+00:00,httpbin,httpbin.status500,DOWN,500,227,http_error,
2026-08-21T01:25:19.830393+00:00,httpbin,httpbin.status500,DOWN,500,247,http_error,
2026-08-21T01:26:19.520069+00:00,httpbin,httpbin.status500,DOWN,500,216,http_error,
2026-08-21T01:26:20.076995+00:00,httpbin,httpbin.status500,DOWN,500,220,http_error,
2026-08-21T01:27:19.852045+00:00,httpbin,httpbin.status500,DOWN,500,277,http_error,
2026-08-21T01:27:20.360544+00:00,httpbin,httpbin.status500,DOWN,500,241,http_error,
2026-08-21T01:28:19.726205+00:00,httpbin,httpbin.status500,DOWN,500,15,http_error,
2026-08-21T01:28:20.672358+00:00,httpbin,httpbin.status500,DOWN,500,154,http_error,
2026-08-21T01:29:20.010062+00:00,httpbin,httpbin.status500,DOWN,500,168,http_error,
2026-08-21T01:29:20.992031+00:00,httpbin,httpbin.status500,DOWN,500,343,http_error,
2026-08-21T01:30:20.516132+00:00,httpbin,httpbin.status500,DOWN,500,274,http_error,
2026-08-21T01:30:20.973219+00:00,httpbin,httpbin.status500,DOWN,500,45,http_error,
2026-08-21T01:31:21.047206+00:00,httpbin,httpbin.status500,DOWN,500,496,http_error,
2026-08-21T01:31:21.511113+00:00,httpbin,httpbin.status500,DOWN,500,211,http_error,
2026-08-21T01:32:21.087486+00:00,httpbin,httpbin.status500,DOWN,500,242,http_error,
2026-08-21T01:32:21.457412+00:00,httpbin,httpbin.status500,DOWN,500,23,http_error,
2026-08-21T01:33:21.035216+00:00,httpbin,httpbin.status500,DOWN,500,19,http_error,
2026-08-21T01:33:21.885805+00:00,httpbin,httpbin.status500,DOWN,500,151,http_error,
2026-08-21T01:34:21.348204+00:00,httpbin,httpbin.status500,DOWN,500,198,http_error,
2026-08-21T01:34:22.309782+00:00,httpbin,httpbin.status500,DOWN,500,239,http_error,
2026-08-21T01:35:21.865712+00:00,httpbin,httpbin.status500,DOWN,500,399,http_error,
2026-08-21T01:35:22.707328+00:00,httpbin,httpbin.status500,DOWN,500,307,http_error,
2026-08-21T01:36:22.006042+00:00,httpbin,httpbin.status500,DOWN,500,170,http_error,
2026-08-21T01:36:22.785974+00:00,httpbin,httpbin.status500,DOWN,500,225,http_error,
2026-08-21T01:37:22.539691+00:00,httpbin,httpbin.status500,DOWN,500,319,http_error,
2026-08-21T01:37:22.908727+00:00,httpbin,httpbin.status500,DOWN,500,204,http_error,
2026-08-21T01:38:22.838213+00:00,httpbin,httpbin.status500,DOWN,500,302,http_error,
2026-08-21T01:38:23.041436+00:00,httpbin,httpbin.status500,DOWN,500,210,http_error,
2026-08-21T01:39:23.184306+00:00,httpbin,httpbin.status500,DOWN,500,254,http_error,
2026-08-21T01:39:23.484683+00:00,httpbin,httpbin.status500,DOWN,500,241,http_error,
2026-08-21T01:40:23.328663+00:00,httpbin,httpbin.status500,DOWN,500,254,http_error,
2026-08-21T01:40:23.764057+00:00,httpbin,httpbin.status500,DOWN,500,233,http_error,
2026-08-21T01:41:23.565796+00:00,httpbin,httpbin.status500,DOWN,500,199,http_error,
2026-08-21T01:41:23.675827+00:00,httpbin,httpbin.status500,DOWN,500,9,http_error,
2026-08-21T01:42:23.706007+00:00,httpbin,httpbin.status500,DOWN,500,197,http_error,
2026-08-21T01:42:24.363657+00:00,httpbin,httpbin.status500,DOWN,500,303,http_error,
2026-08-21T01:43:24.037761+00:00,httpbin,httpbin.status500,DOWN,500,223,http_error,
2026-08-21T01:43:24.428626+00:00,httpbin,httpbin.status500,DOWN,500,169,http_error,
2026-08-21T01:44:24.374177+00:00,httpbin,httpbin.status500,DOWN,500,215,http_error,
2026-08-21T01:44:24.815417+00:00,httpbin,httpbin.status500,DOWN,500,236,http_error,
2026-08-21T01:45:24.747002+00:00,httpbin,httpbin.status500,DOWN,500,241,http_error,
2026-08-21T01:45:25.018138+00:00,httpbin,httpbin.status500,DOWN,500,221,http_error,
2026-08-21T01:46:25.290203+00:00,httpbin,httpbin.status500,DOWN,500,276,http_error,
2026-08-21T01:46:25.556662+00:00,httpbin,httpbin.status500,DOWN,500,250,http_error,
2026-08-21T01:47:25.494380+00:00,httpbin,httpbin.status500,DOWN,500,299,http_error,
2026-08-21T01:47:25.869540+00:00,httpbin,httpbin.status500,DOWN,500,253,http_error,
2026-08-21T01:48:25.428717+00:00,httpbin,httpbin.status500,DOWN,500,10,http_error,
2026-08-21T01:48:26.189310+00:00,httpbin,httpbin.status500,DOWN,500,260,http_error,
2026-08-21T01:49:25.843231+00:00,httpbin,httpbin.status500,DOWN,500,259,http_error,
2026-08-21T01:49:26.096770+00:00,httpbin,httpbin.status500,DOWN,500,13,http_error,
2026-08-21T01:50:26.184928+00:00,httpbin,httpbin.status500,DOWN,500,279,http_error,
2026-08-21T01:50:26.804220+00:00,httpbin,httpbin.status500,DOWN,500,289,http_error,
2026-08-21T01:51:26.529179+00:00,httpbin,httpbin.status500,DOWN,500,196,http_error,
2026-08-21T01:51:26.997604+00:00,httpbin,httpbin.status500,DOWN,500,272,http_error,
2026-08-21T01:52:26.507367+00:00,httpbin,httpbin.status500,DOWN,500,12,http_error,
2026-08-21T01:52:27.408223+00:00,httpbin,httpbin.status500,DOWN,500,308,http_error,
2026-08-21T01:53:27.282134+00:00,httpbin,httpbin.status500,DOWN,500,239,http_error,
2026-08-21T01:53:27.934306+00:00,httpbin,httpbin.status500,DOWN,500,485,http_error,
2026-08-21T01:54:27.413499+00:00,httpbin,httpbin.status500,DOWN,500,206,http_error,
2026-08-21T01:54:27.964542+00:00,httpbin,httpbin.status500,DOWN,500,234,http_error,
2026-08-21T01:55:27.426399+00:00,httpbin,httpbin.status500,DOWN,,,connection_refused,
2026-08-21T01:55:28.256917+00:00,httpbin,httpbin.status500,DOWN,500,229,http_error,
2026-08-21T01:56:28.051432+00:00,httpbin,httpbin.status500,DOWN,500,344,http_error,
2026-08-21T01:56:28.748163+00:00,httpbin,httpbin.status500,DOWN,500,262,http_error,
2026-08-21T01:57:28.312683+00:00,httpbin,httpbin.status500,DOWN,500,398,http_error,
2026-08-21T01:57:28.805625+00:00,httpbin,httpbin.status500,DOWN,500,181,http_error,
2026-08-21T01:58:28.390570+00:00,httpbin,httpbin.status500,DOWN,500,279,http_error,
2026-08-21T01:58:28.954234+00:00,httpbin,httpbin.status500,DOWN,500,158,http_error,
2026-08-21T01:59:28.493216+00:00,httpbin,httpbin.status500,DOWN,500,211,http_error,
2026-08-21T01:59:29.246027+00:00,httpbin,httpbin.status500,DOWN,500,225,http_error,
2026-08-21T02:00:28.499766+00:00,httpbin,httpbin.status500,DOWN,500,17,http_error,
2026-08-21T02:00:29.708995+00:00,httpbin,httpbin.status500,DOWN,500,437,http_error,
2026-08-21T02:01:28.942725+00:00,httpbin,httpbin.status500,DOWN,500,231,http_error,
2026-08-21T02:01:29.994367+00:00,httpbin,httpbin.status500,DOWN,500,445,http_error,
2026-08-21T02:02:29.584833+00:00,httpbin,httpbin.status500,DOWN,500,270,http_error,
2026-08-21T02:02:30.530052+00:00,httpbin,httpbin.status500,DOWN,500,597,http_error,
2026-08-21T02:03:29.940591+00:00,httpbin,httpbin.status500,DOWN,500,232,http_error,
2026-08-21T02:03:30.120150+00:00,httpbin,httpbin.status500,DOWN,500,9,http_error,
2026-08-21T02:04:30.306484+00:00,httpbin,httpbin.status500,DOWN,500,400,http_error,
2026-08-21T02:04:30.766370+00:00,httpbin,httpbin.status500,DOWN,500,265,http_error,
2026-08-21T02:05:30.672383+00:00,httpbin,httpbin.status500,DOWN,500,325,http_error,
2026-08-21T02:05:31.324625+00:00,httpbin,httpbin.status500,DOWN,500,262,http_error,
2026-08-21T02:06:31.040399+00:00,httpbin,httpbin.status500,DOWN,500,271,http_error,
2026-08-21T02:06:31.962784+00:00,httpbin,httpbin.status500,DOWN,500,522,http_error,
2026-08-21T02:07:31.211817+00:00,httpbin,httpbin.status500,DOWN,500,245,http_error,
2026-08-21T02:07:32.136258+00:00,httpbin,httpbin.status500,DOWN,500,272,http_error,
2026-08-21T02:08:31.591935+00:00,httpbin,httpbin.status500,DOWN,500,229,http_error,
2026-08-21T02:08:32.498884+00:00,httpbin,httpbin.status500,DOWN,500,445,http_error,
2026-08-21T02:09:31.567294+00:00,httpbin,httpbin.status500,DOWN,500,12,http_error,
2026-08-21T02:09:32.761537+00:00,httpbin,httpbin.status500,DOWN,500,348,http_error,
2026-08-21T02:10:31.920111+00:00,httpbin,httpbin.status500,DOWN,500,201,http_error,
2026-08-21T02:10:32.830225+00:00,httpbin,httpbin.status500,DOWN,500,234,http_error,
2026-08-21T02:11:32.264031+00:00,httpbin,httpbin.status500,DOWN,500,265,http_error,
2026-08-21T02:11:33.421339+00:00,httpbin,httpbin.status500,DOWN,500,407,http_error,
2026-08-21T02:12:32.880049+00:00,httpbin,httpbin.status500,DOWN,500,210,http_error,
2026-08-21T02:12:33.189606+00:00,httpbin,httpbin.status500,DOWN,500,9,http_error,
2026-08-21T02:13:33.357104+00:00,httpbin,httpbin.status500,DOWN,500,333,http_error,
2026-08-21T02:13:33.774543+00:00,httpbin,httpbin.status500,DOWN,500,263,http_error,
2026-08-21T02:14:33.619524+00:00,httpbin,httpbin.status500,DOWN,500,233,http_error,
2026-08-21T02:14:33.732084+00:00,httpbin,httpbin.status500,DOWN,500,43,http_error,
2026-08-21T02:15:34.199445+00:00,httpbin,httpbin.status500,DOWN,500,422,http_error,
2026-08-21T02:15:34.351081+00:00,httpbin,httpbin.status500,DOWN,500,437,http_error,
2026-08-21T02:16:35.004192+00:00,httpbin,httpbin.status500,DOWN,500,435,http_error,
2026-08-21T02:16:35.119635+00:00,httpbin,httpbin.status500,DOWN,500,436,http_error,
2026-08-21T02:17:35.857297+00:00,httpbin,httpbin.status500,DOWN,500,745,http_error,
2026-08-21T02:17:35.693269+00:00,httpbin,httpbin.status500,DOWN,500,368,http_error,
2026-08-21T02:18:35.890779+00:00,httpbin,httpbin.status500,DOWN,500,325,http_error,
2026-08-21T02:18:36.181645+00:00,httpbin,httpbin.status500,DOWN,500,479,http_error,
2026-08-21T02:19:36.363088+00:00,httpbin,httpbin.status500,DOWN,500,294,http_error,
2026-08-21T02:19:36.500255+00:00,httpbin,httpbin.status500,DOWN,500,297,http_error,
2026-08-21T02:20:36.329293+00:00,httpbin,httpbin.status500,DOWN,500,21,http_error,
2026-08-21T02:20:36.915760+00:00,httpbin,httpbin.status500,DOWN,500,235,http_error,
2026-08-21T02:21:36.757500+00:00,httpbin,httpbin.status500,DOWN,500,215,http_error,
2026-08-21T02:21:37.195959+00:00,httpbin,httpbin.status500,DOWN,500,179,http_error,
2026-08-21T02:22:36.941093+00:00,httpbin,httpbin.status500,DOWN,500,185,http_error,
2026-08-21T02:22:37.527915+00:00,httpbin,httpbin.status500,DOWN,500,179,http_error,
2026-08-21T02:23:37.255411+00:00,httpbin,httpbin.status500,DOWN,500,184,http_error,
2026-08-21T02:23:37.785014+00:00,httpbin,httpbin.status500,DOWN,500,217,http_error,
2026-08-21T02:24:37.642969+00:00,httpbin,httpbin.status500,DOWN,500,234,http_error,
2026-08-21T02:24:38.133777+00:00,httpbin,httpbin.status500,DOWN,500,220,http_error,
2026-08-21T02:25:38.193317+00:00,httpbin,httpbin.status500,DOWN,500,291,http_error,
2026-08-21T02:25:38.407640+00:00,httpbin,httpbin.status500,DOWN,500,273,http_error,
2026-08-21T02:26:38.308319+00:00,httpbin,httpbin.status500,DOWN,500,195,http_error,
2026-08-21T02:26:38.795046+00:00,httpbin,httpbin.status500,DOWN,500,276,http_error,
2026-08-21T02:27:38.566041+00:00,httpbin,httpbin.status500,DOWN,500,249,http_error,
2026-08-21T02:27:39.310164+00:00,httpbin,httpbin.status500,DOWN,500,406,http_error,
2026-08-21T02:28:38.927288+00:00,httpbin,httpbin.status500,DOWN,500,218,http_error,
2026-08-21T02:28:39.556794+00:00,httpbin,httpbin.status500,DOWN,500,211,http_error,
2026-08-21T02:29:39.766089+00:00,httpbin,httpbin.status500,DOWN,500,569,http_error,
2026-08-21T02:29:40.210762+00:00,httpbin,httpbin.status500,DOWN,500,511,http_error,
2026-08-21T02:30:39.640682+00:00,httpbin,httpbin.status500,DOWN,500,206,http_error,
2026-08-21T02:30:40.464147+00:00,httpbin,httpbin.status500,DOWN,500,272,http_error,
2026-08-21T02:31:39.746141+00:00,httpbin,httpbin.status500,DOWN,500,122,http_error,
2026-08-21T02:31:40.618808+00:00,httpbin,httpbin.status500,DOWN,500,237,http_error,
2026-08-21T02:32:40.338629+00:00,httpbin,httpbin.status500,DOWN,500,319,http_error,
2026-08-21T02:32:40.605064+00:00,httpbin,httpbin.status500,DOWN,500,20,http_error,
2026-08-21T02:33:40.443782+00:00,httpbin,httpbin.status500,DOWN,500,201,http_error,
2026-08-21T02:33:41.037682+00:00,httpbin,httpbin.status500,DOWN,500,226,http_error,
2026-08-21T02:34:40.712637+00:00,httpbin,httpbin.status500,DOWN,500,246,http_error,
2026-08-21T02:34:41.531535+00:00,httpbin,httpbin.status500,DOWN,500,352,http_error,
2026-08-21T02:35:41.200429+00:00,httpbin,httpbin.status500,DOWN,500,284,http_error,
2026-08-21T02:35:41.511128+00:00,httpbin,httpbin.status500,DOWN,500,140,http_error,
2026-08-21T02:36:41.147204+00:00,httpbin,httpbin.status500,DOWN,500,51,http_error,
2026-08-21T02:36:41.887909+00:00,httpbin,httpbin.status500,DOWN,500,338,http_error,
2026-08-21T02:37:41.694470+00:00,httpbin,httpbin.status500,DOWN,500,324,http_error,
2026-08-21T02:37:42.136183+00:00,httpbin,httpbin.status500,DOWN,500,215,http_error,
2026-08-21T02:38:41.839275+00:00,httpbin,httpbin.status500,DOWN,500,240,http_error,
2026-08-21T02:38:42.657207+00:00,httpbin,httpbin.status500,DOWN,500,262,http_error,
2026-08-21T02:39:42.152130+00:00,httpbin,httpbin.status500,DOWN,500,263,http_error,
2026-08-21T02:39:42.767285+00:00,httpbin,httpbin.status500,DOWN,500,177,http_error,
2026-08-21T02:40:42.631250+00:00,httpbin,httpbin.status500,DOWN,500,296,http_error,
2026-08-21T02:40:43.336344+00:00,httpbin,httpbin.status500,DOWN,500,334,http_error,
2026-08-21T02:41:43.115485+00:00,httpbin,httpbin.status500,DOWN,500,337,http_error,
2026-08-21T02:41:43.228189+00:00,httpbin,httpbin.status500,DOWN,500,15,http_error,
2026-08-21T02:42:43.770366+00:00,httpbin,httpbin.status500,DOWN,500,515,http_error,
2026-08-21T02:42:43.836761+00:00,httpbin,httpbin.status500,DOWN,500,213,http_error,
2026-08-21T02:43:43.765626+00:00,httpbin,httpbin.status500,DOWN,500,175,http_error,
2026-08-21T02:43:44.308853+00:00,httpbin,httpbin.status500,DOWN,500,258,http_error,
2026-08-21T02:44:44.060364+00:00,httpbin,httpbin.status500,DOWN,500,228,http_error,
2026-08-21T02:44:44.697050+00:00,httpbin,httpbin.status500,DOWN,500,236,http_error,
2026-08-21T02:45:44.540244+00:00,httpbin,httpbin.status500,DOWN,500,276,http_error,
2026-08-21T02:45:44.971683+00:00,httpbin,httpbin.status500,DOWN,500,234,http_error,
2026-08-21T02:46:44.939321+00:00,httpbin,httpbin.status500,DOWN,500,274,http_error,
2026-08-21T02:46:45.387570+00:00,httpbin,httpbin.status500,DOWN,500,405,http_error,
2026-08-21T02:47:45.352979+00:00,httpbin,httpbin.status500,DOWN,500,263,http_error,
2026-08-21T02:47:45.716625+00:00,httpbin,httpbin.status500,DOWN,500,246,http_error,
2026-08-21T02:48:45.484300+00:00,httpbin,httpbin.status500,DOWN,500,190,http_error,
2026-08-21T02:48:45.675093+00:00,httpbin,httpbin.status500,DOWN,500,11,http_error,
2026-08-21T02:49:46.039384+00:00,httpbin,httpbin.status500,DOWN,500,331,http_error,
2026-08-21T02:49:46.416214+00:00,httpbin,httpbin.status500,DOWN,500,321,http_error,
2026-08-21T02:50:46.290237+00:00,httpbin,httpbin.status500,DOWN,500,211,http_error,
2026-08-21T02:50:46.750578+00:00,httpbin,httpbin.status500,DOWN,500,255,http_error,
2026-08-21T02:51:46.516379+00:00,httpbin,httpbin.status500,DOWN,500,224,http_error,
2026-08-21T02:51:46.730783+00:00,httpbin,httpbin.status500,DOWN,500,15,http_error,
2026-08-21T02:52:46.791191+00:00,httpbin,httpbin.status500,DOWN,500,279,http_error,
2026-08-21T02:52:46.984799+00:00,httpbin,httpbin.status500,DOWN,500,99,http_error,
2026-08-21T02:53:47.352154+00:00,httpbin,httpbin.status500,DOWN,500,475,http_error,
2026-08-21T02:53:47.615224+00:00,httpbin,httpbin.status500,DOWN,500,303,http_error,
2026-08-21T02:54:47.093500+00:00,httpbin,httpbin.status500,DOWN,500,9,http_error,
2026-08-21T02:54:47.535199+00:00,httpbin,httpbin.status500,DOWN,500,11,http_error,
2026-08-21T02:55:48.078939+00:00,httpbin,httpbin.status500,DOWN,500,588,http_error,
2026-08-21T02:55:48.070240+00:00,httpbin,httpbin.status500,DOWN,500,347,http_error,
2026-08-21T02:56:47.956888+00:00,httpbin,httpbin.status500,DOWN,500,239,http_error,
2026-08-21T02:56:48.289205+00:00,httpbin,httpbin.status500,DOWN,500,164,http_error,
2026-08-21T02:57:48.339797+00:00,httpbin,httpbin.status500,DOWN,500,235,http_error,
2026-08-21T02:57:48.838124+00:00,httpbin,httpbin.status500,DOWN,500,385,http_error,
2026-08-21T02:58:48.681730+00:00,httpbin,httpbin.status500,DOWN,500,235,http_error,
2026-08-21T02:58:48.974744+00:00,httpbin,httpbin.status500,DOWN,500,278,http_error,
2026-08-21T02:59:48.951389+00:00,httpbin,httpbin.status500,DOWN,500,146,http_error,
2026-08-21T02:59:49.394641+00:00,httpbin,httpbin.status500,DOWN,500,268,http_error,
2026-08-21T03:00:49.227265+00:00,httpbin,httpbin.status500,DOWN,500,232,http_error,
2026-08-21T03:00:49.800043+00:00,httpbin,httpbin.status500,DOWN,500,255,http_error,
2026-08-21T03:01:49.485910+00:00,httpbin,httpbin.status500,DOWN,500,268,http_error,
2026-08-21T03:01:49.754999+00:00,httpbin,httpbin.status500,DOWN,500,11,http_error,
2026-08-21T03:02:49.807239+00:00,httpbin,httpbin.status500,DOWN,500,211,http_error,
2026-08-21T03:02:50.386626+00:00,httpbin,httpbin.status500,DOWN,500,245,http_error,
2026-08-21T03:03:50.131955+00:00,httpbin,httpbin.status500,DOWN,500,328,http_error,
2026-08-21T03:03:50.363232+00:00,httpbin,httpbin.status500,DOWN,500,20,http_error,
2026-08-21T03:04:50.277429+00:00,httpbin,httpbin.status500,DOWN,500,264,http_error,
2026-08-21T03:04:51.340997+00:00,httpbin,httpbin.status500,DOWN,500,561,http_error,
2026-08-21T03:05:50.805289+00:00,httpbin,httpbin.status500,DOWN,500,241,http_error,
2026-08-21T03:05:51.476143+00:00,httpbin,httpbin.status500,DOWN,500,256,http_error,
2026-08-21T03:06:50.770959+00:00,httpbin,httpbin.status500,DOWN,500,9,http_error,
2026-08-21T03:06:51.887179+00:00,httpbin,httpbin.status500,DOWN,500,259,http_error,
2026-08-21T03:07:51.381363+00:00,httpbin,httpbin.status500,DOWN,500,244,http_error,
2026-08-21T03:07:52.246675+00:00,httpbin,httpbin.status500,DOWN,500,240,http_error,
2026-08-21T03:08:51.591240+00:00,httpbin,httpbin.status500,DOWN,500,177,http_error,
2026-08-21T03:08:52.768271+00:00,httpbin,httpbin.status500,DOWN,500,316,http_error,
2026-08-21T03:09:52.218851+00:00,httpbin,httpbin.status500,DOWN,500,238,http_error,
2026-08-21T03:09:52.862405+00:00,httpbin,httpbin.status500,DOWN,500,264,http_error,
2026-08-21T03:10:52.665598+00:00,httpbin,httpbin.status500,DOWN,500,235,http_error,
2026-08-21T03:10:53.149893+00:00,httpbin,httpbin.status500,DOWN,500,197,http_error,
2026-08-21T03:11:53.126222+00:00,httpbin,httpbin.status500,DOWN,500,262,http_error,
2026-08-21T03:11:53.509723+00:00,httpbin,httpbin.status500,DOWN,500,205,http_error,
2026-08-21T03:12:53.599745+00:00,httpbin,httpbin.status500,DOWN,500,222,http_error,
2026-08-21T03:12:53.897682+00:00,httpbin,httpbin.status500,DOWN,500,210,http_error,
2026-08-21T03:13:54.102097+00:00,httpbin,httpbin.status500,DOWN,500,338,http_error,
2026-08-21T03:13:54.230414+00:00,httpbin,httpbin.status500,DOWN,500,309,http_error,
2026-08-21T03:14:54.995143+00:00,httpbin,httpbin.status500,DOWN,500,390,http_error,
2026-08-21T03:14:55.150021+00:00,httpbin,httpbin.status500,DOWN,500,389,http_error,
2026-08-21T03:15:55.661309+00:00,httpbin,httpbin.status500,DOWN,500,395,http_error,
2026-08-21T03:15:56.315193+00:00,httpbin,httpbin.status500,DOWN,500,895,http_error,
2026-08-21T03:16:56.106115+00:00,httpbin,httpbin.status500,DOWN,500,332,http_error,
2026-08-21T03:16:56.323128+00:00,httpbin,httpbin.status500,DOWN,500,418,http_error,
2026-08-21T03:17:56.804090+00:00,httpbin,httpbin.status500,DOWN,500,359,http_error,
2026-08-21T03:17:56.970541+00:00,httpbin,httpbin.status500,DOWN,500,312,http_error,
2026-08-21T03:18:57.087444+00:00,httpbin,httpbin.status500,DOWN,500,267,http_error,
2026-08-21T03:18:57.349283+00:00,httpbin,httpbin.status500,DOWN,500,273,http_error,
2026-08-21T03:19:57.278572+00:00,httpbin,httpbin.status500,DOWN,500,158,http_error,
2026-08-21T03:19:57.565617+00:00,httpbin,httpbin.status500,DOWN,500,255,http_error,
2026-08-21T03:20:58.069144+00:00,httpbin,httpbin.status500,DOWN,500,368,http_error,
2026-08-21T03:20:58.217285+00:00,httpbin,httpbin.status500,DOWN,500,346,http_error,
2026-08-21T03:21:58.219202+00:00,httpbin,httpbin.status500,DOWN,500,245,http_error,
2026-08-21T03:21:58.612274+00:00,httpbin,httpbin.status500,DOWN,500,233,http_error,
2026-08-21T03:22:58.474056+00:00,httpbin,httpbin.status500,DOWN,500,255,http_error,
2026-08-21T03:22:58.778898+00:00,httpbin,httpbin.status500,DOWN,500,200,http_error,
2026-08-21T03:23:59.303247+00:00,httpbin,httpbin.status500,DOWN,500,212,http_error,
2026-08-21T03:23:59.599399+00:00,httpbin,httpbin.status500,DOWN,500,1112,http_error,
2026-08-21T03:24:59.170939+00:00,httpbin,httpbin.status500,DOWN,500,189,http_error,
2026-08-21T03:24:59.579144+00:00,httpbin,httpbin.status500,DOWN,500,209,http_error,
2026-08-21T03:25:59.459180+00:00,httpbin,httpbin.status500,DOWN,500,203,http_error,
2026-08-21T03:25:59.764316+00:00,httpbin,httpbin.status500,DOWN,500,11,http_error,
2026-08-21T03:26:59.714197+00:00,httpbin,httpbin.status500,DOWN,500,176,http_error,
2026-08-21T03:27:00.260393+00:00,httpbin,httpbin.status500,DOWN,500,283,http_error,
2026-08-21T03:28:00.595233+00:00,httpbin,httpbin.status500,DOWN,500,558,http_error,
2026-08-21T03:28:00.789885+00:00,httpbin,httpbin.status500,DOWN,500,444,http_error,
2026-08-21T03:29:00.738753+00:00,httpbin,httpbin.status500,DOWN,500,375,http_error,
2026-08-21T03:29:00.927241+00:00,httpbin,httpbin.status500,DOWN,500,151,http_error,
2026-08-21T03:30:01.775094+00:00,httpbin,httpbin.status500,DOWN,500,580,http_error,
2026-08-21T03:30:01.631274+00:00,httpbin,httpbin.status500,DOWN,500,1014,http_error,
2026-08-21T03:31:02.122666+00:00,httpbin,httpbin.status500,DOWN,500,520,http_error,
2026-08-21T03:31:02.147569+00:00,httpbin,httpbin.status500,DOWN,500,269,http_error,
2026-08-21T03:32:02.215110+00:00,httpbin,httpbin.status500,DOWN,500,346,http_error,
2026-08-21T03:32:02.679679+00:00,httpbin,httpbin.status500,DOWN,500,318,http_error,
2026-08-21T03:33:02.378873+00:00,httpbin,httpbin.status500,DOWN,500,12,http_error,
2026-08-21T03:33:03.168967+00:00,httpbin,httpbin.status500,DOWN,500,322,http_error,
2026-08-21T03:34:02.822400+00:00,httpbin,httpbin.status500,DOWN,500,222,http_error,
2026-08-21T03:34:03.138182+00:00,httpbin,httpbin.status500,DOWN,500,70,http_error,
2026-08-21T03:35:03.231782+00:00,httpbin,httpbin.status500,DOWN,500,429,http_error,
2026-08-21T03:35:03.797314+00:00,httpbin,httpbin.status500,DOWN,500,506,http_error,
2026-08-21T03:36:03.355858+00:00,httpbin,httpbin.status500,DOWN,500,263,http_error,
2026-08-21T03:36:03.567020+00:00,httpbin,httpbin.status500,DOWN,500,8,http_error,
2026-08-21T03:37:03.598211+00:00,httpbin,httpbin.status500,DOWN,500,68,http_error,
2026-08-21T03:37:04.174051+00:00,httpbin,httpbin.status500,DOWN,500,407,http_error,
2026-08-21T03:38:04.078665+00:00,httpbin,httpbin.status500,DOWN,500,301,http_error,
2026-08-21T03:38:04.286407+00:00,httpbin,httpbin.status500,DOWN,500,229,http_error,
2026-08-21T03:39:04.196279+00:00,httpbin,httpbin.status500,DOWN,500,182,http_error,
2026-08-21T03:39:04.532215+00:00,httpbin,httpbin.status500,DOWN,500,267,http_error,
2026-08-21T03:40:04.917318+00:00,httpbin,httpbin.status500,DOWN,500,481,http_error,
2026-08-21T03:40:05.757600+00:00,httpbin,httpbin.status500,DOWN,500,1185,http_error,
2026-08-21T03:41:05.653136+00:00,httpbin,httpbin.status500,DOWN,500,415,http_error,
2026-08-21T03:41:05.715931+00:00,httpbin,httpbin.status500,DOWN,500,394,http_error,
2026-08-21T03:42:06.614084+00:00,httpbin,httpbin.status500,DOWN,500,690,http_error,
2026-08-21T03:42:06.607614+00:00,httpbin,httpbin.status500,DOWN,500,537,http_error,
