# version: 2
# schema: timestamp,site_id,domain_id,domain_status,http_status,latency_ms,failure_type,protection_type
timestamp,site_id,domain_id,domain_status,http_status,latency_ms,failure_type,protection_type
2026-10-06T01:38:12.891048+00:00,Others,Others.epublibre,UP,200,573,,
2026-10-06T01:39:12.397220+00:00,Others,Others.epublibre,UP,200,565,,
2026-10-06T01:40:12.480146+00:00,Others,Others.epublibre,UP,200,580,,
2026-10-06T01:41:12.724462+00:00,Others,Others.epublibre,UP,200,593,,
2026-10-06T01:42:14.542572+00:00,Others,Others.epublibre,UP,200,599,,
2026-10-06T01:43:13.962697+00:00,Others,Others.epublibre,UP,200,540,,
2026-10-06T01:44:14.521022+00:00,Others,Others.epublibre,UP,200,535,,
2026-10-06T01:45:14.579879+00:00,Others,Others.epublibre,UP,200,570,,
2026-10-06T01:46:15.706581+00:00,Others,Others.epublibre,UP,200,612,,
2026-10-06T01:47:16.531210+00:00,Others,Others.epublibre,UP,200,528,,
2026-10-06T01:48:16.537858+00:00,Others,Others.epublibre,UP,200,530,,
2026-10-06T01:49:16.816401+00:00,Others,Others.epublibre,UP,200,560,,
2026-10-06T01:50:17.272254+00:00,Others,Others.epublibre,UP,200,526,,
2026-10-06T01:51:18.204549+00:00,Others,Others.epublibre,UP,200,599,,
2026-10-06T01:52:18.183937+00:00,Others,Others.epublibre,UP,200,530,,
2026-10-06T01:53:18.524186+00:00,Others,Others.epublibre,UP,200,517,,
2026-10-06T01:54:19.360036+00:00,Others,Others.epublibre,UP,200,551,,
2026-10-06T01:55:20.287520+00:00,Others,Others.epublibre,UP,200,629,,
2026-10-06T01:56:20.491058+00:00,Others,Others.epublibre,UP,200,547,,
2026-10-06T01:57:20.733457+00:00,Others,Others.epublibre,UP,200,533,,
2026-10-06T01:58:20.974966+00:00,Others,Others.epublibre,UP,200,531,,
2026-10-06T01:59:21.817494+00:00,Others,Others.epublibre,UP,200,598,,
2026-10-06T02:00:22.416595+00:00,Others,Others.epublibre,UP,200,546,,
2026-10-06T02:01:22.637389+00:00,Others,Others.epublibre,UP,200,537,,
2026-10-06T02:02:22.980750+00:00,Others,Others.epublibre,UP,200,566,,
2026-10-06T02:03:34.769750+00:00,Others,Others.epublibre,DEGRADED,200,11835,latency_high,
2026-10-06T02:04:23.638012+00:00,Others,Others.epublibre,UP,200,563,,
2026-10-06T02:05:23.826897+00:00,Others,Others.epublibre,UP,200,538,,
2026-10-06T02:06:24.757489+00:00,Others,Others.epublibre,UP,200,600,,
2026-10-06T02:07:25.640239+00:00,Others,Others.epublibre,UP,200,642,,
2026-10-06T02:08:26.167306+00:00,Others,Others.epublibre,UP,200,523,,
2026-10-06T02:09:26.702592+00:00,Others,Others.epublibre,UP,200,543,,
2026-10-06T02:10:27.052902+00:00,Others,Others.epublibre,UP,200,554,,
2026-10-06T02:11:27.325208+00:00,Others,Others.epublibre,UP,200,542,,
2026-10-06T02:12:27.988173+00:00,Others,Others.epublibre,UP,200,562,,
2026-10-06T02:13:28.756264+00:00,Others,Others.epublibre,UP,200,529,,
2026-10-06T02:14:28.745747+00:00,Others,Others.epublibre,UP,200,527,,
2026-10-06T02:15:28.988979+00:00,Others,Others.epublibre,UP,200,537,,
2026-10-06T02:16:29.958725+00:00,Others,Others.epublibre,UP,200,698,,
2026-10-06T02:17:30.099907+00:00,Others,Others.epublibre,UP,200,547,,
2026-10-06T02:18:30.941360+00:00,Others,Others.epublibre,UP,200,598,,
2026-10-06T02:19:31.605613+00:00,Others,Others.epublibre,UP,200,712,,
2026-10-06T02:20:32.025593+00:00,Others,Others.epublibre,UP,200,586,,
2026-10-06T02:21:32.772210+00:00,Others,Others.epublibre,UP,200,573,,
2026-10-06T02:22:33.172401+00:00,Others,Others.epublibre,UP,200,551,,
2026-10-06T02:23:33.134649+00:00,Others,Others.epublibre,UP,200,132,,
2026-10-06T02:24:34.089680+00:00,Others,Others.epublibre,UP,200,589,,
2026-10-06T02:25:34.648515+00:00,Others,Others.epublibre,UP,200,506,,
2026-10-06T02:26:35.154470+00:00,Others,Others.epublibre,UP,200,541,,
2026-10-06T02:27:35.130460+00:00,Others,Others.epublibre,UP,200,134,,
2026-10-06T02:28:37.331366+00:00,Others,Others.epublibre,UP,200,1475,,
2026-10-06T02:29:36.488396+00:00,Others,Others.epublibre,UP,200,134,,
2026-10-06T02:30:37.601079+00:00,Others,Others.epublibre,UP,200,525,,
2026-10-06T02:31:38.377565+00:00,Others,Others.epublibre,UP,200,625,,
2026-10-06T02:32:38.644073+00:00,Others,Others.epublibre,UP,200,542,,
2026-10-06T02:33:39.207066+00:00,Others,Others.epublibre,UP,200,532,,
2026-10-06T02:34:39.492000+00:00,Others,Others.epublibre,UP,200,131,,
2026-10-06T02:35:40.397579+00:00,Others,Others.epublibre,UP,200,900,,
2026-10-06T02:36:40.294089+00:00,Others,Others.epublibre,UP,200,560,,
2026-10-06T02:37:41.265229+00:00,Others,Others.epublibre,UP,200,547,,
2026-10-06T02:38:43.671939+00:00,Others,Others.epublibre,UP,200,2070,,
2026-10-06T02:39:42.293519+00:00,Others,Others.epublibre,UP,200,529,,
2026-10-06T02:40:42.844418+00:00,Others,Others.epublibre,UP,200,138,,
2026-10-06T02:41:43.866915+00:00,Others,Others.epublibre,UP,200,543,,
2026-10-06T02:42:44.376870+00:00,Others,Others.epublibre,UP,200,574,,
2026-10-06T02:43:45.128269+00:00,Others,Others.epublibre,UP,200,561,,
2026-10-06T02:44:45.504738+00:00,Others,Others.epublibre,UP,200,555,,
2026-10-06T02:45:45.313021+00:00,Others,Others.epublibre,UP,200,136,,
2026-10-06T02:46:46.037613+00:00,Others,Others.epublibre,UP,200,563,,
2026-10-06T02:47:46.407723+00:00,Others,Others.epublibre,UP,200,540,,
2026-10-06T02:48:46.676106+00:00,Others,Others.epublibre,UP,200,559,,
2026-10-06T02:49:46.923217+00:00,Others,Others.epublibre,UP,200,559,,
2026-10-06T02:50:47.911435+00:00,Others,Others.epublibre,UP,200,611,,
2026-10-06T02:51:48.013941+00:00,Others,Others.epublibre,UP,200,128,,
2026-10-06T02:52:48.775632+00:00,Others,Others.epublibre,UP,200,530,,
2026-10-06T02:53:49.473836+00:00,Others,Others.epublibre,UP,200,558,,
2026-10-06T02:54:49.647165+00:00,Others,Others.epublibre,UP,200,130,,
2026-10-06T02:55:50.359796+00:00,Others,Others.epublibre,UP,200,593,,
2026-10-06T02:56:51.070440+00:00,Others,Others.epublibre,UP,200,603,,
2026-10-06T02:57:51.629226+00:00,Others,Others.epublibre,UP,200,548,,
2026-10-06T02:58:51.123694+00:00,Others,Others.epublibre,UP,200,135,,
2026-10-06T02:59:52.649516+00:00,Others,Others.epublibre,UP,200,1102,,
2026-10-06T03:00:52.529891+00:00,Others,Others.epublibre,UP,200,543,,
2026-10-06T03:01:52.812256+00:00,Others,Others.epublibre,UP,200,533,,
2026-10-06T03:02:53.081311+00:00,Others,Others.epublibre,UP,200,132,,
2026-10-06T03:03:54.534007+00:00,Others,Others.epublibre,UP,200,767,,
2026-10-06T03:04:54.574024+00:00,Others,Others.epublibre,UP,200,574,,
2026-10-06T03:05:55.152358+00:00,Others,Others.epublibre,UP,200,541,,
2026-10-06T03:06:55.229614+00:00,Others,Others.epublibre,UP,200,135,,
2026-10-06T03:07:56.282132+00:00,Others,Others.epublibre,UP,200,755,,
2026-10-06T03:08:56.731182+00:00,Others,Others.epublibre,UP,200,128,,
2026-10-06T03:09:57.418844+00:00,Others,Others.epublibre,UP,200,571,,
2026-10-06T03:10:58.039517+00:00,Others,Others.epublibre,UP,200,132,,
2026-10-06T03:11:59.222372+00:00,Others,Others.epublibre,UP,200,529,,
2026-10-06T03:12:59.042206+00:00,Others,Others.epublibre,UP,200,137,,
2026-10-06T03:13:59.701413+00:00,Others,Others.epublibre,UP,200,131,,
2026-10-06T03:15:01.264794+00:00,Others,Others.epublibre,UP,200,774,,
2026-10-06T03:16:01.542468+00:00,Others,Others.epublibre,UP,200,657,,
2026-10-06T03:17:02.649769+00:00,Others,Others.epublibre,UP,200,615,,
2026-10-06T03:18:03.547724+00:00,Others,Others.epublibre,UP,200,702,,
2026-10-06T03:19:04.361775+00:00,Others,Others.epublibre,UP,200,528,,
2026-10-06T03:20:04.943544+00:00,Others,Others.epublibre,UP,200,542,,
2026-10-06T03:21:04.493711+00:00,Others,Others.epublibre,UP,200,131,,
2026-10-06T03:22:05.396942+00:00,Others,Others.epublibre,UP,200,515,,
2026-10-06T03:23:06.780448+00:00,Others,Others.epublibre,UP,200,1330,,
2026-10-06T03:24:06.833381+00:00,Others,Others.epublibre,UP,200,536,,
2026-10-06T03:25:07.052871+00:00,Others,Others.epublibre,UP,200,144,,
2026-10-06T03:26:07.001716+00:00,Others,Others.epublibre,UP,200,134,,
2026-10-06T03:27:07.717333+00:00,Others,Others.epublibre,UP,200,534,,
2026-10-06T03:28:08.984334+00:00,Others,Others.epublibre,UP,200,636,,
2026-10-06T03:29:09.293811+00:00,Others,Others.epublibre,UP,200,536,,
2026-10-06T03:30:09.855551+00:00,Others,Others.epublibre,UP,200,589,,
2026-10-06T03:31:10.379109+00:00,Others,Others.epublibre,UP,200,575,,
2026-10-06T03:32:11.176503+00:00,Others,Others.epublibre,UP,200,597,,
2026-10-06T03:33:12.013138+00:00,Others,Others.epublibre,UP,200,561,,
2026-10-06T03:34:12.061150+00:00,Others,Others.epublibre,UP,200,133,,
2026-10-06T03:35:12.649315+00:00,Others,Others.epublibre,UP,200,566,,
2026-10-06T03:36:13.533216+00:00,Others,Others.epublibre,UP,200,591,,
2026-10-06T03:37:14.094753+00:00,Others,Others.epublibre,UP,200,621,,
2026-10-06T03:38:14.130315+00:00,Others,Others.epublibre,UP,200,538,,
2026-10-06T03:39:15.003489+00:00,Others,Others.epublibre,UP,200,634,,
2026-10-06T03:40:15.686919+00:00,Others,Others.epublibre,UP,200,523,,
2026-10-06T03:41:16.021363+00:00,Others,Others.epublibre,UP,200,560,,
2026-10-06T03:42:16.258144+00:00,Others,Others.epublibre,UP,200,571,,
2026-10-06T03:43:17.053996+00:00,Others,Others.epublibre,UP,200,567,,
2026-10-06T03:44:17.394823+00:00,Others,Others.epublibre,UP,200,513,,
2026-10-06T03:45:18.285749+00:00,Others,Others.epublibre,UP,200,530,,
2026-10-06T03:46:18.303467+00:00,Others,Others.epublibre,UP,200,520,,
2026-10-06T03:47:19.042512+00:00,Others,Others.epublibre,UP,200,581,,
2026-10-06T03:48:19.171698+00:00,Others,Others.epublibre,UP,200,140,,
2026-10-06T03:49:20.504365+00:00,Others,Others.epublibre,UP,200,561,,
2026-10-06T03:50:20.114323+00:00,Others,Others.epublibre,UP,200,143,,
2026-10-06T03:51:21.603535+00:00,Others,Others.epublibre,UP,200,589,,
2026-10-06T03:52:22.163025+00:00,Others,Others.epublibre,UP,200,541,,
2026-10-06T03:53:22.241452+00:00,Others,Others.epublibre,UP,200,133,,
2026-10-06T03:54:22.770196+00:00,Others,Others.epublibre,UP,200,544,,
2026-10-06T03:55:23.777804+00:00,Others,Others.epublibre,UP,200,634,,
2026-10-06T03:56:32.220185+00:00,Others,Others.epublibre,DEGRADED,200,9043,latency_high,
2026-10-06T03:57:25.039968+00:00,Others,Others.epublibre,UP,200,534,,
2026-10-06T03:58:24.846694+00:00,Others,Others.epublibre,UP,200,547,,
2026-10-06T03:59:25.134883+00:00,Others,Others.epublibre,UP,200,535,,
2026-10-06T04:00:26.024851+00:00,Others,Others.epublibre,UP,200,552,,
2026-10-06T04:01:26.654891+00:00,Others,Others.epublibre,UP,200,545,,
2026-10-06T04:02:27.486654+00:00,Others,Others.epublibre,UP,200,641,,
2026-10-06T04:03:28.088915+00:00,Others,Others.epublibre,UP,200,576,,
2026-10-06T04:04:28.483683+00:00,Others,Others.epublibre,UP,200,602,,
2026-10-06T04:05:29.334692+00:00,Others,Others.epublibre,UP,200,594,,
2026-10-06T04:06:29.346379+00:00,Others,Others.epublibre,UP,200,134,,
2026-10-06T04:07:30.766907+00:00,Others,Others.epublibre,UP,200,686,,
2026-10-06T04:08:32.171227+00:00,Others,Others.epublibre,UP,200,774,,
2026-10-06T04:09:31.791737+00:00,Others,Others.epublibre,UP,200,512,,
2026-10-06T04:10:32.539049+00:00,Others,Others.epublibre,UP,200,575,,
2026-10-06T04:11:33.179250+00:00,Others,Others.epublibre,UP,200,548,,
2026-10-06T04:12:33.795615+00:00,Others,Others.epublibre,UP,200,610,,
2026-10-06T04:13:34.231976+00:00,Others,Others.epublibre,UP,200,515,,
2026-10-06T04:14:34.704534+00:00,Others,Others.epublibre,UP,200,559,,
2026-10-06T04:15:35.240823+00:00,Others,Others.epublibre,UP,200,740,,
2026-10-06T04:16:35.791386+00:00,Others,Others.epublibre,UP,200,639,,
2026-10-06T04:17:36.600663+00:00,Others,Others.epublibre,UP,200,539,,
2026-10-06T04:18:37.228664+00:00,Others,Others.epublibre,UP,200,554,,
2026-10-06T04:19:36.964462+00:00,Others,Others.epublibre,UP,200,130,,
2026-10-06T04:20:38.287651+00:00,Others,Others.epublibre,UP,200,665,,
2026-10-06T04:21:38.562464+00:00,Others,Others.epublibre,UP,200,523,,
2026-10-06T04:22:38.916804+00:00,Others,Others.epublibre,UP,200,539,,
2026-10-06T04:23:39.376594+00:00,Others,Others.epublibre,UP,200,135,,
2026-10-06T04:24:40.389529+00:00,Others,Others.epublibre,UP,200,522,,
2026-10-06T04:25:41.515376+00:00,Others,Others.epublibre,UP,200,618,,
2026-10-06T04:26:41.765484+00:00,Others,Others.epublibre,UP,200,512,,
2026-10-06T04:27:42.400239+00:00,Others,Others.epublibre,UP,200,644,,
2026-10-06T04:28:42.939252+00:00,Others,Others.epublibre,UP,200,549,,
2026-10-06T04:29:43.569440+00:00,Others,Others.epublibre,UP,200,619,,
2026-10-06T04:30:44.053629+00:00,Others,Others.epublibre,UP,200,552,,
2026-10-06T04:31:44.812305+00:00,Others,Others.epublibre,UP,200,539,,
2026-10-06T04:32:44.842906+00:00,Others,Others.epublibre,UP,200,536,,
2026-10-06T04:33:45.596823+00:00,Others,Others.epublibre,UP,200,540,,
2026-10-06T04:34:46.567470+00:00,Others,Others.epublibre,UP,200,640,,
2026-10-06T04:35:47.076025+00:00,Others,Others.epublibre,UP,200,551,,
2026-10-06T04:36:47.103190+00:00,Others,Others.epublibre,UP,200,535,,
2026-10-06T04:37:47.852831+00:00,Others,Others.epublibre,UP,200,544,,
2026-10-06T04:38:48.653208+00:00,Others,Others.epublibre,UP,200,548,,
2026-10-06T04:39:48.946971+00:00,Others,Others.epublibre,UP,200,589,,
2026-10-06T04:40:49.409672+00:00,Others,Others.epublibre,UP,200,521,,
2026-10-06T04:41:50.361673+00:00,Others,Others.epublibre,UP,200,583,,
2026-10-06T04:42:50.553562+00:00,Others,Others.epublibre,UP,200,535,,
2026-10-06T04:43:50.954441+00:00,Others,Others.epublibre,UP,200,535,,
2026-10-06T04:44:51.055132+00:00,Others,Others.epublibre,UP,200,124,,
2026-10-06T04:45:52.337251+00:00,Others,Others.epublibre,UP,200,527,,
2026-10-06T04:46:51.799304+00:00,Others,Others.epublibre,UP,200,565,,
2026-10-06T04:47:52.661115+00:00,Others,Others.epublibre,UP,200,556,,
2026-10-06T04:48:53.167152+00:00,Others,Others.epublibre,UP,200,539,,
2026-10-06T04:49:54.312415+00:00,Others,Others.epublibre,UP,200,737,,
2026-10-06T04:50:55.051489+00:00,Others,Others.epublibre,UP,200,568,,
2026-10-06T04:51:55.407709+00:00,Others,Others.epublibre,UP,200,553,,
2026-10-06T04:52:56.182412+00:00,Others,Others.epublibre,UP,200,133,,
2026-10-06T04:53:56.040839+00:00,Others,Others.epublibre,UP,200,132,,
2026-10-06T04:54:57.119684+00:00,Others,Others.epublibre,UP,200,542,,
2026-10-06T04:55:57.188809+00:00,Others,Others.epublibre,UP,200,552,,
2026-10-06T04:56:57.711674+00:00,Others,Others.epublibre,UP,200,528,,
2026-10-06T04:57:58.287000+00:00,Others,Others.epublibre,UP,200,560,,
2026-10-06T04:58:58.625512+00:00,Others,Others.epublibre,UP,200,546,,
2026-10-06T04:59:58.776500+00:00,Others,Others.epublibre,UP,200,656,,
2026-10-06T05:00:59.804564+00:00,Others,Others.epublibre,UP,200,547,,
2026-10-06T05:02:00.329504+00:00,Others,Others.epublibre,UP,200,143,,
2026-10-06T05:03:00.886998+00:00,Others,Others.epublibre,UP,200,568,,
2026-10-06T05:04:01.625213+00:00,Others,Others.epublibre,UP,200,562,,
2026-10-06T05:05:02.247807+00:00,Others,Others.epublibre,UP,200,815,,
2026-10-06T05:06:02.780719+00:00,Others,Others.epublibre,UP,200,594,,
2026-10-06T05:07:03.509213+00:00,Others,Others.epublibre,UP,200,585,,
2026-10-06T05:08:04.301294+00:00,Others,Others.epublibre,UP,200,526,,
2026-10-06T05:09:04.591451+00:00,Others,Others.epublibre,UP,200,552,,
2026-10-06T05:10:04.925912+00:00,Others,Others.epublibre,UP,200,547,,
2026-10-06T05:11:05.302579+00:00,Others,Others.epublibre,UP,200,157,,
2026-10-06T05:12:06.457371+00:00,Others,Others.epublibre,UP,200,551,,
2026-10-06T05:13:06.450707+00:00,Others,Others.epublibre,UP,200,133,,
2026-10-06T05:14:06.928239+00:00,Others,Others.epublibre,UP,200,141,,
2026-10-06T05:15:07.781298+00:00,Others,Others.epublibre,UP,200,700,,
2026-10-06T05:16:08.719208+00:00,Others,Others.epublibre,UP,200,958,,
2026-10-06T05:17:09.571038+00:00,Others,Others.epublibre,UP,200,754,,
2026-10-06T05:18:09.479298+00:00,Others,Others.epublibre,UP,200,173,,
2026-10-06T05:19:10.089488+00:00,Others,Others.epublibre,UP,200,580,,
2026-10-06T05:20:10.744023+00:00,Others,Others.epublibre,UP,200,530,,
2026-10-06T05:21:11.561502+00:00,Others,Others.epublibre,UP,200,721,,
2026-10-06T05:22:12.087455+00:00,Others,Others.epublibre,UP,200,515,,
2026-10-06T05:23:12.684548+00:00,Others,Others.epublibre,UP,200,527,,
2026-10-06T05:24:13.069969+00:00,Others,Others.epublibre,UP,200,535,,
2026-10-06T05:25:15.873533+00:00,Others,Others.epublibre,UP,200,2871,,
2026-10-06T05:26:14.455223+00:00,Others,Others.epublibre,UP,200,512,,
2026-10-06T05:27:14.513690+00:00,Others,Others.epublibre,UP,200,129,,
2026-10-06T05:28:15.217708+00:00,Others,Others.epublibre,UP,200,537,,
2026-10-06T05:29:15.740879+00:00,Others,Others.epublibre,UP,200,663,,
2026-10-06T05:30:16.523854+00:00,Others,Others.epublibre,UP,200,543,,
2026-10-06T05:31:16.894347+00:00,Others,Others.epublibre,UP,200,554,,
2026-10-06T05:32:18.017786+00:00,Others,Others.epublibre,UP,200,566,,
2026-10-06T05:33:18.234909+00:00,Others,Others.epublibre,UP,200,147,,
2026-10-06T05:34:18.883540+00:00,Others,Others.epublibre,UP,200,566,,
2026-10-06T05:35:19.573618+00:00,Others,Others.epublibre,UP,200,555,,
2026-10-06T05:36:19.931449+00:00,Others,Others.epublibre,UP,200,639,,
2026-10-06T05:37:20.552111+00:00,Others,Others.epublibre,UP,200,563,,
2026-10-06T05:38:20.806346+00:00,Others,Others.epublibre,UP,200,523,,
2026-10-06T05:39:21.186609+00:00,Others,Others.epublibre,UP,200,561,,
2026-10-06T05:40:22.256474+00:00,Others,Others.epublibre,UP,200,594,,
2026-10-06T05:41:22.758946+00:00,Others,Others.epublibre,UP,200,581,,
2026-10-06T05:42:23.054093+00:00,Others,Others.epublibre,UP,200,536,,
2026-10-06T05:43:23.692753+00:00,Others,Others.epublibre,UP,200,515,,
2026-10-06T05:44:23.881703+00:00,Others,Others.epublibre,UP,200,132,,
2026-10-06T05:45:24.807957+00:00,Others,Others.epublibre,UP,200,844,,
2026-10-06T05:46:25.362624+00:00,Others,Others.epublibre,UP,200,560,,
2026-10-06T05:47:25.652596+00:00,Others,Others.epublibre,UP,200,537,,
2026-10-06T05:48:26.622529+00:00,Others,Others.epublibre,UP,200,636,,
2026-10-06T05:49:27.153720+00:00,Others,Others.epublibre,UP,200,689,,
2026-10-06T05:50:28.390260+00:00,Others,Others.epublibre,UP,200,634,,
2026-10-06T05:51:28.580327+00:00,Others,Others.epublibre,UP,200,547,,
2026-10-06T05:52:29.161161+00:00,Others,Others.epublibre,UP,200,540,,
2026-10-06T05:53:30.192642+00:00,Others,Others.epublibre,UP,200,649,,
2026-10-06T05:54:30.881528+00:00,Others,Others.epublibre,UP,200,575,,
2026-10-06T05:55:31.116352+00:00,Others,Others.epublibre,UP,200,534,,
2026-10-06T05:56:31.950172+00:00,Others,Others.epublibre,UP,200,655,,
2026-10-06T05:57:32.790775+00:00,Others,Others.epublibre,UP,200,538,,
2026-10-06T05:58:33.207649+00:00,Others,Others.epublibre,UP,200,567,,
2026-10-06T05:59:33.111855+00:00,Others,Others.epublibre,UP,200,509,,
2026-10-06T06:00:34.476706+00:00,Others,Others.epublibre,UP,200,672,,
2026-10-06T06:01:34.762536+00:00,Others,Others.epublibre,UP,200,687,,
2026-10-06T06:02:35.401750+00:00,Others,Others.epublibre,UP,200,554,,
2026-10-06T06:03:35.786980+00:00,Others,Others.epublibre,UP,200,538,,
2026-10-06T06:04:36.514510+00:00,Others,Others.epublibre,UP,200,561,,
2026-10-06T06:05:37.609519+00:00,Others,Others.epublibre,UP,200,592,,
2026-10-06T06:06:38.337727+00:00,Others,Others.epublibre,UP,200,554,,
2026-10-06T06:07:38.936200+00:00,Others,Others.epublibre,UP,200,557,,
2026-10-06T06:08:39.082586+00:00,Others,Others.epublibre,UP,200,525,,
2026-10-06T06:09:39.734850+00:00,Others,Others.epublibre,UP,200,536,,
2026-10-06T06:10:40.017419+00:00,Others,Others.epublibre,UP,200,131,,
2026-10-06T06:11:41.193726+00:00,Others,Others.epublibre,UP,200,535,,
2026-10-06T06:12:42.015065+00:00,Others,Others.epublibre,UP,200,523,,
2026-10-06T06:13:42.687197+00:00,Others,Others.epublibre,UP,200,551,,
2026-10-06T06:14:43.390308+00:00,Others,Others.epublibre,UP,200,530,,
2026-10-06T06:15:43.107886+00:00,Others,Others.epublibre,UP,200,134,,
2026-10-06T06:16:44.917989+00:00,Others,Others.epublibre,UP,200,593,,
2026-10-06T06:17:44.636767+00:00,Others,Others.epublibre,UP,200,139,,
2026-10-06T06:18:45.805828+00:00,Others,Others.epublibre,UP,200,557,,
2026-10-06T06:19:46.443037+00:00,Others,Others.epublibre,UP,200,578,,
2026-10-06T06:20:46.951609+00:00,Others,Others.epublibre,UP,200,611,,
2026-10-06T06:21:47.992420+00:00,Others,Others.epublibre,UP,200,609,,
2026-10-06T06:22:48.533087+00:00,Others,Others.epublibre,UP,200,603,,
2026-10-06T06:23:49.695828+00:00,Others,Others.epublibre,UP,200,615,,
2026-10-06T06:24:49.905585+00:00,Others,Others.epublibre,UP,200,556,,
2026-10-06T06:25:50.840646+00:00,Others,Others.epublibre,UP,200,685,,
2026-10-06T06:26:51.467948+00:00,Others,Others.epublibre,UP,200,542,,
2026-10-06T06:27:52.134379+00:00,Others,Others.epublibre,UP,200,535,,
2026-10-06T06:28:52.837017+00:00,Others,Others.epublibre,UP,200,538,,
2026-10-06T06:29:53.107551+00:00,Others,Others.epublibre,UP,200,537,,
2026-10-06T06:30:54.155875+00:00,Others,Others.epublibre,UP,200,631,,
2026-10-06T06:31:55.065741+00:00,Others,Others.epublibre,UP,200,570,,
2026-10-06T06:32:55.984244+00:00,Others,Others.epublibre,UP,200,563,,
2026-10-06T06:33:55.954901+00:00,Others,Others.epublibre,UP,200,565,,
2026-10-06T06:34:56.931732+00:00,Others,Others.epublibre,UP,200,656,,
2026-10-06T06:35:57.924744+00:00,Others,Others.epublibre,UP,200,550,,
2026-10-06T06:36:58.497182+00:00,Others,Others.epublibre,UP,200,605,,
2026-10-06T06:37:58.233366+00:00,Others,Others.epublibre,UP,200,131,,
2026-10-06T06:38:58.578397+00:00,Others,Others.epublibre,UP,200,580,,
2026-10-06T06:39:58.772904+00:00,Others,Others.epublibre,UP,200,548,,
2026-10-06T06:40:58.787459+00:00,Others,Others.epublibre,UP,200,579,,
2026-10-06T06:41:59.160725+00:00,Others,Others.epublibre,UP,200,534,,
2026-10-06T06:42:59.210120+00:00,Others,Others.epublibre,UP,200,512,,
2026-10-06T06:43:59.278909+00:00,Others,Others.epublibre,UP,200,560,,
