# version: 2
# schema: timestamp,site_id,domain_id,domain_status,http_status,latency_ms,failure_type,protection_type
timestamp,site_id,domain_id,domain_status,http_status,latency_ms,failure_type,protection_type
2026-09-28T01:23:24.920595+00:00,Annas-Archive,Annas-Archive.gd,PROTECTED,200,622,,DDoS-Guard
2026-09-28T01:24:25.189144+00:00,Annas-Archive,Annas-Archive.gd,PROTECTED,200,746,,DDoS-Guard
2026-09-28T01:25:25.605940+00:00,Annas-Archive,Annas-Archive.gd,PROTECTED,200,892,,DDoS-Guard
2026-09-28T01:26:26.468770+00:00,Annas-Archive,Annas-Archive.gd,PROTECTED,200,1085,,DDoS-Guard
2026-09-28T01:27:26.495080+00:00,Annas-Archive,Annas-Archive.gd,PROTECTED,200,952,,DDoS-Guard
2026-09-28T01:28:26.498048+00:00,Annas-Archive,Annas-Archive.gd,PROTECTED,200,731,,DDoS-Guard
2026-09-28T01:29:26.530608+00:00,Annas-Archive,Annas-Archive.gd,PROTECTED,200,621,,DDoS-Guard
2026-09-28T01:30:28.913906+00:00,Annas-Archive,Annas-Archive.gd,PROTECTED,200,2283,,DDoS-Guard
2026-09-28T01:31:29.126441+00:00,Annas-Archive,Annas-Archive.gd,PROTECTED,200,1823,,DDoS-Guard
2026-09-28T01:32:28.235624+00:00,Annas-Archive,Annas-Archive.gd,PROTECTED,200,735,,DDoS-Guard
2026-09-28T01:33:30.851522+00:00,Annas-Archive,Annas-Archive.gd,PROTECTED,200,2872,,DDoS-Guard
2026-09-28T01:34:30.701019+00:00,Annas-Archive,Annas-Archive.gd,PROTECTED,200,2384,,DDoS-Guard
2026-09-28T01:35:30.965788+00:00,Annas-Archive,Annas-Archive.gd,PROTECTED,200,2053,,DDoS-Guard
2026-09-28T01:36:30.375715+00:00,Annas-Archive,Annas-Archive.gd,PROTECTED,200,913,,DDoS-Guard
2026-09-28T01:37:30.600712+00:00,Annas-Archive,Annas-Archive.gd,PROTECTED,200,872,,DDoS-Guard
2026-09-28T01:38:30.625658+00:00,Annas-Archive,Annas-Archive.gd,PROTECTED,200,322,,DDoS-Guard
2026-09-28T01:39:31.411683+00:00,Annas-Archive,Annas-Archive.gd,PROTECTED,200,753,,DDoS-Guard
2026-09-28T01:40:31.970428+00:00,Annas-Archive,Annas-Archive.gd,PROTECTED,200,1032,,DDoS-Guard
2026-09-28T01:41:32.111271+00:00,Annas-Archive,Annas-Archive.gd,PROTECTED,200,610,,DDoS-Guard
2026-09-28T01:42:33.195488+00:00,Annas-Archive,Annas-Archive.gd,PROTECTED,200,1523,,DDoS-Guard
2026-09-28T01:43:32.556728+00:00,Annas-Archive,Annas-Archive.gd,PROTECTED,200,756,,DDoS-Guard
2026-09-28T01:44:33.331333+00:00,Annas-Archive,Annas-Archive.gd,PROTECTED,200,941,,DDoS-Guard
2026-09-28T01:45:34.006795+00:00,Annas-Archive,Annas-Archive.gd,PROTECTED,200,1171,,DDoS-Guard
2026-09-28T01:46:33.817242+00:00,Annas-Archive,Annas-Archive.gd,PROTECTED,200,679,,DDoS-Guard
2026-09-28T01:47:34.490578+00:00,Annas-Archive,Annas-Archive.gd,PROTECTED,200,773,,DDoS-Guard
2026-09-28T01:48:34.721895+00:00,Annas-Archive,Annas-Archive.gd,PROTECTED,200,773,,DDoS-Guard
2026-09-28T01:49:34.997930+00:00,Annas-Archive,Annas-Archive.gd,PROTECTED,200,947,,DDoS-Guard
2026-09-28T01:50:36.075819+00:00,Annas-Archive,Annas-Archive.gd,PROTECTED,200,1465,,DDoS-Guard
2026-09-28T01:51:36.945694+00:00,Annas-Archive,Annas-Archive.gd,PROTECTED,200,1841,,DDoS-Guard
2026-09-28T01:52:35.596799+00:00,Annas-Archive,Annas-Archive.gd,PROTECTED,200,331,,DDoS-Guard
2026-09-28T01:53:36.119107+00:00,Annas-Archive,Annas-Archive.gd,PROTECTED,200,652,,DDoS-Guard
2026-09-28T01:54:36.844088+00:00,Annas-Archive,Annas-Archive.gd,PROTECTED,200,1185,,DDoS-Guard
2026-09-28T01:55:37.418976+00:00,Annas-Archive,Annas-Archive.gd,PROTECTED,200,1189,,DDoS-Guard
2026-09-28T01:56:37.726603+00:00,Annas-Archive,Annas-Archive.gd,PROTECTED,200,1128,,DDoS-Guard
2026-09-28T01:57:37.898878+00:00,Annas-Archive,Annas-Archive.gd,PROTECTED,200,1067,,DDoS-Guard
2026-09-28T01:58:38.307959+00:00,Annas-Archive,Annas-Archive.gd,PROTECTED,200,1021,,DDoS-Guard
2026-09-28T01:59:38.962255+00:00,Annas-Archive,Annas-Archive.gd,PROTECTED,200,1057,,DDoS-Guard
2026-09-28T02:00:39.077609+00:00,Annas-Archive,Annas-Archive.gd,PROTECTED,200,784,,DDoS-Guard
2026-09-28T02:01:39.941268+00:00,Annas-Archive,Annas-Archive.gd,PROTECTED,200,1441,,DDoS-Guard
2026-09-28T02:02:39.929094+00:00,Annas-Archive,Annas-Archive.gd,PROTECTED,200,645,,DDoS-Guard
2026-09-28T02:03:40.052830+00:00,Annas-Archive,Annas-Archive.gd,PROTECTED,200,713,,DDoS-Guard
2026-09-28T02:04:40.148496+00:00,Annas-Archive,Annas-Archive.gd,PROTECTED,200,720,,DDoS-Guard
2026-09-28T02:05:40.448064+00:00,Annas-Archive,Annas-Archive.gd,PROTECTED,200,704,,DDoS-Guard
2026-09-28T02:06:41.069724+00:00,Annas-Archive,Annas-Archive.gd,PROTECTED,200,728,,DDoS-Guard
2026-09-28T02:07:41.477052+00:00,Annas-Archive,Annas-Archive.gd,PROTECTED,200,813,,DDoS-Guard
2026-09-28T02:08:42.396982+00:00,Annas-Archive,Annas-Archive.gd,PROTECTED,200,1143,,DDoS-Guard
2026-09-28T02:09:43.024840+00:00,Annas-Archive,Annas-Archive.gd,PROTECTED,200,1191,,DDoS-Guard
2026-09-28T02:10:43.778078+00:00,Annas-Archive,Annas-Archive.gd,PROTECTED,200,1505,,DDoS-Guard
2026-09-28T02:11:43.932847+00:00,Annas-Archive,Annas-Archive.gd,PROTECTED,200,980,,DDoS-Guard
2026-09-28T02:12:44.163112+00:00,Annas-Archive,Annas-Archive.gd,PROTECTED,200,694,,DDoS-Guard
2026-09-28T02:13:44.883384+00:00,Annas-Archive,Annas-Archive.gd,PROTECTED,200,826,,DDoS-Guard
2026-09-28T02:14:46.172094+00:00,Annas-Archive,Annas-Archive.gd,PROTECTED,200,1837,,DDoS-Guard
2026-09-28T02:15:45.342492+00:00,Annas-Archive,Annas-Archive.gd,PROTECTED,200,801,,DDoS-Guard
2026-09-28T02:16:45.628137+00:00,Annas-Archive,Annas-Archive.gd,PROTECTED,200,892,,DDoS-Guard
2026-09-28T02:17:45.924509+00:00,Annas-Archive,Annas-Archive.gd,PROTECTED,200,806,,DDoS-Guard
2026-09-28T02:18:45.863921+00:00,Annas-Archive,Annas-Archive.gd,PROTECTED,200,595,,DDoS-Guard
2026-09-28T02:19:46.448569+00:00,Annas-Archive,Annas-Archive.gd,PROTECTED,200,627,,DDoS-Guard
2026-09-28T02:20:46.401947+00:00,Annas-Archive,Annas-Archive.gd,PROTECTED,200,458,,DDoS-Guard
2026-09-28T02:21:46.984422+00:00,Annas-Archive,Annas-Archive.gd,PROTECTED,200,835,,DDoS-Guard
2026-09-28T02:22:47.059661+00:00,Annas-Archive,Annas-Archive.gd,PROTECTED,200,829,,DDoS-Guard
2026-09-28T02:23:47.120580+00:00,Annas-Archive,Annas-Archive.gd,PROTECTED,200,689,,DDoS-Guard
2026-09-28T02:24:47.709709+00:00,Annas-Archive,Annas-Archive.gd,PROTECTED,200,686,,DDoS-Guard
2026-09-28T02:25:47.955475+00:00,Annas-Archive,Annas-Archive.gd,PROTECTED,200,745,,DDoS-Guard
2026-09-28T02:26:48.044831+00:00,Annas-Archive,Annas-Archive.gd,PROTECTED,200,661,,DDoS-Guard
2026-09-28T02:27:49.113738+00:00,Annas-Archive,Annas-Archive.gd,PROTECTED,200,1543,,DDoS-Guard
2026-09-28T02:28:51.883969+00:00,Annas-Archive,Annas-Archive.gd,PROTECTED,200,3695,,DDoS-Guard
2026-09-28T02:29:48.855447+00:00,Annas-Archive,Annas-Archive.gd,PROTECTED,200,392,,DDoS-Guard
2026-09-28T02:30:49.598809+00:00,Annas-Archive,Annas-Archive.gd,PROTECTED,200,759,,DDoS-Guard
2026-09-28T02:31:50.924229+00:00,Annas-Archive,Annas-Archive.gd,PROTECTED,200,1958,,DDoS-Guard
2026-09-28T02:32:51.143740+00:00,Annas-Archive,Annas-Archive.gd,PROTECTED,200,1559,,DDoS-Guard
2026-09-28T02:33:50.725139+00:00,Annas-Archive,Annas-Archive.gd,PROTECTED,200,682,,DDoS-Guard
2026-09-28T02:34:51.522530+00:00,Annas-Archive,Annas-Archive.gd,PROTECTED,200,1292,,DDoS-Guard
2026-09-28T02:35:51.980436+00:00,Annas-Archive,Annas-Archive.gd,PROTECTED,200,1458,,DDoS-Guard
2026-09-28T02:36:53.929018+00:00,Annas-Archive,Annas-Archive.gd,PROTECTED,200,2708,,DDoS-Guard
2026-09-28T02:37:51.822696+00:00,Annas-Archive,Annas-Archive.gd,PROTECTED,200,444,,DDoS-Guard
2026-09-28T02:38:52.291880+00:00,Annas-Archive,Annas-Archive.gd,PROTECTED,200,704,,DDoS-Guard
2026-09-28T02:39:52.525580+00:00,Annas-Archive,Annas-Archive.gd,PROTECTED,200,721,,DDoS-Guard
2026-09-28T02:40:52.658646+00:00,Annas-Archive,Annas-Archive.gd,PROTECTED,200,345,,DDoS-Guard
2026-09-28T02:41:53.406557+00:00,Annas-Archive,Annas-Archive.gd,PROTECTED,200,775,,DDoS-Guard
2026-09-28T02:42:53.487400+00:00,Annas-Archive,Annas-Archive.gd,PROTECTED,200,669,,DDoS-Guard
2026-09-28T02:43:53.948616+00:00,Annas-Archive,Annas-Archive.gd,PROTECTED,200,1004,,DDoS-Guard
2026-09-28T02:44:54.276585+00:00,Annas-Archive,Annas-Archive.gd,PROTECTED,200,705,,DDoS-Guard
2026-09-28T02:45:54.492010+00:00,Annas-Archive,Annas-Archive.gd,PROTECTED,200,568,,DDoS-Guard
2026-09-28T02:46:54.875605+00:00,Annas-Archive,Annas-Archive.gd,PROTECTED,200,739,,DDoS-Guard
2026-09-28T02:47:55.069729+00:00,Annas-Archive,Annas-Archive.gd,PROTECTED,200,726,,DDoS-Guard
2026-09-28T02:48:55.558366+00:00,Annas-Archive,Annas-Archive.gd,PROTECTED,200,950,,DDoS-Guard
2026-09-28T02:49:55.910835+00:00,Annas-Archive,Annas-Archive.gd,PROTECTED,200,722,,DDoS-Guard
2026-09-28T02:50:56.030109+00:00,Annas-Archive,Annas-Archive.gd,PROTECTED,200,628,,DDoS-Guard
2026-09-28T02:51:55.818035+00:00,Annas-Archive,Annas-Archive.gd,PROTECTED,200,338,,DDoS-Guard
2026-09-28T02:52:56.783003+00:00,Annas-Archive,Annas-Archive.gd,PROTECTED,200,703,,DDoS-Guard
2026-09-28T02:53:57.444757+00:00,Annas-Archive,Annas-Archive.gd,PROTECTED,200,995,,DDoS-Guard
2026-09-28T02:54:58.521162+00:00,Annas-Archive,Annas-Archive.gd,PROTECTED,200,1602,,DDoS-Guard
2026-09-28T02:55:58.342832+00:00,Annas-Archive,Annas-Archive.gd,PROTECTED,200,1241,,DDoS-Guard
2026-09-28T02:56:59.223548+00:00,Annas-Archive,Annas-Archive.gd,PROTECTED,200,1879,,DDoS-Guard
2026-09-28T02:57:58.710592+00:00,Annas-Archive,Annas-Archive.gd,PROTECTED,200,702,,DDoS-Guard
2026-09-28T02:58:59.055348+00:00,Annas-Archive,Annas-Archive.gd,PROTECTED,200,754,,DDoS-Guard
2026-09-28T03:00:00.293795+00:00,Annas-Archive,Annas-Archive.gd,PROTECTED,200,1430,,DDoS-Guard
2026-09-28T03:01:00.468803+00:00,Annas-Archive,Annas-Archive.gd,PROTECTED,200,787,,DDoS-Guard
2026-09-28T03:02:02.911620+00:00,Annas-Archive,Annas-Archive.gd,PROTECTED,200,2582,,DDoS-Guard
2026-09-28T03:03:01.541933+00:00,Annas-Archive,Annas-Archive.gd,PROTECTED,200,692,,DDoS-Guard
2026-09-28T03:04:02.166669+00:00,Annas-Archive,Annas-Archive.gd,PROTECTED,200,887,,DDoS-Guard
2026-09-28T03:05:03.810958+00:00,Annas-Archive,Annas-Archive.gd,PROTECTED,200,2332,,DDoS-Guard
2026-09-28T03:06:03.054716+00:00,Annas-Archive,Annas-Archive.gd,PROTECTED,200,915,,DDoS-Guard
2026-09-28T03:07:04.342778+00:00,Annas-Archive,Annas-Archive.gd,PROTECTED,200,1400,,DDoS-Guard
2026-09-28T03:08:05.129423+00:00,Annas-Archive,Annas-Archive.gd,PROTECTED,200,1634,,DDoS-Guard
2026-09-28T03:09:14.138078+00:00,Annas-Archive,Annas-Archive.gd,PROTECTED,200,10415,,DDoS-Guard
2026-09-28T03:10:12.168922+00:00,Annas-Archive,Annas-Archive.gd,PROTECTED,200,7955,,DDoS-Guard
2026-09-28T03:11:06.233462+00:00,Annas-Archive,Annas-Archive.gd,PROTECTED,200,1405,,DDoS-Guard
2026-09-28T03:12:05.934782+00:00,Annas-Archive,Annas-Archive.gd,PROTECTED,200,796,,DDoS-Guard
2026-09-28T03:13:05.975203+00:00,Annas-Archive,Annas-Archive.gd,PROTECTED,200,619,,DDoS-Guard
2026-09-28T03:14:06.654853+00:00,Annas-Archive,Annas-Archive.gd,PROTECTED,200,672,,DDoS-Guard
2026-09-28T03:15:06.913187+00:00,Annas-Archive,Annas-Archive.gd,PROTECTED,200,756,,DDoS-Guard
2026-09-28T03:16:07.067759+00:00,Annas-Archive,Annas-Archive.gd,PROTECTED,200,720,,DDoS-Guard
2026-09-28T03:17:08.038722+00:00,Annas-Archive,Annas-Archive.gd,PROTECTED,200,1492,,DDoS-Guard
2026-09-28T03:18:08.073754+00:00,Annas-Archive,Annas-Archive.gd,PROTECTED,200,887,,DDoS-Guard
2026-09-28T03:19:08.744171+00:00,Annas-Archive,Annas-Archive.gd,PROTECTED,200,769,,DDoS-Guard
2026-09-28T03:20:10.902726+00:00,Annas-Archive,Annas-Archive.gd,PROTECTED,200,2252,,DDoS-Guard
2026-09-28T03:21:10.997169+00:00,Annas-Archive,Annas-Archive.gd,PROTECTED,200,1531,,DDoS-Guard
2026-09-28T03:22:10.651719+00:00,Annas-Archive,Annas-Archive.gd,PROTECTED,200,767,,DDoS-Guard
2026-09-28T03:23:18.724221+00:00,Annas-Archive,Annas-Archive.gd,PROTECTED,200,8675,,DDoS-Guard
2026-09-28T03:24:10.994610+00:00,Annas-Archive,Annas-Archive.gd,PROTECTED,200,678,,DDoS-Guard
2026-09-28T03:25:11.326034+00:00,Annas-Archive,Annas-Archive.gd,PROTECTED,200,739,,DDoS-Guard
2026-09-28T03:26:11.920587+00:00,Annas-Archive,Annas-Archive.gd,PROTECTED,200,747,,DDoS-Guard
2026-09-28T03:27:12.004920+00:00,Annas-Archive,Annas-Archive.gd,DOWN,502,722,http_error,
2026-09-28T03:28:13.886039+00:00,Annas-Archive,Annas-Archive.gd,PROTECTED,200,2438,,DDoS-Guard
2026-09-28T03:29:12.262577+00:00,Annas-Archive,Annas-Archive.gd,PROTECTED,200,651,,DDoS-Guard
2026-09-28T03:30:12.888659+00:00,Annas-Archive,Annas-Archive.gd,PROTECTED,200,1215,,DDoS-Guard
2026-09-28T03:31:13.514604+00:00,Annas-Archive,Annas-Archive.gd,PROTECTED,200,1136,,DDoS-Guard
2026-09-28T03:32:13.732596+00:00,Annas-Archive,Annas-Archive.gd,PROTECTED,200,800,,DDoS-Guard
2026-09-28T03:33:14.311013+00:00,Annas-Archive,Annas-Archive.gd,PROTECTED,200,974,,DDoS-Guard
2026-09-28T03:34:14.104249+00:00,Annas-Archive,Annas-Archive.gd,PROTECTED,200,672,,DDoS-Guard
2026-09-28T03:35:14.951637+00:00,Annas-Archive,Annas-Archive.gd,PROTECTED,200,830,,DDoS-Guard
2026-09-28T03:36:17.106748+00:00,Annas-Archive,Annas-Archive.gd,PROTECTED,200,2417,,DDoS-Guard
2026-09-28T03:37:15.368092+00:00,Annas-Archive,Annas-Archive.gd,PROTECTED,200,339,,DDoS-Guard
2026-09-28T03:38:15.770578+00:00,Annas-Archive,Annas-Archive.gd,PROTECTED,200,681,,DDoS-Guard
2026-09-28T03:39:16.866220+00:00,Annas-Archive,Annas-Archive.gd,PROTECTED,200,994,,DDoS-Guard
2026-09-28T03:40:16.834663+00:00,Annas-Archive,Annas-Archive.gd,PROTECTED,200,728,,DDoS-Guard
2026-09-28T03:41:17.270512+00:00,Annas-Archive,Annas-Archive.gd,PROTECTED,200,731,,DDoS-Guard
2026-09-28T03:42:25.218591+00:00,Annas-Archive,Annas-Archive.gd,PROTECTED,200,8558,,DDoS-Guard
2026-09-28T03:43:19.071821+00:00,Annas-Archive,Annas-Archive.gd,PROTECTED,200,2033,,DDoS-Guard
2026-09-28T03:44:19.630758+00:00,Annas-Archive,Annas-Archive.gd,PROTECTED,200,2191,,DDoS-Guard
2026-09-28T03:45:19.041792+00:00,Annas-Archive,Annas-Archive.gd,PROTECTED,200,1142,,DDoS-Guard
2026-09-28T03:46:20.044253+00:00,Annas-Archive,Annas-Archive.gd,PROTECTED,200,2038,,DDoS-Guard
2026-09-28T03:47:18.941712+00:00,Annas-Archive,Annas-Archive.gd,PROTECTED,200,705,,DDoS-Guard
2026-09-28T03:48:19.996522+00:00,Annas-Archive,Annas-Archive.gd,PROTECTED,200,1184,,DDoS-Guard
2026-09-28T03:49:20.055647+00:00,Annas-Archive,Annas-Archive.gd,PROTECTED,200,835,,DDoS-Guard
2026-09-28T03:50:20.198719+00:00,Annas-Archive,Annas-Archive.gd,PROTECTED,200,768,,DDoS-Guard
2026-09-28T03:51:21.343925+00:00,Annas-Archive,Annas-Archive.gd,PROTECTED,200,1688,,DDoS-Guard
2026-09-28T03:52:21.883578+00:00,Annas-Archive,Annas-Archive.gd,PROTECTED,200,1625,,DDoS-Guard
2026-09-28T03:53:21.751675+00:00,Annas-Archive,Annas-Archive.gd,PROTECTED,200,1250,,DDoS-Guard
2026-09-28T03:54:20.936793+00:00,Annas-Archive,Annas-Archive.gd,PROTECTED,200,328,,DDoS-Guard
2026-09-28T03:55:21.946533+00:00,Annas-Archive,Annas-Archive.gd,PROTECTED,200,751,,DDoS-Guard
2026-09-28T03:56:23.182426+00:00,Annas-Archive,Annas-Archive.gd,PROTECTED,200,1602,,DDoS-Guard
2026-09-28T03:57:22.640636+00:00,Annas-Archive,Annas-Archive.gd,PROTECTED,200,817,,DDoS-Guard
2026-09-28T03:58:22.312601+00:00,Annas-Archive,Annas-Archive.gd,PROTECTED,200,338,,DDoS-Guard
2026-09-28T03:59:23.706637+00:00,Annas-Archive,Annas-Archive.gd,PROTECTED,200,775,,DDoS-Guard
2026-09-28T04:00:24.955722+00:00,Annas-Archive,Annas-Archive.gd,PROTECTED,200,1598,,DDoS-Guard
2026-09-28T04:01:26.376223+00:00,Annas-Archive,Annas-Archive.gd,PROTECTED,200,2642,,DDoS-Guard
2026-09-28T04:02:32.642205+00:00,Annas-Archive,Annas-Archive.gd,PROTECTED,200,8394,,DDoS-Guard
2026-09-28T04:03:25.277845+00:00,Annas-Archive,Annas-Archive.gd,PROTECTED,200,785,,DDoS-Guard
2026-09-28T04:04:25.673978+00:00,Annas-Archive,Annas-Archive.gd,PROTECTED,200,664,,DDoS-Guard
2026-09-28T04:05:26.587022+00:00,Annas-Archive,Annas-Archive.gd,PROTECTED,200,1028,,DDoS-Guard
2026-09-28T04:06:26.928159+00:00,Annas-Archive,Annas-Archive.gd,PROTECTED,200,626,,DDoS-Guard
2026-09-28T04:07:27.848995+00:00,Annas-Archive,Annas-Archive.gd,PROTECTED,200,1308,,DDoS-Guard
2026-09-28T04:08:27.523812+00:00,Annas-Archive,Annas-Archive.gd,PROTECTED,200,660,,DDoS-Guard
2026-09-28T04:09:27.743728+00:00,Annas-Archive,Annas-Archive.gd,PROTECTED,200,330,,DDoS-Guard
2026-09-28T04:10:28.638000+00:00,Annas-Archive,Annas-Archive.gd,PROTECTED,200,892,,DDoS-Guard
2026-09-28T04:11:29.394184+00:00,Annas-Archive,Annas-Archive.gd,PROTECTED,200,1179,,DDoS-Guard
2026-09-28T04:12:29.562947+00:00,Annas-Archive,Annas-Archive.gd,PROTECTED,200,979,,DDoS-Guard
2026-09-28T04:13:29.681442+00:00,Annas-Archive,Annas-Archive.gd,PROTECTED,200,830,,DDoS-Guard
2026-09-28T04:14:30.847267+00:00,Annas-Archive,Annas-Archive.gd,PROTECTED,200,1596,,DDoS-Guard
2026-09-28T04:15:30.318019+00:00,Annas-Archive,Annas-Archive.gd,PROTECTED,200,802,,DDoS-Guard
2026-09-28T04:16:31.076560+00:00,Annas-Archive,Annas-Archive.gd,PROTECTED,200,922,,DDoS-Guard
2026-09-28T04:17:31.680844+00:00,Annas-Archive,Annas-Archive.gd,PROTECTED,200,825,,DDoS-Guard
2026-09-28T04:18:31.945569+00:00,Annas-Archive,Annas-Archive.gd,PROTECTED,200,740,,DDoS-Guard
2026-09-28T04:19:32.082640+00:00,Annas-Archive,Annas-Archive.gd,PROTECTED,200,751,,DDoS-Guard
2026-09-28T04:20:32.711594+00:00,Annas-Archive,Annas-Archive.gd,PROTECTED,200,717,,DDoS-Guard
2026-09-28T04:21:34.029512+00:00,Annas-Archive,Annas-Archive.gd,PROTECTED,200,1616,,DDoS-Guard
2026-09-28T04:22:33.776377+00:00,Annas-Archive,Annas-Archive.gd,PROTECTED,200,725,,DDoS-Guard
2026-09-28T04:23:34.837450+00:00,Annas-Archive,Annas-Archive.gd,PROTECTED,200,1353,,DDoS-Guard
2026-09-28T04:24:34.082198+00:00,Annas-Archive,Annas-Archive.gd,PROTECTED,200,624,,DDoS-Guard
2026-09-28T04:25:34.991804+00:00,Annas-Archive,Annas-Archive.gd,PROTECTED,200,1366,,DDoS-Guard
2026-09-28T04:26:34.972375+00:00,Annas-Archive,Annas-Archive.gd,PROTECTED,200,765,,DDoS-Guard
2026-09-28T04:27:34.900516+00:00,Annas-Archive,Annas-Archive.gd,PROTECTED,200,382,,DDoS-Guard
2026-09-28T04:28:35.831795+00:00,Annas-Archive,Annas-Archive.gd,PROTECTED,200,960,,DDoS-Guard
2026-09-28T04:29:37.156120+00:00,Annas-Archive,Annas-Archive.gd,PROTECTED,200,1645,,DDoS-Guard
2026-09-28T04:30:42.692193+00:00,Annas-Archive,Annas-Archive.gd,PROTECTED,200,6571,,DDoS-Guard
2026-09-28T04:31:36.834582+00:00,Annas-Archive,Annas-Archive.gd,PROTECTED,200,625,,DDoS-Guard
2026-09-28T04:32:37.274230+00:00,Annas-Archive,Annas-Archive.gd,PROTECTED,200,705,,DDoS-Guard
2026-09-28T04:33:38.000527+00:00,Annas-Archive,Annas-Archive.gd,PROTECTED,200,739,,DDoS-Guard
2026-09-28T04:34:38.296035+00:00,Annas-Archive,Annas-Archive.gd,PROTECTED,200,739,,DDoS-Guard
2026-09-28T04:35:38.666696+00:00,Annas-Archive,Annas-Archive.gd,PROTECTED,200,698,,DDoS-Guard
2026-09-28T04:36:39.005542+00:00,Annas-Archive,Annas-Archive.gd,PROTECTED,200,725,,DDoS-Guard
2026-09-28T04:37:40.207952+00:00,Annas-Archive,Annas-Archive.gd,PROTECTED,200,1071,,DDoS-Guard
2026-09-28T04:38:40.571035+00:00,Annas-Archive,Annas-Archive.gd,PROTECTED,200,1021,,DDoS-Guard
2026-09-28T04:39:41.178043+00:00,Annas-Archive,Annas-Archive.gd,PROTECTED,200,1462,,DDoS-Guard
2026-09-28T04:40:40.718631+00:00,Annas-Archive,Annas-Archive.gd,PROTECTED,200,640,,DDoS-Guard
2026-09-28T04:41:48.032132+00:00,Annas-Archive,Annas-Archive.gd,PROTECTED,200,7827,,DDoS-Guard
2026-09-28T04:42:40.616072+00:00,Annas-Archive,Annas-Archive.gd,PROTECTED,200,345,,DDoS-Guard
2026-09-28T04:43:41.603695+00:00,Annas-Archive,Annas-Archive.gd,PROTECTED,200,704,,DDoS-Guard
2026-09-28T04:44:49.245845+00:00,Annas-Archive,Annas-Archive.gd,PROTECTED,200,8228,,DDoS-Guard
2026-09-28T04:45:42.133539+00:00,Annas-Archive,Annas-Archive.gd,PROTECTED,200,835,,DDoS-Guard
2026-09-28T04:46:42.653954+00:00,Annas-Archive,Annas-Archive.gd,PROTECTED,200,728,,DDoS-Guard
2026-09-28T04:47:42.747054+00:00,Annas-Archive,Annas-Archive.gd,PROTECTED,200,579,,DDoS-Guard
2026-09-28T04:48:43.907001+00:00,Annas-Archive,Annas-Archive.gd,PROTECTED,200,1250,,DDoS-Guard
2026-09-28T04:49:45.603141+00:00,Annas-Archive,Annas-Archive.gd,PROTECTED,200,2499,,DDoS-Guard
2026-09-28T04:50:44.802865+00:00,Annas-Archive,Annas-Archive.gd,PROTECTED,200,1305,,DDoS-Guard
2026-09-28T04:51:44.574637+00:00,Annas-Archive,Annas-Archive.gd,PROTECTED,200,765,,DDoS-Guard
2026-09-28T04:52:45.123726+00:00,Annas-Archive,Annas-Archive.gd,PROTECTED,200,1006,,DDoS-Guard
2026-09-28T04:53:45.244724+00:00,Annas-Archive,Annas-Archive.gd,PROTECTED,200,786,,DDoS-Guard
2026-09-28T04:54:45.487028+00:00,Annas-Archive,Annas-Archive.gd,PROTECTED,200,800,,DDoS-Guard
2026-09-28T04:55:46.263182+00:00,Annas-Archive,Annas-Archive.gd,PROTECTED,200,1135,,DDoS-Guard
2026-09-28T04:56:46.089303+00:00,Annas-Archive,Annas-Archive.gd,PROTECTED,200,755,,DDoS-Guard
2026-09-28T04:57:46.257689+00:00,Annas-Archive,Annas-Archive.gd,PROTECTED,200,718,,DDoS-Guard
2026-09-28T04:58:46.514632+00:00,Annas-Archive,Annas-Archive.gd,PROTECTED,200,728,,DDoS-Guard
2026-09-28T04:59:46.916349+00:00,Annas-Archive,Annas-Archive.gd,PROTECTED,200,679,,DDoS-Guard
2026-09-28T05:00:47.759975+00:00,Annas-Archive,Annas-Archive.gd,PROTECTED,200,1057,,DDoS-Guard
2026-09-28T05:01:47.930629+00:00,Annas-Archive,Annas-Archive.gd,PROTECTED,200,878,,DDoS-Guard
2026-09-28T05:02:48.899783+00:00,Annas-Archive,Annas-Archive.gd,PROTECTED,200,1219,,DDoS-Guard
2026-09-28T05:03:49.356543+00:00,Annas-Archive,Annas-Archive.gd,PROTECTED,200,1197,,DDoS-Guard
2026-09-28T05:04:49.270550+00:00,Annas-Archive,Annas-Archive.gd,PROTECTED,200,1090,,DDoS-Guard
2026-09-28T05:05:49.267768+00:00,Annas-Archive,Annas-Archive.gd,PROTECTED,200,753,,DDoS-Guard
2026-09-28T05:06:50.549193+00:00,Annas-Archive,Annas-Archive.gd,PROTECTED,200,1420,,DDoS-Guard
2026-09-28T05:07:50.015449+00:00,Annas-Archive,Annas-Archive.gd,PROTECTED,200,679,,DDoS-Guard
2026-09-28T05:08:50.936621+00:00,Annas-Archive,Annas-Archive.gd,PROTECTED,200,1396,,DDoS-Guard
2026-09-28T05:09:50.478386+00:00,Annas-Archive,Annas-Archive.gd,PROTECTED,200,773,,DDoS-Guard
2026-09-28T05:10:51.194592+00:00,Annas-Archive,Annas-Archive.gd,PROTECTED,200,928,,DDoS-Guard
2026-09-28T05:11:51.350531+00:00,Annas-Archive,Annas-Archive.gd,PROTECTED,200,688,,DDoS-Guard
2026-09-28T05:12:51.432128+00:00,Annas-Archive,Annas-Archive.gd,PROTECTED,200,651,,DDoS-Guard
2026-09-28T05:13:51.774420+00:00,Annas-Archive,Annas-Archive.gd,PROTECTED,200,797,,DDoS-Guard
2026-09-28T05:14:52.450172+00:00,Annas-Archive,Annas-Archive.gd,PROTECTED,200,1178,,DDoS-Guard
2026-09-28T05:15:52.476604+00:00,Annas-Archive,Annas-Archive.gd,PROTECTED,200,739,,DDoS-Guard
2026-09-28T05:16:52.899745+00:00,Annas-Archive,Annas-Archive.gd,PROTECTED,200,771,,DDoS-Guard
2026-09-28T05:17:53.056473+00:00,Annas-Archive,Annas-Archive.gd,PROTECTED,200,693,,DDoS-Guard
2026-09-28T05:18:53.789732+00:00,Annas-Archive,Annas-Archive.gd,PROTECTED,200,764,,DDoS-Guard
2026-09-28T05:19:54.133223+00:00,Annas-Archive,Annas-Archive.gd,PROTECTED,200,635,,DDoS-Guard
2026-09-28T05:20:54.832964+00:00,Annas-Archive,Annas-Archive.gd,PROTECTED,200,1102,,DDoS-Guard
2026-09-28T05:21:55.587708+00:00,Annas-Archive,Annas-Archive.gd,PROTECTED,200,1548,,DDoS-Guard
2026-09-28T05:22:55.727376+00:00,Annas-Archive,Annas-Archive.gd,PROTECTED,200,1010,,DDoS-Guard
2026-09-28T05:23:55.695842+00:00,Annas-Archive,Annas-Archive.gd,PROTECTED,200,719,,DDoS-Guard
2026-09-28T05:24:56.312981+00:00,Annas-Archive,Annas-Archive.gd,PROTECTED,200,1022,,DDoS-Guard
2026-09-28T05:25:57.822691+00:00,Annas-Archive,Annas-Archive.gd,PROTECTED,200,1245,,DDoS-Guard
2026-09-28T05:26:57.636964+00:00,Annas-Archive,Annas-Archive.gd,PROTECTED,200,325,,DDoS-Guard
2026-09-28T05:27:58.148776+00:00,Annas-Archive,Annas-Archive.gd,PROTECTED,200,716,,DDoS-Guard
2026-09-28T05:28:58.591454+00:00,Annas-Archive,Annas-Archive.gd,PROTECTED,200,724,,DDoS-Guard
2026-09-28T05:29:59.080433+00:00,Annas-Archive,Annas-Archive.gd,PROTECTED,200,625,,DDoS-Guard
2026-09-28T05:30:59.931096+00:00,Annas-Archive,Annas-Archive.gd,PROTECTED,200,1064,,DDoS-Guard
2026-09-28T05:31:59.875647+00:00,Annas-Archive,Annas-Archive.gd,PROTECTED,200,624,,DDoS-Guard
2026-09-28T05:33:00.249253+00:00,Annas-Archive,Annas-Archive.gd,PROTECTED,200,669,,DDoS-Guard
2026-09-28T05:34:01.509859+00:00,Annas-Archive,Annas-Archive.gd,PROTECTED,200,1318,,DDoS-Guard
2026-09-28T05:35:01.369988+00:00,Annas-Archive,Annas-Archive.gd,PROTECTED,200,819,,DDoS-Guard
2026-09-28T05:36:02.599736+00:00,Annas-Archive,Annas-Archive.gd,PROTECTED,200,1349,,DDoS-Guard
2026-09-28T05:37:03.071265+00:00,Annas-Archive,Annas-Archive.gd,PROTECTED,200,973,,DDoS-Guard
2026-09-28T05:38:04.112495+00:00,Annas-Archive,Annas-Archive.gd,PROTECTED,200,1756,,DDoS-Guard
2026-09-28T05:39:03.488344+00:00,Annas-Archive,Annas-Archive.gd,PROTECTED,200,902,,DDoS-Guard
2026-09-28T05:40:03.735270+00:00,Annas-Archive,Annas-Archive.gd,PROTECTED,200,985,,DDoS-Guard
2026-09-28T05:41:04.150973+00:00,Annas-Archive,Annas-Archive.gd,PROTECTED,200,1002,,DDoS-Guard
2026-09-28T05:42:04.335021+00:00,Annas-Archive,Annas-Archive.gd,PROTECTED,200,711,,DDoS-Guard
2026-09-28T05:43:05.061309+00:00,Annas-Archive,Annas-Archive.gd,PROTECTED,200,730,,DDoS-Guard
2026-09-28T05:44:05.568201+00:00,Annas-Archive,Annas-Archive.gd,PROTECTED,200,1073,,DDoS-Guard
2026-09-28T05:45:07.013074+00:00,Annas-Archive,Annas-Archive.gd,PROTECTED,200,1883,,DDoS-Guard
2026-09-28T05:46:06.327797+00:00,Annas-Archive,Annas-Archive.gd,PROTECTED,200,733,,DDoS-Guard
2026-09-28T05:47:07.989871+00:00,Annas-Archive,Annas-Archive.gd,PROTECTED,200,2118,,DDoS-Guard
2026-09-28T05:48:07.107189+00:00,Annas-Archive,Annas-Archive.gd,PROTECTED,200,842,,DDoS-Guard
2026-09-28T05:49:08.107421+00:00,Annas-Archive,Annas-Archive.gd,PROTECTED,200,1304,,DDoS-Guard
2026-09-28T05:50:08.223917+00:00,Annas-Archive,Annas-Archive.gd,PROTECTED,200,734,,DDoS-Guard
2026-09-28T05:51:09.175953+00:00,Annas-Archive,Annas-Archive.gd,PROTECTED,200,1430,,DDoS-Guard
2026-09-28T05:52:08.723022+00:00,Annas-Archive,Annas-Archive.gd,PROTECTED,200,723,,DDoS-Guard
2026-09-28T05:53:09.428834+00:00,Annas-Archive,Annas-Archive.gd,PROTECTED,200,748,,DDoS-Guard
2026-09-28T05:54:09.665737+00:00,Annas-Archive,Annas-Archive.gd,PROTECTED,200,695,,DDoS-Guard
2026-09-28T05:55:10.858212+00:00,Annas-Archive,Annas-Archive.gd,PROTECTED,200,729,,DDoS-Guard
2026-09-28T05:56:11.405472+00:00,Annas-Archive,Annas-Archive.gd,PROTECTED,200,654,,DDoS-Guard
2026-09-28T05:57:11.921227+00:00,Annas-Archive,Annas-Archive.gd,PROTECTED,200,728,,DDoS-Guard
2026-09-28T05:58:19.478466+00:00,Annas-Archive,Annas-Archive.gd,PROTECTED,200,7710,,DDoS-Guard
2026-09-28T05:59:12.941997+00:00,Annas-Archive,Annas-Archive.gd,PROTECTED,200,892,,DDoS-Guard
2026-09-28T06:00:14.434689+00:00,Annas-Archive,Annas-Archive.gd,PROTECTED,200,2015,,DDoS-Guard
2026-09-28T06:01:14.831955+00:00,Annas-Archive,Annas-Archive.gd,PROTECTED,200,1675,,DDoS-Guard
2026-09-28T06:02:14.445608+00:00,Annas-Archive,Annas-Archive.gd,PROTECTED,200,982,,DDoS-Guard
2026-09-28T06:03:14.565231+00:00,Annas-Archive,Annas-Archive.gd,PROTECTED,200,726,,DDoS-Guard
2026-09-28T06:04:15.122030+00:00,Annas-Archive,Annas-Archive.gd,PROTECTED,200,1038,,DDoS-Guard
2026-09-28T06:05:16.408657+00:00,Annas-Archive,Annas-Archive.gd,PROTECTED,200,1628,,DDoS-Guard
2026-09-28T06:06:16.145519+00:00,Annas-Archive,Annas-Archive.gd,PROTECTED,200,683,,DDoS-Guard
2026-09-28T06:07:17.007648+00:00,Annas-Archive,Annas-Archive.gd,PROTECTED,200,847,,DDoS-Guard
2026-09-28T06:08:17.570127+00:00,Annas-Archive,Annas-Archive.gd,PROTECTED,200,768,,DDoS-Guard
2026-09-28T06:09:17.670567+00:00,Annas-Archive,Annas-Archive.gd,PROTECTED,200,643,,DDoS-Guard
2026-09-28T06:10:18.675082+00:00,Annas-Archive,Annas-Archive.gd,PROTECTED,200,1210,,DDoS-Guard
2026-09-28T06:11:19.224914+00:00,Annas-Archive,Annas-Archive.gd,PROTECTED,200,1613,,DDoS-Guard
2026-09-28T06:12:18.425783+00:00,Annas-Archive,Annas-Archive.gd,PROTECTED,200,642,,DDoS-Guard
2026-09-28T06:13:19.722612+00:00,Annas-Archive,Annas-Archive.gd,PROTECTED,200,1139,,DDoS-Guard
2026-09-28T06:14:19.716698+00:00,Annas-Archive,Annas-Archive.gd,PROTECTED,200,849,,DDoS-Guard
2026-09-28T06:15:20.303800+00:00,Annas-Archive,Annas-Archive.gd,PROTECTED,200,910,,DDoS-Guard
2026-09-28T06:16:20.195357+00:00,Annas-Archive,Annas-Archive.gd,PROTECTED,200,750,,DDoS-Guard
2026-09-28T06:17:21.860214+00:00,Annas-Archive,Annas-Archive.gd,PROTECTED,200,1784,,DDoS-Guard
2026-09-28T06:18:21.160501+00:00,Annas-Archive,Annas-Archive.gd,PROTECTED,200,679,,DDoS-Guard
2026-09-28T06:19:22.478519+00:00,Annas-Archive,Annas-Archive.gd,PROTECTED,200,1258,,DDoS-Guard
2026-09-28T06:20:23.217150+00:00,Annas-Archive,Annas-Archive.gd,PROTECTED,200,1652,,DDoS-Guard
2026-09-28T06:21:22.955078+00:00,Annas-Archive,Annas-Archive.gd,PROTECTED,200,725,,DDoS-Guard
2026-09-28T06:22:23.149035+00:00,Annas-Archive,Annas-Archive.gd,PROTECTED,200,633,,DDoS-Guard
2026-09-28T06:23:23.620584+00:00,Annas-Archive,Annas-Archive.gd,PROTECTED,200,770,,DDoS-Guard
2026-09-28T06:24:24.381793+00:00,Annas-Archive,Annas-Archive.gd,PROTECTED,200,752,,DDoS-Guard
