# version: 2
# schema: timestamp,site_id,domain_id,domain_status,http_status,latency_ms,failure_type,protection_type
timestamp,site_id,domain_id,domain_status,http_status,latency_ms,failure_type,protection_type
2026-09-27T01:23:47.221006+00:00,Annas-Archive,Annas-Archive.gl,PROTECTED,200,1645,,DDoS-Guard
2026-09-27T01:24:46.815092+00:00,Annas-Archive,Annas-Archive.gl,PROTECTED,200,648,,DDoS-Guard
2026-09-27T01:25:48.413486+00:00,Annas-Archive,Annas-Archive.gl,PROTECTED,200,2142,,DDoS-Guard
2026-09-27T01:26:47.902458+00:00,Annas-Archive,Annas-Archive.gl,PROTECTED,200,1380,,DDoS-Guard
2026-09-27T01:27:48.212841+00:00,Annas-Archive,Annas-Archive.gl,PROTECTED,200,1608,,DDoS-Guard
2026-09-27T01:28:51.644099+00:00,Annas-Archive,Annas-Archive.gl,PROTECTED,200,4503,,DDoS-Guard
2026-09-27T01:29:48.580448+00:00,Annas-Archive,Annas-Archive.gl,PROTECTED,200,973,,DDoS-Guard
2026-09-27T01:30:48.507884+00:00,Annas-Archive,Annas-Archive.gl,PROTECTED,200,605,,DDoS-Guard
2026-09-27T01:31:50.003754+00:00,Annas-Archive,Annas-Archive.gl,PROTECTED,200,1932,,DDoS-Guard
2026-09-27T01:32:57.997878+00:00,Annas-Archive,Annas-Archive.gl,PROTECTED,200,9381,,DDoS-Guard
2026-09-27T01:33:49.928643+00:00,Annas-Archive,Annas-Archive.gl,PROTECTED,200,607,,DDoS-Guard
2026-09-27T01:34:57.778818+00:00,Annas-Archive,Annas-Archive.gl,PROTECTED,200,8243,,DDoS-Guard
2026-09-27T01:35:50.816698+00:00,Annas-Archive,Annas-Archive.gl,PROTECTED,200,840,,DDoS-Guard
2026-09-27T01:36:50.507621+00:00,Annas-Archive,Annas-Archive.gl,PROTECTED,200,306,,DDoS-Guard
2026-09-27T01:37:51.953131+00:00,Annas-Archive,Annas-Archive.gl,PROTECTED,200,925,,DDoS-Guard
2026-09-27T01:38:51.818957+00:00,Annas-Archive,Annas-Archive.gl,PROTECTED,200,690,,DDoS-Guard
2026-09-27T01:39:51.489564+00:00,Annas-Archive,Annas-Archive.gl,PROTECTED,200,339,,DDoS-Guard
2026-09-27T01:40:53.202841+00:00,Annas-Archive,Annas-Archive.gl,PROTECTED,200,1659,,DDoS-Guard
2026-09-27T01:41:52.859212+00:00,Annas-Archive,Annas-Archive.gl,PROTECTED,200,1278,,DDoS-Guard
2026-09-27T01:42:52.566993+00:00,Annas-Archive,Annas-Archive.gl,PROTECTED,200,886,,DDoS-Guard
2026-09-27T01:43:53.121633+00:00,Annas-Archive,Annas-Archive.gl,PROTECTED,200,839,,DDoS-Guard
2026-09-27T01:44:53.495221+00:00,Annas-Archive,Annas-Archive.gl,PROTECTED,200,663,,DDoS-Guard
2026-09-27T01:45:54.266704+00:00,Annas-Archive,Annas-Archive.gl,PROTECTED,200,1059,,DDoS-Guard
2026-09-27T01:46:54.359704+00:00,Annas-Archive,Annas-Archive.gl,PROTECTED,200,781,,DDoS-Guard
2026-09-27T01:47:55.344783+00:00,Annas-Archive,Annas-Archive.gl,PROTECTED,200,1171,,DDoS-Guard
2026-09-27T01:48:55.128468+00:00,Annas-Archive,Annas-Archive.gl,PROTECTED,200,604,,DDoS-Guard
2026-09-27T01:49:55.477810+00:00,Annas-Archive,Annas-Archive.gl,PROTECTED,200,649,,DDoS-Guard
2026-09-27T01:50:57.544908+00:00,Annas-Archive,Annas-Archive.gl,PROTECTED,200,2155,,DDoS-Guard
2026-09-27T01:51:56.659490+00:00,Annas-Archive,Annas-Archive.gl,PROTECTED,200,1075,,DDoS-Guard
2026-09-27T01:52:56.601067+00:00,Annas-Archive,Annas-Archive.gl,PROTECTED,200,837,,DDoS-Guard
2026-09-27T01:53:57.213570+00:00,Annas-Archive,Annas-Archive.gl,PROTECTED,200,853,,DDoS-Guard
2026-09-27T01:55:04.536646+00:00,Annas-Archive,Annas-Archive.gl,PROTECTED,200,7847,,DDoS-Guard
2026-09-27T01:55:57.718842+00:00,Annas-Archive,Annas-Archive.gl,PROTECTED,200,887,,DDoS-Guard
2026-09-27T01:56:57.648823+00:00,Annas-Archive,Annas-Archive.gl,PROTECTED,200,686,,DDoS-Guard
2026-09-27T01:57:58.213995+00:00,Annas-Archive,Annas-Archive.gl,PROTECTED,200,630,,DDoS-Guard
2026-09-27T01:58:58.182752+00:00,Annas-Archive,Annas-Archive.gl,PROTECTED,200,447,,DDoS-Guard
2026-09-27T01:59:58.460693+00:00,Annas-Archive,Annas-Archive.gl,PROTECTED,200,510,,DDoS-Guard
2026-09-27T02:00:59.567483+00:00,Annas-Archive,Annas-Archive.gl,PROTECTED,200,765,,DDoS-Guard
2026-09-27T02:02:00.653924+00:00,Annas-Archive,Annas-Archive.gl,PROTECTED,200,1110,,DDoS-Guard
2026-09-27T02:03:00.696005+00:00,Annas-Archive,Annas-Archive.gl,PROTECTED,200,743,,DDoS-Guard
2026-09-27T02:04:01.151761+00:00,Annas-Archive,Annas-Archive.gl,PROTECTED,200,933,,DDoS-Guard
2026-09-27T02:05:01.330121+00:00,Annas-Archive,Annas-Archive.gl,PROTECTED,200,690,,DDoS-Guard
2026-09-27T02:06:01.843762+00:00,Annas-Archive,Annas-Archive.gl,PROTECTED,200,701,,DDoS-Guard
2026-09-27T02:07:02.426642+00:00,Annas-Archive,Annas-Archive.gl,PROTECTED,200,1063,,DDoS-Guard
2026-09-27T02:08:02.948989+00:00,Annas-Archive,Annas-Archive.gl,PROTECTED,200,1465,,DDoS-Guard
2026-09-27T02:09:02.685904+00:00,Annas-Archive,Annas-Archive.gl,PROTECTED,200,985,,DDoS-Guard
2026-09-27T02:10:03.311004+00:00,Annas-Archive,Annas-Archive.gl,PROTECTED,200,988,,DDoS-Guard
2026-09-27T02:11:03.734969+00:00,Annas-Archive,Annas-Archive.gl,PROTECTED,200,731,,DDoS-Guard
2026-09-27T02:12:03.944257+00:00,Annas-Archive,Annas-Archive.gl,PROTECTED,200,768,,DDoS-Guard
2026-09-27T02:13:04.000732+00:00,Annas-Archive,Annas-Archive.gl,PROTECTED,200,307,,DDoS-Guard
2026-09-27T02:14:04.579046+00:00,Annas-Archive,Annas-Archive.gl,PROTECTED,200,690,,DDoS-Guard
2026-09-27T02:15:04.980761+00:00,Annas-Archive,Annas-Archive.gl,PROTECTED,200,507,,DDoS-Guard
2026-09-27T02:16:05.670511+00:00,Annas-Archive,Annas-Archive.gl,PROTECTED,200,801,,DDoS-Guard
2026-09-27T02:17:05.740733+00:00,Annas-Archive,Annas-Archive.gl,PROTECTED,200,746,,DDoS-Guard
2026-09-27T02:18:06.524425+00:00,Annas-Archive,Annas-Archive.gl,PROTECTED,200,1069,,DDoS-Guard
2026-09-27T02:19:06.669786+00:00,Annas-Archive,Annas-Archive.gl,PROTECTED,200,660,,DDoS-Guard
2026-09-27T02:20:07.112292+00:00,Annas-Archive,Annas-Archive.gl,PROTECTED,200,773,,DDoS-Guard
2026-09-27T02:21:07.299108+00:00,Annas-Archive,Annas-Archive.gl,PROTECTED,200,714,,DDoS-Guard
2026-09-27T02:22:07.540735+00:00,Annas-Archive,Annas-Archive.gl,PROTECTED,200,636,,DDoS-Guard
2026-09-27T02:23:07.656496+00:00,Annas-Archive,Annas-Archive.gl,PROTECTED,200,471,,DDoS-Guard
2026-09-27T02:24:09.591398+00:00,Annas-Archive,Annas-Archive.gl,PROTECTED,200,1776,,DDoS-Guard
2026-09-27T02:25:09.030013+00:00,Annas-Archive,Annas-Archive.gl,PROTECTED,200,712,,DDoS-Guard
2026-09-27T02:26:09.216018+00:00,Annas-Archive,Annas-Archive.gl,PROTECTED,200,643,,DDoS-Guard
2026-09-27T02:27:10.001690+00:00,Annas-Archive,Annas-Archive.gl,PROTECTED,200,826,,DDoS-Guard
2026-09-27T02:28:13.124061+00:00,Annas-Archive,Annas-Archive.gl,PROTECTED,200,3662,,DDoS-Guard
2026-09-27T02:29:12.092664+00:00,Annas-Archive,Annas-Archive.gl,PROTECTED,200,2196,,DDoS-Guard
2026-09-27T02:30:10.663453+00:00,Annas-Archive,Annas-Archive.gl,PROTECTED,200,757,,DDoS-Guard
2026-09-27T02:31:11.746036+00:00,Annas-Archive,Annas-Archive.gl,PROTECTED,200,1484,,DDoS-Guard
2026-09-27T02:32:13.053089+00:00,Annas-Archive,Annas-Archive.gl,PROTECTED,200,2189,,DDoS-Guard
2026-09-27T02:33:13.294070+00:00,Annas-Archive,Annas-Archive.gl,PROTECTED,200,1553,,DDoS-Guard
2026-09-27T02:34:12.755182+00:00,Annas-Archive,Annas-Archive.gl,PROTECTED,200,667,,DDoS-Guard
2026-09-27T02:35:13.585638+00:00,Annas-Archive,Annas-Archive.gl,PROTECTED,200,811,,DDoS-Guard
2026-09-27T02:36:13.773647+00:00,Annas-Archive,Annas-Archive.gl,PROTECTED,200,615,,DDoS-Guard
2026-09-27T02:37:14.375398+00:00,Annas-Archive,Annas-Archive.gl,PROTECTED,200,775,,DDoS-Guard
2026-09-27T02:38:14.051333+00:00,Annas-Archive,Annas-Archive.gl,PROTECTED,200,313,,DDoS-Guard
2026-09-27T02:39:14.638373+00:00,Annas-Archive,Annas-Archive.gl,PROTECTED,200,643,,DDoS-Guard
2026-09-27T02:40:15.218067+00:00,Annas-Archive,Annas-Archive.gl,PROTECTED,200,669,,DDoS-Guard
2026-09-27T02:41:17.301837+00:00,Annas-Archive,Annas-Archive.gl,PROTECTED,200,2375,,DDoS-Guard
2026-09-27T02:42:17.553464+00:00,Annas-Archive,Annas-Archive.gl,PROTECTED,200,2384,,DDoS-Guard
2026-09-27T02:43:16.081600+00:00,Annas-Archive,Annas-Archive.gl,PROTECTED,200,777,,DDoS-Guard
2026-09-27T02:44:16.725634+00:00,Annas-Archive,Annas-Archive.gl,PROTECTED,200,795,,DDoS-Guard
2026-09-27T02:45:16.867671+00:00,Annas-Archive,Annas-Archive.gl,PROTECTED,200,670,,DDoS-Guard
2026-09-27T02:46:17.599401+00:00,Annas-Archive,Annas-Archive.gl,PROTECTED,200,1116,,DDoS-Guard
2026-09-27T02:47:17.423742+00:00,Annas-Archive,Annas-Archive.gl,PROTECTED,200,338,,DDoS-Guard
2026-09-27T02:48:18.432124+00:00,Annas-Archive,Annas-Archive.gl,PROTECTED,200,713,,DDoS-Guard
2026-09-27T02:49:20.234944+00:00,Annas-Archive,Annas-Archive.gl,PROTECTED,200,1882,,DDoS-Guard
2026-09-27T02:50:19.684756+00:00,Annas-Archive,Annas-Archive.gl,PROTECTED,200,716,,DDoS-Guard
2026-09-27T02:51:20.983496+00:00,Annas-Archive,Annas-Archive.gl,PROTECTED,200,1505,,DDoS-Guard
2026-09-27T02:52:20.627718+00:00,Annas-Archive,Annas-Archive.gl,PROTECTED,200,684,,DDoS-Guard
2026-09-27T02:53:27.752001+00:00,Annas-Archive,Annas-Archive.gl,PROTECTED,200,7731,,DDoS-Guard
2026-09-27T02:54:21.412630+00:00,Annas-Archive,Annas-Archive.gl,PROTECTED,200,1198,,DDoS-Guard
2026-09-27T02:55:22.783222+00:00,Annas-Archive,Annas-Archive.gl,PROTECTED,200,2064,,DDoS-Guard
2026-09-27T02:56:22.379069+00:00,Annas-Archive,Annas-Archive.gl,PROTECTED,200,767,,DDoS-Guard
2026-09-27T02:57:22.625537+00:00,Annas-Archive,Annas-Archive.gl,PROTECTED,200,769,,DDoS-Guard
2026-09-27T02:58:23.164864+00:00,Annas-Archive,Annas-Archive.gl,PROTECTED,200,777,,DDoS-Guard
2026-09-27T02:59:23.635569+00:00,Annas-Archive,Annas-Archive.gl,PROTECTED,200,872,,DDoS-Guard
2026-09-27T03:00:23.620297+00:00,Annas-Archive,Annas-Archive.gl,PROTECTED,200,341,,DDoS-Guard
2026-09-27T03:01:25.872765+00:00,Annas-Archive,Annas-Archive.gl,PROTECTED,200,1990,,DDoS-Guard
2026-09-27T03:02:25.012011+00:00,Annas-Archive,Annas-Archive.gl,PROTECTED,200,855,,DDoS-Guard
2026-09-27T03:03:26.828903+00:00,Annas-Archive,Annas-Archive.gl,PROTECTED,200,2418,,DDoS-Guard
2026-09-27T03:04:26.344633+00:00,Annas-Archive,Annas-Archive.gl,PROTECTED,200,1089,,DDoS-Guard
2026-09-27T03:05:27.475399+00:00,Annas-Archive,Annas-Archive.gl,PROTECTED,200,1641,,DDoS-Guard
2026-09-27T03:06:28.233899+00:00,Annas-Archive,Annas-Archive.gl,PROTECTED,200,2310,,DDoS-Guard
2026-09-27T03:07:28.372794+00:00,Annas-Archive,Annas-Archive.gl,PROTECTED,200,1866,,DDoS-Guard
2026-09-27T03:08:29.031665+00:00,Annas-Archive,Annas-Archive.gl,PROTECTED,200,1918,,DDoS-Guard
2026-09-27T03:09:28.671004+00:00,Annas-Archive,Annas-Archive.gl,PROTECTED,200,771,,DDoS-Guard
2026-09-27T03:10:29.507298+00:00,Annas-Archive,Annas-Archive.gl,PROTECTED,200,1242,,DDoS-Guard
2026-09-27T03:11:29.618626+00:00,Annas-Archive,Annas-Archive.gl,PROTECTED,200,713,,DDoS-Guard
2026-09-27T03:12:30.261093+00:00,Annas-Archive,Annas-Archive.gl,PROTECTED,200,1137,,DDoS-Guard
2026-09-27T03:13:30.719767+00:00,Annas-Archive,Annas-Archive.gl,PROTECTED,200,847,,DDoS-Guard
2026-09-27T03:14:31.411958+00:00,Annas-Archive,Annas-Archive.gl,PROTECTED,200,830,,DDoS-Guard
2026-09-27T03:15:31.582613+00:00,Annas-Archive,Annas-Archive.gl,PROTECTED,200,723,,DDoS-Guard
2026-09-27T03:16:32.326714+00:00,Annas-Archive,Annas-Archive.gl,PROTECTED,200,988,,DDoS-Guard
2026-09-27T03:17:32.395771+00:00,Annas-Archive,Annas-Archive.gl,PROTECTED,200,773,,DDoS-Guard
2026-09-27T03:18:34.001218+00:00,Annas-Archive,Annas-Archive.gl,PROTECTED,200,1741,,DDoS-Guard
2026-09-27T03:19:34.863941+00:00,Annas-Archive,Annas-Archive.gl,PROTECTED,200,1844,,DDoS-Guard
2026-09-27T03:20:33.788754+00:00,Annas-Archive,Annas-Archive.gl,PROTECTED,200,607,,DDoS-Guard
2026-09-27T03:21:34.886035+00:00,Annas-Archive,Annas-Archive.gl,PROTECTED,200,1513,,DDoS-Guard
2026-09-27T03:22:34.143693+00:00,Annas-Archive,Annas-Archive.gl,PROTECTED,200,321,,DDoS-Guard
2026-09-27T03:23:35.235580+00:00,Annas-Archive,Annas-Archive.gl,PROTECTED,200,674,,DDoS-Guard
2026-09-27T03:24:35.473827+00:00,Annas-Archive,Annas-Archive.gl,PROTECTED,200,657,,DDoS-Guard
2026-09-27T03:25:35.730596+00:00,Annas-Archive,Annas-Archive.gl,PROTECTED,200,714,,DDoS-Guard
2026-09-27T03:26:36.998766+00:00,Annas-Archive,Annas-Archive.gl,PROTECTED,200,1401,,DDoS-Guard
2026-09-27T03:27:38.056256+00:00,Annas-Archive,Annas-Archive.gl,PROTECTED,200,2188,,DDoS-Guard
2026-09-27T03:28:36.793768+00:00,Annas-Archive,Annas-Archive.gl,PROTECTED,200,570,,DDoS-Guard
2026-09-27T03:29:37.647396+00:00,Annas-Archive,Annas-Archive.gl,PROTECTED,200,696,,DDoS-Guard
2026-09-27T03:30:40.028856+00:00,Annas-Archive,Annas-Archive.gl,PROTECTED,200,3028,,DDoS-Guard
2026-09-27T03:31:41.372144+00:00,Annas-Archive,Annas-Archive.gl,PROTECTED,200,4046,,DDoS-Guard
2026-09-27T03:32:38.087270+00:00,Annas-Archive,Annas-Archive.gl,PROTECTED,200,653,,DDoS-Guard
2026-09-27T03:33:38.827910+00:00,Annas-Archive,Annas-Archive.gl,PROTECTED,200,733,,DDoS-Guard
2026-09-27T03:34:39.062866+00:00,Annas-Archive,Annas-Archive.gl,PROTECTED,200,708,,DDoS-Guard
2026-09-27T03:35:39.157440+00:00,Annas-Archive,Annas-Archive.gl,PROTECTED,200,628,,DDoS-Guard
2026-09-27T03:36:40.560783+00:00,Annas-Archive,Annas-Archive.gl,PROTECTED,200,1457,,DDoS-Guard
2026-09-27T03:37:42.769068+00:00,Annas-Archive,Annas-Archive.gl,PROTECTED,200,3214,,DDoS-Guard
2026-09-27T03:38:52.680868+00:00,Annas-Archive,Annas-Archive.gl,PROTECTED,200,12903,,DDoS-Guard
2026-09-27T03:39:41.062172+00:00,Annas-Archive,Annas-Archive.gl,PROTECTED,200,931,,DDoS-Guard
2026-09-27T03:40:41.282023+00:00,Annas-Archive,Annas-Archive.gl,PROTECTED,200,645,,DDoS-Guard
2026-09-27T03:41:41.761435+00:00,Annas-Archive,Annas-Archive.gl,PROTECTED,200,637,,DDoS-Guard
2026-09-27T03:42:42.226482+00:00,Annas-Archive,Annas-Archive.gl,PROTECTED,200,589,,DDoS-Guard
2026-09-27T03:43:42.903886+00:00,Annas-Archive,Annas-Archive.gl,PROTECTED,200,620,,DDoS-Guard
2026-09-27T03:44:43.245302+00:00,Annas-Archive,Annas-Archive.gl,PROTECTED,200,810,,DDoS-Guard
2026-09-27T03:45:43.623908+00:00,Annas-Archive,Annas-Archive.gl,PROTECTED,200,693,,DDoS-Guard
2026-09-27T03:46:44.566525+00:00,Annas-Archive,Annas-Archive.gl,PROTECTED,200,819,,DDoS-Guard
2026-09-27T03:47:44.801529+00:00,Annas-Archive,Annas-Archive.gl,PROTECTED,200,687,,DDoS-Guard
2026-09-27T03:48:45.001706+00:00,Annas-Archive,Annas-Archive.gl,PROTECTED,200,694,,DDoS-Guard
2026-09-27T03:49:45.633946+00:00,Annas-Archive,Annas-Archive.gl,PROTECTED,200,992,,DDoS-Guard
2026-09-27T03:50:46.416092+00:00,Annas-Archive,Annas-Archive.gl,PROTECTED,200,843,,DDoS-Guard
2026-09-27T03:51:48.189101+00:00,Annas-Archive,Annas-Archive.gl,PROTECTED,200,2148,,DDoS-Guard
2026-09-27T03:52:48.664098+00:00,Annas-Archive,Annas-Archive.gl,PROTECTED,200,2307,,DDoS-Guard
2026-09-27T03:53:47.777670+00:00,Annas-Archive,Annas-Archive.gl,PROTECTED,200,1082,,DDoS-Guard
2026-09-27T03:54:48.054449+00:00,Annas-Archive,Annas-Archive.gl,PROTECTED,200,717,,DDoS-Guard
2026-09-27T03:55:48.431115+00:00,Annas-Archive,Annas-Archive.gl,PROTECTED,200,655,,DDoS-Guard
2026-09-27T03:56:48.947054+00:00,Annas-Archive,Annas-Archive.gl,PROTECTED,200,690,,DDoS-Guard
2026-09-27T03:57:49.345346+00:00,Annas-Archive,Annas-Archive.gl,PROTECTED,200,924,,DDoS-Guard
2026-09-27T03:58:49.563648+00:00,Annas-Archive,Annas-Archive.gl,PROTECTED,200,697,,DDoS-Guard
2026-09-27T03:59:50.151650+00:00,Annas-Archive,Annas-Archive.gl,PROTECTED,200,608,,DDoS-Guard
2026-09-27T04:00:51.671451+00:00,Annas-Archive,Annas-Archive.gl,PROTECTED,200,1700,,DDoS-Guard
2026-09-27T04:01:50.795759+00:00,Annas-Archive,Annas-Archive.gl,PROTECTED,200,538,,DDoS-Guard
2026-09-27T04:02:51.661247+00:00,Annas-Archive,Annas-Archive.gl,PROTECTED,200,719,,DDoS-Guard
2026-09-27T04:03:51.679775+00:00,Annas-Archive,Annas-Archive.gl,PROTECTED,200,366,,DDoS-Guard
2026-09-27T04:04:52.558786+00:00,Annas-Archive,Annas-Archive.gl,PROTECTED,200,618,,DDoS-Guard
2026-09-27T04:05:53.015461+00:00,Annas-Archive,Annas-Archive.gl,PROTECTED,200,690,,DDoS-Guard
2026-09-27T04:06:53.235674+00:00,Annas-Archive,Annas-Archive.gl,PROTECTED,200,644,,DDoS-Guard
2026-09-27T04:07:54.535880+00:00,Annas-Archive,Annas-Archive.gl,PROTECTED,200,1379,,DDoS-Guard
2026-09-27T04:08:54.402633+00:00,Annas-Archive,Annas-Archive.gl,PROTECTED,200,675,,DDoS-Guard
2026-09-27T04:09:55.462584+00:00,Annas-Archive,Annas-Archive.gl,PROTECTED,200,1423,,DDoS-Guard
2026-09-27T04:10:55.267756+00:00,Annas-Archive,Annas-Archive.gl,PROTECTED,200,804,,DDoS-Guard
2026-09-27T04:11:56.799535+00:00,Annas-Archive,Annas-Archive.gl,PROTECTED,200,1483,,DDoS-Guard
2026-09-27T04:12:57.059646+00:00,Annas-Archive,Annas-Archive.gl,PROTECTED,200,811,,DDoS-Guard
2026-09-27T04:13:57.031848+00:00,Annas-Archive,Annas-Archive.gl,PROTECTED,200,319,,DDoS-Guard
2026-09-27T04:15:05.530113+00:00,Annas-Archive,Annas-Archive.gl,PROTECTED,200,8195,,DDoS-Guard
2026-09-27T04:15:58.115723+00:00,Annas-Archive,Annas-Archive.gl,PROTECTED,200,773,,DDoS-Guard
2026-09-27T04:16:58.991392+00:00,Annas-Archive,Annas-Archive.gl,PROTECTED,200,1010,,DDoS-Guard
2026-09-27T04:17:59.696453+00:00,Annas-Archive,Annas-Archive.gl,PROTECTED,200,1151,,DDoS-Guard
2026-09-27T04:18:59.783079+00:00,Annas-Archive,Annas-Archive.gl,PROTECTED,200,677,,DDoS-Guard
2026-09-27T04:20:00.665274+00:00,Annas-Archive,Annas-Archive.gl,PROTECTED,200,818,,DDoS-Guard
2026-09-27T04:21:04.184467+00:00,Annas-Archive,Annas-Archive.gl,PROTECTED,200,3954,,DDoS-Guard
2026-09-27T04:22:01.435547+00:00,Annas-Archive,Annas-Archive.gl,PROTECTED,200,892,,DDoS-Guard
2026-09-27T04:23:02.918075+00:00,Annas-Archive,Annas-Archive.gl,PROTECTED,200,2149,,DDoS-Guard
2026-09-27T04:24:02.168049+00:00,Annas-Archive,Annas-Archive.gl,PROTECTED,200,767,,DDoS-Guard
2026-09-27T04:25:03.006621+00:00,Annas-Archive,Annas-Archive.gl,PROTECTED,200,1173,,DDoS-Guard
2026-09-27T04:26:03.560857+00:00,Annas-Archive,Annas-Archive.gl,PROTECTED,200,1323,,DDoS-Guard
2026-09-27T04:27:04.013365+00:00,Annas-Archive,Annas-Archive.gl,PROTECTED,200,1554,,DDoS-Guard
2026-09-27T04:28:03.502092+00:00,Annas-Archive,Annas-Archive.gl,PROTECTED,200,477,,DDoS-Guard
2026-09-27T04:29:04.066697+00:00,Annas-Archive,Annas-Archive.gl,PROTECTED,200,680,,DDoS-Guard
2026-09-27T04:30:04.446402+00:00,Annas-Archive,Annas-Archive.gl,PROTECTED,200,895,,DDoS-Guard
2026-09-27T04:31:04.540321+00:00,Annas-Archive,Annas-Archive.gl,PROTECTED,200,733,,DDoS-Guard
2026-09-27T04:32:06.632666+00:00,Annas-Archive,Annas-Archive.gl,PROTECTED,200,2173,,DDoS-Guard
2026-09-27T04:33:14.454603+00:00,Annas-Archive,Annas-Archive.gl,PROTECTED,200,9520,,DDoS-Guard
2026-09-27T04:34:05.604701+00:00,Annas-Archive,Annas-Archive.gl,PROTECTED,200,575,,DDoS-Guard
2026-09-27T04:35:06.490146+00:00,Annas-Archive,Annas-Archive.gl,PROTECTED,200,827,,DDoS-Guard
2026-09-27T04:36:06.864295+00:00,Annas-Archive,Annas-Archive.gl,PROTECTED,200,792,,DDoS-Guard
2026-09-27T04:37:07.036903+00:00,Annas-Archive,Annas-Archive.gl,PROTECTED,200,802,,DDoS-Guard
2026-09-27T04:38:07.078580+00:00,Annas-Archive,Annas-Archive.gl,PROTECTED,200,679,,DDoS-Guard
2026-09-27T04:39:07.480894+00:00,Annas-Archive,Annas-Archive.gl,PROTECTED,200,548,,DDoS-Guard
2026-09-27T04:40:07.816544+00:00,Annas-Archive,Annas-Archive.gl,PROTECTED,200,687,,DDoS-Guard
2026-09-27T04:41:08.067889+00:00,Annas-Archive,Annas-Archive.gl,PROTECTED,200,739,,DDoS-Guard
2026-09-27T04:42:08.583813+00:00,Annas-Archive,Annas-Archive.gl,PROTECTED,200,645,,DDoS-Guard
2026-09-27T04:43:09.101600+00:00,Annas-Archive,Annas-Archive.gl,PROTECTED,200,802,,DDoS-Guard
2026-09-27T04:44:09.072346+00:00,Annas-Archive,Annas-Archive.gl,PROTECTED,200,709,,DDoS-Guard
2026-09-27T04:45:09.577774+00:00,Annas-Archive,Annas-Archive.gl,PROTECTED,200,641,,DDoS-Guard
2026-09-27T04:46:10.047897+00:00,Annas-Archive,Annas-Archive.gl,PROTECTED,200,679,,DDoS-Guard
2026-09-27T04:47:10.291490+00:00,Annas-Archive,Annas-Archive.gl,PROTECTED,200,661,,DDoS-Guard
2026-09-27T04:48:11.317576+00:00,Annas-Archive,Annas-Archive.gl,PROTECTED,200,1463,,DDoS-Guard
2026-09-27T04:49:11.558951+00:00,Annas-Archive,Annas-Archive.gl,PROTECTED,200,807,,DDoS-Guard
2026-09-27T04:50:11.849467+00:00,Annas-Archive,Annas-Archive.gl,PROTECTED,200,689,,DDoS-Guard
2026-09-27T04:51:12.081257+00:00,Annas-Archive,Annas-Archive.gl,PROTECTED,200,737,,DDoS-Guard
2026-09-27T04:52:12.964135+00:00,Annas-Archive,Annas-Archive.gl,PROTECTED,200,1413,,DDoS-Guard
2026-09-27T04:53:12.860478+00:00,Annas-Archive,Annas-Archive.gl,PROTECTED,200,702,,DDoS-Guard
2026-09-27T04:54:13.272208+00:00,Annas-Archive,Annas-Archive.gl,PROTECTED,200,683,,DDoS-Guard
2026-09-27T04:55:13.084637+00:00,Annas-Archive,Annas-Archive.gl,PROTECTED,200,379,,DDoS-Guard
2026-09-27T04:56:14.376919+00:00,Annas-Archive,Annas-Archive.gl,PROTECTED,200,1404,,DDoS-Guard
2026-09-27T04:57:14.700594+00:00,Annas-Archive,Annas-Archive.gl,PROTECTED,200,1136,,DDoS-Guard
2026-09-27T04:58:21.645175+00:00,Annas-Archive,Annas-Archive.gl,PROTECTED,200,7678,,DDoS-Guard
2026-09-27T04:59:14.794391+00:00,Annas-Archive,Annas-Archive.gl,PROTECTED,200,622,,DDoS-Guard
2026-09-27T05:00:14.994691+00:00,Annas-Archive,Annas-Archive.gl,PROTECTED,200,661,,DDoS-Guard
2026-09-27T05:01:15.394646+00:00,Annas-Archive,Annas-Archive.gl,PROTECTED,200,757,,DDoS-Guard
2026-09-27T05:02:16.117713+00:00,Annas-Archive,Annas-Archive.gl,PROTECTED,200,795,,DDoS-Guard
2026-09-27T05:03:16.282071+00:00,Annas-Archive,Annas-Archive.gl,PROTECTED,200,751,,DDoS-Guard
2026-09-27T05:04:17.441678+00:00,Annas-Archive,Annas-Archive.gl,PROTECTED,200,1682,,DDoS-Guard
2026-09-27T05:05:16.922661+00:00,Annas-Archive,Annas-Archive.gl,PROTECTED,200,868,,DDoS-Guard
2026-09-27T05:06:17.443031+00:00,Annas-Archive,Annas-Archive.gl,PROTECTED,200,778,,DDoS-Guard
2026-09-27T05:07:18.697797+00:00,Annas-Archive,Annas-Archive.gl,PROTECTED,200,1465,,DDoS-Guard
2026-09-27T05:08:18.790075+00:00,Annas-Archive,Annas-Archive.gl,PROTECTED,200,1160,,DDoS-Guard
2026-09-27T05:09:18.354937+00:00,Annas-Archive,Annas-Archive.gl,PROTECTED,200,754,,DDoS-Guard
2026-09-27T05:10:19.120097+00:00,Annas-Archive,Annas-Archive.gl,PROTECTED,200,926,,DDoS-Guard
2026-09-27T05:11:19.360578+00:00,Annas-Archive,Annas-Archive.gl,PROTECTED,200,649,,DDoS-Guard
2026-09-27T05:12:21.058651+00:00,Annas-Archive,Annas-Archive.gl,PROTECTED,200,1718,,DDoS-Guard
2026-09-27T05:13:21.002410+00:00,Annas-Archive,Annas-Archive.gl,PROTECTED,200,1428,,DDoS-Guard
2026-09-27T05:14:20.221811+00:00,Annas-Archive,Annas-Archive.gl,PROTECTED,200,552,,DDoS-Guard
2026-09-27T05:15:20.848350+00:00,Annas-Archive,Annas-Archive.gl,PROTECTED,200,601,,DDoS-Guard
2026-09-27T05:16:21.372757+00:00,Annas-Archive,Annas-Archive.gl,PROTECTED,200,952,,DDoS-Guard
2026-09-27T05:17:21.226087+00:00,Annas-Archive,Annas-Archive.gl,PROTECTED,200,660,,DDoS-Guard
2026-09-27T05:18:21.939640+00:00,Annas-Archive,Annas-Archive.gl,PROTECTED,200,692,,DDoS-Guard
2026-09-27T05:19:22.265837+00:00,Annas-Archive,Annas-Archive.gl,PROTECTED,200,583,,DDoS-Guard
2026-09-27T05:20:22.673560+00:00,Annas-Archive,Annas-Archive.gl,PROTECTED,200,684,,DDoS-Guard
2026-09-27T05:21:30.883939+00:00,Annas-Archive,Annas-Archive.gl,PROTECTED,200,8540,,DDoS-Guard
2026-09-27T05:22:23.213915+00:00,Annas-Archive,Annas-Archive.gl,PROTECTED,200,314,,DDoS-Guard
2026-09-27T05:23:24.616421+00:00,Annas-Archive,Annas-Archive.gl,PROTECTED,200,1350,,DDoS-Guard
2026-09-27T05:24:24.285674+00:00,Annas-Archive,Annas-Archive.gl,PROTECTED,200,814,,DDoS-Guard
2026-09-27T05:25:24.559793+00:00,Annas-Archive,Annas-Archive.gl,PROTECTED,200,657,,DDoS-Guard
2026-09-27T05:26:25.109980+00:00,Annas-Archive,Annas-Archive.gl,DOWN,502,700,http_error,
2026-09-27T05:27:27.711693+00:00,Annas-Archive,Annas-Archive.gl,PROTECTED,200,3073,,DDoS-Guard
2026-09-27T05:28:25.089894+00:00,Annas-Archive,Annas-Archive.gl,PROTECTED,200,357,,DDoS-Guard
2026-09-27T05:29:25.983705+00:00,Annas-Archive,Annas-Archive.gl,PROTECTED,200,615,,DDoS-Guard
2026-09-27T05:30:27.353778+00:00,Annas-Archive,Annas-Archive.gl,PROTECTED,200,1662,,DDoS-Guard
2026-09-27T05:31:27.224682+00:00,Annas-Archive,Annas-Archive.gl,PROTECTED,200,904,,DDoS-Guard
2026-09-27T05:32:29.247808+00:00,Annas-Archive,Annas-Archive.gl,PROTECTED,200,2172,,DDoS-Guard
2026-09-27T05:33:35.073136+00:00,Annas-Archive,Annas-Archive.gl,PROTECTED,200,7915,,DDoS-Guard
2026-09-27T05:34:36.062363+00:00,Annas-Archive,Annas-Archive.gl,PROTECTED,200,8554,,DDoS-Guard
2026-09-27T05:35:28.643210+00:00,Annas-Archive,Annas-Archive.gl,PROTECTED,200,610,,DDoS-Guard
2026-09-27T05:36:29.250610+00:00,Annas-Archive,Annas-Archive.gl,PROTECTED,200,663,,DDoS-Guard
2026-09-27T05:37:30.939504+00:00,Annas-Archive,Annas-Archive.gl,PROTECTED,200,2039,,DDoS-Guard
2026-09-27T05:38:31.493093+00:00,Annas-Archive,Annas-Archive.gl,PROTECTED,200,2295,,DDoS-Guard
2026-09-27T05:39:30.637526+00:00,Annas-Archive,Annas-Archive.gl,PROTECTED,200,1239,,DDoS-Guard
2026-09-27T05:40:30.966717+00:00,Annas-Archive,Annas-Archive.gl,PROTECTED,200,815,,DDoS-Guard
2026-09-27T05:41:31.464769+00:00,Annas-Archive,Annas-Archive.gl,PROTECTED,200,665,,DDoS-Guard
2026-09-27T05:42:31.996587+00:00,Annas-Archive,Annas-Archive.gl,PROTECTED,200,688,,DDoS-Guard
2026-09-27T05:43:33.347317+00:00,Annas-Archive,Annas-Archive.gl,PROTECTED,200,1210,,DDoS-Guard
2026-09-27T05:44:34.120682+00:00,Annas-Archive,Annas-Archive.gl,PROTECTED,200,1133,,DDoS-Guard
2026-09-27T05:45:41.500398+00:00,Annas-Archive,Annas-Archive.gl,PROTECTED,200,7825,,DDoS-Guard
2026-09-27T05:46:34.991634+00:00,Annas-Archive,Annas-Archive.gl,PROTECTED,200,759,,DDoS-Guard
2026-09-27T05:47:42.401937+00:00,Annas-Archive,Annas-Archive.gl,PROTECTED,200,7852,,DDoS-Guard
2026-09-27T05:48:35.438761+00:00,Annas-Archive,Annas-Archive.gl,PROTECTED,200,677,,DDoS-Guard
2026-09-27T05:49:36.161664+00:00,Annas-Archive,Annas-Archive.gl,PROTECTED,200,751,,DDoS-Guard
2026-09-27T05:50:36.615770+00:00,Annas-Archive,Annas-Archive.gl,PROTECTED,200,710,,DDoS-Guard
2026-09-27T05:51:37.548215+00:00,Annas-Archive,Annas-Archive.gl,PROTECTED,200,1219,,DDoS-Guard
2026-09-27T05:52:36.796400+00:00,Annas-Archive,Annas-Archive.gl,PROTECTED,200,332,,DDoS-Guard
2026-09-27T05:53:38.076184+00:00,Annas-Archive,Annas-Archive.gl,PROTECTED,200,996,,DDoS-Guard
2026-09-27T05:54:38.156981+00:00,Annas-Archive,Annas-Archive.gl,PROTECTED,200,673,,DDoS-Guard
2026-09-27T05:55:39.411813+00:00,Annas-Archive,Annas-Archive.gl,PROTECTED,200,1592,,DDoS-Guard
2026-09-27T05:56:38.809161+00:00,Annas-Archive,Annas-Archive.gl,PROTECTED,200,716,,DDoS-Guard
2026-09-27T05:57:38.546038+00:00,Annas-Archive,Annas-Archive.gl,PROTECTED,200,311,,DDoS-Guard
2026-09-27T05:58:39.892292+00:00,Annas-Archive,Annas-Archive.gl,PROTECTED,200,1042,,DDoS-Guard
2026-09-27T05:59:39.925177+00:00,Annas-Archive,Annas-Archive.gl,PROTECTED,200,513,,DDoS-Guard
2026-09-27T06:00:40.097966+00:00,Annas-Archive,Annas-Archive.gl,PROTECTED,200,349,,DDoS-Guard
2026-09-27T06:01:41.679184+00:00,Annas-Archive,Annas-Archive.gl,PROTECTED,200,1216,,DDoS-Guard
2026-09-27T06:02:42.403941+00:00,Annas-Archive,Annas-Archive.gl,PROTECTED,200,1194,,DDoS-Guard
2026-09-27T06:03:42.763703+00:00,Annas-Archive,Annas-Archive.gl,PROTECTED,200,976,,DDoS-Guard
2026-09-27T06:04:43.142112+00:00,Annas-Archive,Annas-Archive.gl,PROTECTED,200,1081,,DDoS-Guard
2026-09-27T06:05:42.987271+00:00,Annas-Archive,Annas-Archive.gl,PROTECTED,200,653,,DDoS-Guard
2026-09-27T06:06:43.298989+00:00,Annas-Archive,Annas-Archive.gl,PROTECTED,200,623,,DDoS-Guard
2026-09-27T06:07:43.624601+00:00,Annas-Archive,Annas-Archive.gl,PROTECTED,200,674,,DDoS-Guard
2026-09-27T06:08:44.441491+00:00,Annas-Archive,Annas-Archive.gl,PROTECTED,200,718,,DDoS-Guard
2026-09-27T06:09:44.589447+00:00,Annas-Archive,Annas-Archive.gl,PROTECTED,200,582,,DDoS-Guard
2026-09-27T06:10:44.920005+00:00,Annas-Archive,Annas-Archive.gl,PROTECTED,200,690,,DDoS-Guard
2026-09-27T06:11:44.806676+00:00,Annas-Archive,Annas-Archive.gl,PROTECTED,200,318,,DDoS-Guard
2026-09-27T06:12:45.658748+00:00,Annas-Archive,Annas-Archive.gl,PROTECTED,200,833,,DDoS-Guard
2026-09-27T06:13:45.828336+00:00,Annas-Archive,Annas-Archive.gl,PROTECTED,200,701,,DDoS-Guard
2026-09-27T06:14:46.413969+00:00,Annas-Archive,Annas-Archive.gl,PROTECTED,200,1042,,DDoS-Guard
2026-09-27T06:15:46.206732+00:00,Annas-Archive,Annas-Archive.gl,PROTECTED,200,749,,DDoS-Guard
2026-09-27T06:16:46.825569+00:00,Annas-Archive,Annas-Archive.gl,PROTECTED,200,744,,DDoS-Guard
2026-09-27T06:17:47.013702+00:00,Annas-Archive,Annas-Archive.gl,PROTECTED,200,752,,DDoS-Guard
2026-09-27T06:18:47.713898+00:00,Annas-Archive,Annas-Archive.gl,PROTECTED,200,1229,,DDoS-Guard
2026-09-27T06:19:47.982570+00:00,Annas-Archive,Annas-Archive.gl,PROTECTED,200,1400,,DDoS-Guard
2026-09-27T06:20:47.589755+00:00,Annas-Archive,Annas-Archive.gl,PROTECTED,200,805,,DDoS-Guard
2026-09-27T06:21:48.617492+00:00,Annas-Archive,Annas-Archive.gl,PROTECTED,200,1126,,DDoS-Guard
2026-09-27T06:22:48.168191+00:00,Annas-Archive,Annas-Archive.gl,PROTECTED,200,549,,DDoS-Guard
2026-09-27T06:23:49.491204+00:00,Annas-Archive,Annas-Archive.gl,PROTECTED,200,1611,,DDoS-Guard
2026-09-27T06:24:49.541786+00:00,Annas-Archive,Annas-Archive.gl,PROTECTED,200,703,,DDoS-Guard
2026-09-27T06:25:58.122162+00:00,Annas-Archive,Annas-Archive.gl,PROTECTED,200,8475,,DDoS-Guard
2026-09-27T06:26:51.123270+00:00,Annas-Archive,Annas-Archive.gl,PROTECTED,200,679,,DDoS-Guard
2026-09-27T06:27:52.926859+00:00,Annas-Archive,Annas-Archive.gl,PROTECTED,200,1456,,DDoS-Guard
2026-09-27T06:28:53.962708+00:00,Annas-Archive,Annas-Archive.gl,PROTECTED,200,1778,,DDoS-Guard
2026-09-27T06:30:02.085841+00:00,Annas-Archive,Annas-Archive.gl,PROTECTED,200,9100,,DDoS-Guard
2026-09-27T06:30:54.805589+00:00,Annas-Archive,Annas-Archive.gl,PROTECTED,200,648,,DDoS-Guard
2026-09-27T06:32:03.116901+00:00,Annas-Archive,Annas-Archive.gl,PROTECTED,200,8258,,DDoS-Guard
2026-09-27T06:33:03.590220+00:00,Annas-Archive,Annas-Archive.gl,PROTECTED,200,7827,,DDoS-Guard
2026-09-27T06:33:57.093462+00:00,Annas-Archive,Annas-Archive.gl,PROTECTED,200,610,,DDoS-Guard
2026-09-27T06:34:57.532631+00:00,Annas-Archive,Annas-Archive.gl,PROTECTED,200,612,,DDoS-Guard
2026-09-27T06:35:58.924689+00:00,Annas-Archive,Annas-Archive.gl,PROTECTED,200,1053,,DDoS-Guard
2026-09-27T06:37:01.637048+00:00,Annas-Archive,Annas-Archive.gl,PROTECTED,200,2917,,DDoS-Guard
2026-09-27T06:37:59.342459+00:00,Annas-Archive,Annas-Archive.gl,PROTECTED,200,632,,DDoS-Guard
2026-09-27T06:39:00.258641+00:00,Annas-Archive,Annas-Archive.gl,PROTECTED,200,723,,DDoS-Guard
2026-09-27T06:40:01.197206+00:00,Annas-Archive,Annas-Archive.gl,PROTECTED,200,746,,DDoS-Guard
2026-09-27T06:41:04.678196+00:00,Annas-Archive,Annas-Archive.gl,PROTECTED,200,3490,,DDoS-Guard
2026-09-27T06:42:02.815651+00:00,Annas-Archive,Annas-Archive.gl,PROTECTED,200,799,,DDoS-Guard
2026-09-27T06:43:10.720157+00:00,Annas-Archive,Annas-Archive.gl,PROTECTED,200,7893,,DDoS-Guard
2026-09-27T06:44:04.239352+00:00,Annas-Archive,Annas-Archive.gl,PROTECTED,200,615,,DDoS-Guard
2026-09-27T06:45:05.156605+00:00,Annas-Archive,Annas-Archive.gl,PROTECTED,200,768,,DDoS-Guard
2026-09-27T06:46:05.966586+00:00,Annas-Archive,Annas-Archive.gl,PROTECTED,200,661,,DDoS-Guard
2026-09-27T06:47:07.666311+00:00,Annas-Archive,Annas-Archive.gl,PROTECTED,200,1420,,DDoS-Guard
2026-09-27T06:48:07.615706+00:00,Annas-Archive,Annas-Archive.gl,PROTECTED,200,675,,DDoS-Guard
2026-09-27T06:49:08.442172+00:00,Annas-Archive,Annas-Archive.gl,PROTECTED,200,685,,DDoS-Guard
2026-09-27T06:50:08.748122+00:00,Annas-Archive,Annas-Archive.gl,PROTECTED,200,631,,DDoS-Guard
2026-09-27T06:51:09.861162+00:00,Annas-Archive,Annas-Archive.gl,PROTECTED,200,1559,,DDoS-Guard
2026-09-27T06:52:10.869687+00:00,Annas-Archive,Annas-Archive.gl,PROTECTED,200,1790,,DDoS-Guard
2026-09-27T06:53:10.972990+00:00,Annas-Archive,Annas-Archive.gl,PROTECTED,200,1037,,DDoS-Guard
2026-09-27T06:54:11.482448+00:00,Annas-Archive,Annas-Archive.gl,PROTECTED,200,692,,DDoS-Guard
2026-09-27T06:55:13.198900+00:00,Annas-Archive,Annas-Archive.gl,PROTECTED,200,1603,,DDoS-Guard
2026-09-27T06:56:12.345600+00:00,Annas-Archive,Annas-Archive.gl,PROTECTED,200,326,,DDoS-Guard
2026-09-27T06:57:14.719622+00:00,Annas-Archive,Annas-Archive.gl,PROTECTED,200,1664,,DDoS-Guard
2026-09-27T06:58:14.762928+00:00,Annas-Archive,Annas-Archive.gl,PROTECTED,200,1703,,DDoS-Guard
2026-09-27T06:59:14.641099+00:00,Annas-Archive,Annas-Archive.gl,PROTECTED,200,823,,DDoS-Guard
2026-09-27T07:00:15.317377+00:00,Annas-Archive,Annas-Archive.gl,PROTECTED,200,716,,DDoS-Guard
2026-09-27T07:01:16.146344+00:00,Annas-Archive,Annas-Archive.gl,PROTECTED,200,666,,DDoS-Guard
2026-09-27T07:02:17.322585+00:00,Annas-Archive,Annas-Archive.gl,PROTECTED,200,842,,DDoS-Guard
2026-09-27T07:03:18.831585+00:00,Annas-Archive,Annas-Archive.gl,PROTECTED,200,1753,,DDoS-Guard
2026-09-27T07:04:19.959148+00:00,Annas-Archive,Annas-Archive.gl,PROTECTED,200,2078,,DDoS-Guard
2026-09-27T07:05:21.652581+00:00,Annas-Archive,Annas-Archive.gl,PROTECTED,200,2834,,DDoS-Guard
2026-09-27T07:06:20.112751+00:00,Annas-Archive,Annas-Archive.gl,PROTECTED,200,309,,DDoS-Guard
2026-09-27T07:07:20.772756+00:00,Annas-Archive,Annas-Archive.gl,PROTECTED,200,682,,DDoS-Guard
2026-09-27T07:08:22.067566+00:00,Annas-Archive,Annas-Archive.gl,PROTECTED,200,1173,,DDoS-Guard
2026-09-27T07:09:22.399377+00:00,Annas-Archive,Annas-Archive.gl,PROTECTED,200,633,,DDoS-Guard
2026-09-27T07:10:22.516596+00:00,Annas-Archive,Annas-Archive.gl,PROTECTED,200,749,,DDoS-Guard
2026-09-27T07:11:30.518757+00:00,Annas-Archive,Annas-Archive.gl,PROTECTED,200,8213,,DDoS-Guard
2026-09-27T07:12:24.169482+00:00,Annas-Archive,Annas-Archive.gl,PROTECTED,200,897,,DDoS-Guard
2026-09-27T07:13:24.877405+00:00,Annas-Archive,Annas-Archive.gl,PROTECTED,200,1245,,DDoS-Guard
2026-09-27T07:14:26.123461+00:00,Annas-Archive,Annas-Archive.gl,PROTECTED,200,1726,,DDoS-Guard
2026-09-27T07:15:25.361651+00:00,Annas-Archive,Annas-Archive.gl,PROTECTED,200,550,,DDoS-Guard
2026-09-27T07:16:26.519384+00:00,Annas-Archive,Annas-Archive.gl,PROTECTED,200,759,,DDoS-Guard
2026-09-27T07:17:28.153816+00:00,Annas-Archive,Annas-Archive.gl,PROTECTED,200,1541,,DDoS-Guard
2026-09-27T07:18:28.678509+00:00,Annas-Archive,Annas-Archive.gl,PROTECTED,200,1212,,DDoS-Guard
2026-09-27T07:19:29.007831+00:00,Annas-Archive,Annas-Archive.gl,PROTECTED,200,668,,DDoS-Guard
2026-09-27T07:20:29.863249+00:00,Annas-Archive,Annas-Archive.gl,PROTECTED,200,593,,DDoS-Guard
2026-09-27T07:21:31.742213+00:00,Annas-Archive,Annas-Archive.gl,PROTECTED,200,2353,,DDoS-Guard
2026-09-27T07:22:31.088249+00:00,Annas-Archive,Annas-Archive.gl,PROTECTED,200,873,,DDoS-Guard
2026-09-27T07:23:31.893330+00:00,Annas-Archive,Annas-Archive.gl,PROTECTED,200,1614,,DDoS-Guard
2026-09-27T07:24:31.992884+00:00,Annas-Archive,Annas-Archive.gl,PROTECTED,200,806,,DDoS-Guard
2026-09-27T07:25:32.819408+00:00,Annas-Archive,Annas-Archive.gl,PROTECTED,200,739,,DDoS-Guard
2026-09-27T07:26:33.645582+00:00,Annas-Archive,Annas-Archive.gl,DOWN,502,626,http_error,
2026-09-27T07:27:36.422652+00:00,Annas-Archive,Annas-Archive.gl,PROTECTED,200,2918,,DDoS-Guard
2026-09-27T07:28:35.079076+00:00,Annas-Archive,Annas-Archive.gl,PROTECTED,200,649,,DDoS-Guard
2026-09-27T07:29:36.040735+00:00,Annas-Archive,Annas-Archive.gl,PROTECTED,200,655,,DDoS-Guard
2026-09-27T07:30:37.317318+00:00,Annas-Archive,Annas-Archive.gl,PROTECTED,200,2023,,DDoS-Guard
2026-09-27T07:31:39.297131+00:00,Annas-Archive,Annas-Archive.gl,PROTECTED,200,3216,,DDoS-Guard
2026-09-27T07:32:38.093540+00:00,Annas-Archive,Annas-Archive.gl,PROTECTED,200,1138,,DDoS-Guard
2026-09-27T07:33:38.646065+00:00,Annas-Archive,Annas-Archive.gl,PROTECTED,200,692,,DDoS-Guard
2026-09-27T07:34:39.402913+00:00,Annas-Archive,Annas-Archive.gl,PROTECTED,200,598,,DDoS-Guard
2026-09-27T07:35:40.614622+00:00,Annas-Archive,Annas-Archive.gl,PROTECTED,200,920,,DDoS-Guard
2026-09-27T07:36:41.448601+00:00,Annas-Archive,Annas-Archive.gl,PROTECTED,200,860,,DDoS-Guard
2026-09-27T07:37:42.161143+00:00,Annas-Archive,Annas-Archive.gl,PROTECTED,200,624,,DDoS-Guard
2026-09-27T07:38:45.724108+00:00,Annas-Archive,Annas-Archive.gl,PROTECTED,200,3412,,DDoS-Guard
2026-09-27T07:39:43.164822+00:00,Annas-Archive,Annas-Archive.gl,PROTECTED,200,634,,DDoS-Guard
2026-09-27T07:40:44.232654+00:00,Annas-Archive,Annas-Archive.gl,PROTECTED,200,737,,DDoS-Guard
2026-09-27T07:41:44.986700+00:00,Annas-Archive,Annas-Archive.gl,PROTECTED,200,714,,DDoS-Guard
2026-09-27T07:42:45.886590+00:00,Annas-Archive,Annas-Archive.gl,PROTECTED,200,760,,DDoS-Guard
2026-09-27T07:43:46.686753+00:00,Annas-Archive,Annas-Archive.gl,PROTECTED,200,732,,DDoS-Guard
2026-09-27T07:44:47.185126+00:00,Annas-Archive,Annas-Archive.gl,PROTECTED,200,793,,DDoS-Guard
