# version: 2
# schema: timestamp,site_id,domain_id,domain_status,http_status,latency_ms,failure_type,protection_type
timestamp,site_id,domain_id,domain_status,http_status,latency_ms,failure_type,protection_type
2026-10-06T01:38:14.011950+00:00,Annas-Archive,Annas-Archive.pk,PROTECTED,200,3743,,DDoS-Guard
2026-10-06T01:39:13.355111+00:00,Annas-Archive,Annas-Archive.pk,PROTECTED,200,2814,,DDoS-Guard
2026-10-06T01:40:14.366099+00:00,Annas-Archive,Annas-Archive.pk,PROTECTED,200,3505,,DDoS-Guard
2026-10-06T01:41:14.742195+00:00,Annas-Archive,Annas-Archive.pk,PROTECTED,200,3510,,DDoS-Guard
2026-10-06T01:42:12.741835+00:00,Annas-Archive,Annas-Archive.pk,PROTECTED,200,882,,DDoS-Guard
2026-10-06T01:43:14.832617+00:00,Annas-Archive,Annas-Archive.pk,PROTECTED,200,2692,,DDoS-Guard
2026-10-06T01:44:18.035917+00:00,Annas-Archive,Annas-Archive.pk,PROTECTED,200,5268,,DDoS-Guard
2026-10-06T01:45:13.938075+00:00,Annas-Archive,Annas-Archive.pk,PROTECTED,200,860,,DDoS-Guard
2026-10-06T01:46:14.662151+00:00,Annas-Archive,Annas-Archive.pk,PROTECTED,200,833,,DDoS-Guard
2026-10-06T01:47:18.311000+00:00,Annas-Archive,Annas-Archive.pk,PROTECTED,200,3617,,DDoS-Guard
2026-10-06T01:48:18.075227+00:00,Annas-Archive,Annas-Archive.pk,PROTECTED,200,3015,,DDoS-Guard
2026-10-06T01:49:18.167566+00:00,Annas-Archive,Annas-Archive.pk,PROTECTED,200,2773,,DDoS-Guard
2026-10-06T01:50:18.060022+00:00,Annas-Archive,Annas-Archive.pk,PROTECTED,200,2442,,DDoS-Guard
2026-10-06T01:51:18.115849+00:00,Annas-Archive,Annas-Archive.pk,PROTECTED,200,1730,,DDoS-Guard
2026-10-06T01:52:18.101471+00:00,Annas-Archive,Annas-Archive.pk,PROTECTED,200,1062,,DDoS-Guard
2026-10-06T01:53:25.235830+00:00,Annas-Archive,Annas-Archive.pk,PROTECTED,200,7970,,DDoS-Guard
2026-10-06T01:54:20.249569+00:00,Annas-Archive,Annas-Archive.pk,PROTECTED,200,2680,,DDoS-Guard
2026-10-06T01:55:19.109588+00:00,Annas-Archive,Annas-Archive.pk,PROTECTED,200,729,,DDoS-Guard
2026-10-06T01:56:19.704692+00:00,Annas-Archive,Annas-Archive.pk,PROTECTED,200,660,,DDoS-Guard
2026-10-06T01:57:21.256965+00:00,Annas-Archive,Annas-Archive.pk,PROTECTED,200,1883,,DDoS-Guard
2026-10-06T01:58:20.444661+00:00,Annas-Archive,Annas-Archive.pk,PROTECTED,200,696,,DDoS-Guard
2026-10-06T01:59:20.748615+00:00,Annas-Archive,Annas-Archive.pk,PROTECTED,200,374,,DDoS-Guard
2026-10-06T02:00:22.327895+00:00,Annas-Archive,Annas-Archive.pk,PROTECTED,200,1622,,DDoS-Guard
2026-10-06T02:01:22.096709+00:00,Annas-Archive,Annas-Archive.pk,PROTECTED,200,1011,,DDoS-Guard
2026-10-06T02:02:22.335793+00:00,Annas-Archive,Annas-Archive.pk,PROTECTED,200,789,,DDoS-Guard
2026-10-06T02:03:22.725436+00:00,Annas-Archive,Annas-Archive.pk,PROTECTED,200,962,,DDoS-Guard
2026-10-06T02:04:31.659229+00:00,Annas-Archive,Annas-Archive.pk,PROTECTED,200,9470,,DDoS-Guard
2026-10-06T02:05:23.547642+00:00,Annas-Archive,Annas-Archive.pk,PROTECTED,200,706,,DDoS-Guard
2026-10-06T02:06:23.967535+00:00,Annas-Archive,Annas-Archive.pk,PROTECTED,200,648,,DDoS-Guard
2026-10-06T02:07:32.345167+00:00,Annas-Archive,Annas-Archive.pk,PROTECTED,200,8246,,DDoS-Guard
2026-10-06T02:08:25.522353+00:00,Annas-Archive,Annas-Archive.pk,PROTECTED,200,686,,DDoS-Guard
2026-10-06T02:09:26.084570+00:00,Annas-Archive,Annas-Archive.pk,PROTECTED,200,817,,DDoS-Guard
2026-10-06T02:10:26.495152+00:00,Annas-Archive,Annas-Archive.pk,PROTECTED,200,1095,,DDoS-Guard
2026-10-06T02:11:26.981973+00:00,Annas-Archive,Annas-Archive.pk,PROTECTED,200,798,,DDoS-Guard
2026-10-06T02:12:27.418817+00:00,Annas-Archive,Annas-Archive.pk,PROTECTED,200,659,,DDoS-Guard
2026-10-06T02:13:27.933669+00:00,Annas-Archive,Annas-Archive.pk,PROTECTED,200,914,,DDoS-Guard
2026-10-06T02:14:28.865168+00:00,Annas-Archive,Annas-Archive.pk,PROTECTED,200,1460,,DDoS-Guard
2026-10-06T02:15:30.100908+00:00,Annas-Archive,Annas-Archive.pk,PROTECTED,200,2485,,DDoS-Guard
2026-10-06T02:16:30.853469+00:00,Annas-Archive,Annas-Archive.pk,PROTECTED,200,2512,,DDoS-Guard
2026-10-06T02:17:29.935375+00:00,Annas-Archive,Annas-Archive.pk,PROTECTED,200,1251,,DDoS-Guard
2026-10-06T02:18:31.632243+00:00,Annas-Archive,Annas-Archive.pk,PROTECTED,200,2398,,DDoS-Guard
2026-10-06T02:19:30.857949+00:00,Annas-Archive,Annas-Archive.pk,PROTECTED,200,835,,DDoS-Guard
2026-10-06T02:20:32.897942+00:00,Annas-Archive,Annas-Archive.pk,PROTECTED,200,2201,,DDoS-Guard
2026-10-06T02:21:32.579356+00:00,Annas-Archive,Annas-Archive.pk,PROTECTED,200,1374,,DDoS-Guard
2026-10-06T02:22:33.349055+00:00,Annas-Archive,Annas-Archive.pk,PROTECTED,200,1687,,DDoS-Guard
2026-10-06T02:23:32.668419+00:00,Annas-Archive,Annas-Archive.pk,PROTECTED,200,710,,DDoS-Guard
2026-10-06T02:24:34.305644+00:00,Annas-Archive,Annas-Archive.pk,PROTECTED,200,1582,,DDoS-Guard
2026-10-06T02:25:34.104022+00:00,Annas-Archive,Annas-Archive.pk,PROTECTED,200,1006,,DDoS-Guard
2026-10-06T02:26:35.068016+00:00,Annas-Archive,Annas-Archive.pk,PROTECTED,200,1307,,DDoS-Guard
2026-10-06T02:27:35.827624+00:00,Annas-Archive,Annas-Archive.pk,PROTECTED,200,1432,,DDoS-Guard
2026-10-06T02:28:36.528846+00:00,Annas-Archive,Annas-Archive.pk,PROTECTED,200,1812,,DDoS-Guard
2026-10-06T02:29:37.084435+00:00,Annas-Archive,Annas-Archive.pk,PROTECTED,200,1905,,DDoS-Guard
2026-10-06T02:30:37.653777+00:00,Annas-Archive,Annas-Archive.pk,PROTECTED,200,1722,,DDoS-Guard
2026-10-06T02:31:39.183854+00:00,Annas-Archive,Annas-Archive.pk,PROTECTED,200,2612,,DDoS-Guard
2026-10-06T02:32:37.976984+00:00,Annas-Archive,Annas-Archive.pk,PROTECTED,200,677,,DDoS-Guard
2026-10-06T02:33:38.681833+00:00,Annas-Archive,Annas-Archive.pk,PROTECTED,200,683,,DDoS-Guard
2026-10-06T02:34:47.988320+00:00,Annas-Archive,Annas-Archive.pk,PROTECTED,200,9650,,DDoS-Guard
2026-10-06T02:35:40.768455+00:00,Annas-Archive,Annas-Archive.pk,PROTECTED,200,2052,,DDoS-Guard
2026-10-06T02:36:39.711822+00:00,Annas-Archive,Annas-Archive.pk,PROTECTED,200,628,,DDoS-Guard
2026-10-06T02:37:40.820768+00:00,Annas-Archive,Annas-Archive.pk,PROTECTED,200,1314,,DDoS-Guard
2026-10-06T02:38:41.992679+00:00,Annas-Archive,Annas-Archive.pk,PROTECTED,200,1903,,DDoS-Guard
2026-10-06T02:39:41.495143+00:00,Annas-Archive,Annas-Archive.pk,PROTECTED,200,419,,DDoS-Guard
2026-10-06T02:40:43.234857+00:00,Annas-Archive,Annas-Archive.pk,PROTECTED,200,1515,,DDoS-Guard
2026-10-06T02:41:43.225024+00:00,Annas-Archive,Annas-Archive.pk,PROTECTED,200,847,,DDoS-Guard
2026-10-06T02:42:45.236866+00:00,Annas-Archive,Annas-Archive.pk,PROTECTED,200,2163,,DDoS-Guard
2026-10-06T02:43:44.254552+00:00,Annas-Archive,Annas-Archive.pk,PROTECTED,200,737,,DDoS-Guard
2026-10-06T02:45:04.118869+00:00,Annas-Archive,Annas-Archive.pk,TIMEOUT,,,timeout,
2026-10-06T02:45:44.947774+00:00,Annas-Archive,Annas-Archive.pk,PROTECTED,200,786,,DDoS-Guard
2026-10-06T02:46:48.084758+00:00,Annas-Archive,Annas-Archive.pk,PROTECTED,200,3532,,DDoS-Guard
2026-10-06T02:47:47.678754+00:00,Annas-Archive,Annas-Archive.pk,PROTECTED,200,2852,,DDoS-Guard
2026-10-06T02:48:45.977207+00:00,Annas-Archive,Annas-Archive.pk,PROTECTED,200,669,,DDoS-Guard
2026-10-06T02:49:47.105601+00:00,Annas-Archive,Annas-Archive.pk,PROTECTED,200,1660,,DDoS-Guard
2026-10-06T02:50:48.843093+00:00,Annas-Archive,Annas-Archive.pk,PROTECTED,200,2608,,DDoS-Guard
2026-10-06T02:51:48.073481+00:00,Annas-Archive,Annas-Archive.pk,PROTECTED,200,1106,,DDoS-Guard
2026-10-06T02:52:48.093682+00:00,Annas-Archive,Annas-Archive.pk,PROTECTED,200,681,,DDoS-Guard
2026-10-06T02:53:56.612737+00:00,Annas-Archive,Annas-Archive.pk,PROTECTED,200,8486,,DDoS-Guard
2026-10-06T02:54:54.886151+00:00,Annas-Archive,Annas-Archive.pk,PROTECTED,200,6350,,DDoS-Guard
2026-10-06T02:55:51.386751+00:00,Annas-Archive,Annas-Archive.pk,PROTECTED,200,2337,,DDoS-Guard
2026-10-06T02:56:50.340997+00:00,Annas-Archive,Annas-Archive.pk,PROTECTED,200,713,,DDoS-Guard
2026-10-06T02:57:51.077706+00:00,Annas-Archive,Annas-Archive.pk,PROTECTED,200,947,,DDoS-Guard
2026-10-06T02:58:57.254128+00:00,Annas-Archive,Annas-Archive.pk,PROTECTED,200,6889,,DDoS-Guard
2026-10-06T02:59:51.225901+00:00,Annas-Archive,Annas-Archive.pk,PROTECTED,200,617,,DDoS-Guard
2026-10-06T03:00:56.440069+00:00,Annas-Archive,Annas-Archive.pk,PROTECTED,200,5471,,DDoS-Guard
2026-10-06T03:01:52.202575+00:00,Annas-Archive,Annas-Archive.pk,DOWN,502,730,http_error,
2026-10-06T03:02:52.621979+00:00,Annas-Archive,Annas-Archive.pk,DOWN,502,776,http_error,
2026-10-06T03:03:53.760560+00:00,Annas-Archive,Annas-Archive.pk,PROTECTED,200,1041,,DDoS-Guard
2026-10-06T03:04:53.918064+00:00,Annas-Archive,Annas-Archive.pk,PROTECTED,200,895,,DDoS-Guard
2026-10-06T03:05:54.408998+00:00,Annas-Archive,Annas-Archive.pk,PROTECTED,200,882,,DDoS-Guard
2026-10-06T03:06:54.645716+00:00,Annas-Archive,Annas-Archive.pk,PROTECTED,200,440,,DDoS-Guard
2026-10-06T03:07:55.522486+00:00,Annas-Archive,Annas-Archive.pk,PROTECTED,200,787,,DDoS-Guard
2026-10-06T03:09:04.219177+00:00,Annas-Archive,Annas-Archive.pk,PROTECTED,200,8765,,DDoS-Guard
2026-10-06T03:10:00.477491+00:00,Annas-Archive,Annas-Archive.pk,PROTECTED,200,4588,,DDoS-Guard
2026-10-06T03:11:01.625941+00:00,Annas-Archive,Annas-Archive.pk,PROTECTED,200,4590,,DDoS-Guard
2026-10-06T03:11:58.673426+00:00,Annas-Archive,Annas-Archive.pk,PROTECTED,200,1014,,DDoS-Guard
2026-10-06T03:12:58.897789+00:00,Annas-Archive,Annas-Archive.pk,PROTECTED,200,669,,DDoS-Guard
2026-10-06T03:13:59.502309+00:00,Annas-Archive,Annas-Archive.pk,PROTECTED,200,676,,DDoS-Guard
2026-10-06T03:15:01.327504+00:00,Annas-Archive,Annas-Archive.pk,PROTECTED,200,1781,,DDoS-Guard
2026-10-06T03:16:00.803901+00:00,Annas-Archive,Annas-Archive.pk,PROTECTED,200,779,,DDoS-Guard
2026-10-06T03:17:03.505079+00:00,Annas-Archive,Annas-Archive.pk,PROTECTED,200,2569,,DDoS-Guard
2026-10-06T03:18:02.869865+00:00,Annas-Archive,Annas-Archive.pk,PROTECTED,200,1075,,DDoS-Guard
2026-10-06T03:19:06.019914+00:00,Annas-Archive,Annas-Archive.pk,PROTECTED,200,3307,,DDoS-Guard
2026-10-06T03:20:04.216977+00:00,Annas-Archive,Annas-Archive.pk,PROTECTED,200,1132,,DDoS-Guard
2026-10-06T03:21:04.248139+00:00,Annas-Archive,Annas-Archive.pk,PROTECTED,200,421,,DDoS-Guard
2026-10-06T03:22:04.398402+00:00,Annas-Archive,Annas-Archive.pk,PROTECTED,200,416,,DDoS-Guard
2026-10-06T03:23:05.469043+00:00,Annas-Archive,Annas-Archive.pk,PROTECTED,200,833,,DDoS-Guard
2026-10-06T03:24:05.800703+00:00,Annas-Archive,Annas-Archive.pk,PROTECTED,200,434,,DDoS-Guard
2026-10-06T03:25:07.327178+00:00,Annas-Archive,Annas-Archive.pk,PROTECTED,200,1666,,DDoS-Guard
2026-10-06T03:26:06.854580+00:00,Annas-Archive,Annas-Archive.pk,PROTECTED,200,761,,DDoS-Guard
2026-10-06T03:27:08.639775+00:00,Annas-Archive,Annas-Archive.pk,PROTECTED,200,2102,,DDoS-Guard
2026-10-06T03:28:10.438025+00:00,Annas-Archive,Annas-Archive.pk,PROTECTED,200,3221,,DDoS-Guard
2026-10-06T03:29:09.091702+00:00,Annas-Archive,Annas-Archive.pk,PROTECTED,200,1078,,DDoS-Guard
2026-10-06T03:30:09.186951+00:00,Annas-Archive,Annas-Archive.pk,PROTECTED,200,790,,DDoS-Guard
2026-10-06T03:31:09.749127+00:00,Annas-Archive,Annas-Archive.pk,PROTECTED,200,903,,DDoS-Guard
2026-10-06T03:32:10.344994+00:00,Annas-Archive,Annas-Archive.pk,PROTECTED,200,769,,DDoS-Guard
2026-10-06T03:33:11.076730+00:00,Annas-Archive,Annas-Archive.pk,PROTECTED,200,859,,DDoS-Guard
2026-10-06T03:34:11.594736+00:00,Annas-Archive,Annas-Archive.pk,PROTECTED,200,894,,DDoS-Guard
2026-10-06T03:35:12.823789+00:00,Annas-Archive,Annas-Archive.pk,PROTECTED,200,1791,,DDoS-Guard
2026-10-06T03:36:12.580153+00:00,Annas-Archive,Annas-Archive.pk,PROTECTED,200,835,,DDoS-Guard
2026-10-06T03:37:13.675839+00:00,Annas-Archive,Annas-Archive.pk,PROTECTED,200,1364,,DDoS-Guard
2026-10-06T03:38:13.610947+00:00,Annas-Archive,Annas-Archive.pk,PROTECTED,200,922,,DDoS-Guard
2026-10-06T03:39:14.812977+00:00,Annas-Archive,Annas-Archive.pk,PROTECTED,200,1070,,DDoS-Guard
2026-10-06T03:40:15.409845+00:00,Annas-Archive,Annas-Archive.pk,PROTECTED,200,1287,,DDoS-Guard
2026-10-06T03:41:16.025907+00:00,Annas-Archive,Annas-Archive.pk,PROTECTED,200,1403,,DDoS-Guard
2026-10-06T03:42:15.659678+00:00,Annas-Archive,Annas-Archive.pk,PROTECTED,200,646,,DDoS-Guard
2026-10-06T03:43:16.883104+00:00,Annas-Archive,Annas-Archive.pk,PROTECTED,200,1171,,DDoS-Guard
2026-10-06T03:44:19.995197+00:00,Annas-Archive,Annas-Archive.pk,PROTECTED,200,3932,,DDoS-Guard
2026-10-06T03:45:17.299866+00:00,Annas-Archive,Annas-Archive.pk,PROTECTED,200,831,,DDoS-Guard
2026-10-06T03:46:17.740520+00:00,Annas-Archive,Annas-Archive.pk,PROTECTED,200,827,,DDoS-Guard
2026-10-06T03:47:18.441619+00:00,Annas-Archive,Annas-Archive.pk,PROTECTED,200,687,,DDoS-Guard
2026-10-06T03:48:18.915724+00:00,Annas-Archive,Annas-Archive.pk,PROTECTED,200,702,,DDoS-Guard
2026-10-06T03:49:20.520849+00:00,Annas-Archive,Annas-Archive.pk,PROTECTED,200,1975,,DDoS-Guard
2026-10-06T03:50:20.104847+00:00,Annas-Archive,Annas-Archive.pk,PROTECTED,200,1030,,DDoS-Guard
2026-10-06T03:51:22.988122+00:00,Annas-Archive,Annas-Archive.pk,PROTECTED,200,3142,,DDoS-Guard
2026-10-06T03:52:24.192068+00:00,Annas-Archive,Annas-Archive.pk,PROTECTED,200,3632,,DDoS-Guard
2026-10-06T03:53:22.163333+00:00,Annas-Archive,Annas-Archive.pk,PROTECTED,200,1220,,DDoS-Guard
2026-10-06T03:54:24.723906+00:00,Annas-Archive,Annas-Archive.pk,PROTECTED,200,3305,,DDoS-Guard
2026-10-06T03:55:28.691261+00:00,Annas-Archive,Annas-Archive.pk,PROTECTED,200,6402,,DDoS-Guard
2026-10-06T03:56:24.981843+00:00,Annas-Archive,Annas-Archive.pk,PROTECTED,200,2189,,DDoS-Guard
2026-10-06T03:57:24.895813+00:00,Annas-Archive,Annas-Archive.pk,PROTECTED,200,1806,,DDoS-Guard
2026-10-06T03:58:33.030746+00:00,Annas-Archive,Annas-Archive.pk,PROTECTED,200,9587,,DDoS-Guard
2026-10-06T03:59:32.594897+00:00,Annas-Archive,Annas-Archive.pk,PROTECTED,200,8776,,DDoS-Guard
2026-10-06T04:00:33.325233+00:00,Annas-Archive,Annas-Archive.pk,PROTECTED,200,9150,,DDoS-Guard
2026-10-06T04:01:27.829176+00:00,Annas-Archive,Annas-Archive.pk,PROTECTED,200,2826,,DDoS-Guard
2026-10-06T04:02:26.465872+00:00,Annas-Archive,Annas-Archive.pk,PROTECTED,200,767,,DDoS-Guard
2026-10-06T04:03:27.438798+00:00,Annas-Archive,Annas-Archive.pk,PROTECTED,200,945,,DDoS-Guard
2026-10-06T04:04:27.827082+00:00,Annas-Archive,Annas-Archive.pk,PROTECTED,200,806,,DDoS-Guard
2026-10-06T04:05:28.654820+00:00,Annas-Archive,Annas-Archive.pk,PROTECTED,200,998,,DDoS-Guard
2026-10-06T04:06:29.531605+00:00,Annas-Archive,Annas-Archive.pk,PROTECTED,200,1267,,DDoS-Guard
2026-10-06T04:07:30.184088+00:00,Annas-Archive,Annas-Archive.pk,PROTECTED,200,826,,DDoS-Guard
2026-10-06T04:08:31.254452+00:00,Annas-Archive,Annas-Archive.pk,PROTECTED,200,1210,,DDoS-Guard
2026-10-06T04:09:31.219739+00:00,Annas-Archive,Annas-Archive.pk,PROTECTED,200,812,,DDoS-Guard
2026-10-06T04:10:32.528895+00:00,Annas-Archive,Annas-Archive.pk,PROTECTED,200,1542,,DDoS-Guard
2026-10-06T04:11:34.064060+00:00,Annas-Archive,Annas-Archive.pk,PROTECTED,200,2566,,DDoS-Guard
2026-10-06T04:12:33.914608+00:00,Annas-Archive,Annas-Archive.pk,PROTECTED,200,1458,,DDoS-Guard
2026-10-06T04:13:33.794100+00:00,Annas-Archive,Annas-Archive.pk,PROTECTED,200,1130,,DDoS-Guard
2026-10-06T04:14:33.869558+00:00,Annas-Archive,Annas-Archive.pk,PROTECTED,200,855,,DDoS-Guard
2026-10-06T04:15:34.386032+00:00,Annas-Archive,Annas-Archive.pk,PROTECTED,200,751,,DDoS-Guard
2026-10-06T04:16:36.164918+00:00,Annas-Archive,Annas-Archive.pk,PROTECTED,200,1881,,DDoS-Guard
2026-10-06T04:17:36.174308+00:00,Annas-Archive,Annas-Archive.pk,PROTECTED,200,1181,,DDoS-Guard
2026-10-06T04:18:37.056042+00:00,Annas-Archive,Annas-Archive.pk,PROTECTED,200,1686,,DDoS-Guard
2026-10-06T04:19:38.418900+00:00,Annas-Archive,Annas-Archive.pk,PROTECTED,200,2557,,DDoS-Guard
2026-10-06T04:20:38.637159+00:00,Annas-Archive,Annas-Archive.pk,PROTECTED,200,2120,,DDoS-Guard
2026-10-06T04:21:42.306676+00:00,Annas-Archive,Annas-Archive.pk,PROTECTED,200,4723,,DDoS-Guard
2026-10-06T04:22:38.373581+00:00,Annas-Archive,Annas-Archive.pk,PROTECTED,200,673,,DDoS-Guard
2026-10-06T04:23:39.465857+00:00,Annas-Archive,Annas-Archive.pk,PROTECTED,200,1049,,DDoS-Guard
2026-10-06T04:24:40.939852+00:00,Annas-Archive,Annas-Archive.pk,PROTECTED,200,2008,,DDoS-Guard
2026-10-06T04:25:41.556248+00:00,Annas-Archive,Annas-Archive.pk,PROTECTED,200,1882,,DDoS-Guard
2026-10-06T04:26:42.668332+00:00,Annas-Archive,Annas-Archive.pk,PROTECTED,200,2249,,DDoS-Guard
2026-10-06T04:27:42.976176+00:00,Annas-Archive,Annas-Archive.pk,PROTECTED,200,2120,,DDoS-Guard
2026-10-06T04:28:43.239237+00:00,Annas-Archive,Annas-Archive.pk,PROTECTED,200,1889,,DDoS-Guard
2026-10-06T04:29:42.487059+00:00,Annas-Archive,Annas-Archive.pk,PROTECTED,200,415,,DDoS-Guard
2026-10-06T04:30:43.755754+00:00,Annas-Archive,Annas-Archive.pk,PROTECTED,200,1024,,DDoS-Guard
2026-10-06T04:31:44.012785+00:00,Annas-Archive,Annas-Archive.pk,PROTECTED,200,731,,DDoS-Guard
2026-10-06T04:32:44.254994+00:00,Annas-Archive,Annas-Archive.pk,PROTECTED,200,569,,DDoS-Guard
2026-10-06T04:33:45.012819+00:00,Annas-Archive,Annas-Archive.pk,PROTECTED,200,866,,DDoS-Guard
2026-10-06T04:34:45.564001+00:00,Annas-Archive,Annas-Archive.pk,PROTECTED,200,710,,DDoS-Guard
2026-10-06T04:35:46.435557+00:00,Annas-Archive,Annas-Archive.pk,PROTECTED,200,818,,DDoS-Guard
2026-10-06T04:36:46.760993+00:00,Annas-Archive,Annas-Archive.pk,PROTECTED,200,750,,DDoS-Guard
2026-10-06T04:37:47.022314+00:00,Annas-Archive,Annas-Archive.pk,PROTECTED,200,372,,DDoS-Guard
2026-10-06T04:38:51.064089+00:00,Annas-Archive,Annas-Archive.pk,PROTECTED,200,3797,,DDoS-Guard
2026-10-06T04:39:48.354376+00:00,Annas-Archive,Annas-Archive.pk,PROTECTED,200,818,,DDoS-Guard
2026-10-06T04:40:48.884805+00:00,Annas-Archive,Annas-Archive.pk,PROTECTED,200,871,,DDoS-Guard
2026-10-06T04:41:50.929504+00:00,Annas-Archive,Annas-Archive.pk,PROTECTED,200,2174,,DDoS-Guard
2026-10-06T04:42:50.949187+00:00,Annas-Archive,Annas-Archive.pk,PROTECTED,200,1669,,DDoS-Guard
2026-10-06T04:43:50.180710+00:00,Annas-Archive,Annas-Archive.pk,PROTECTED,200,651,,DDoS-Guard
2026-10-06T04:44:50.869656+00:00,Annas-Archive,Annas-Archive.pk,PROTECTED,200,886,,DDoS-Guard
2026-10-06T04:45:52.830989+00:00,Annas-Archive,Annas-Archive.pk,PROTECTED,200,2331,,DDoS-Guard
2026-10-06T04:46:51.225643+00:00,Annas-Archive,Annas-Archive.pk,PROTECTED,200,652,,DDoS-Guard
2026-10-06T04:47:52.251878+00:00,Annas-Archive,Annas-Archive.pk,PROTECTED,200,925,,DDoS-Guard
2026-10-06T04:48:54.294044+00:00,Annas-Archive,Annas-Archive.pk,PROTECTED,200,2711,,DDoS-Guard
2026-10-06T04:49:53.231910+00:00,Annas-Archive,Annas-Archive.pk,PROTECTED,200,848,,DDoS-Guard
2026-10-06T04:50:55.621786+00:00,Annas-Archive,Annas-Archive.pk,PROTECTED,200,2277,,DDoS-Guard
2026-10-06T04:52:02.163172+00:00,Annas-Archive,Annas-Archive.pk,PROTECTED,200,8237,,DDoS-Guard
2026-10-06T04:53:05.738817+00:00,Annas-Archive,Annas-Archive.pk,PROTECTED,200,11072,,DDoS-Guard
2026-10-06T04:53:55.868255+00:00,Annas-Archive,Annas-Archive.pk,PROTECTED,200,722,,DDoS-Guard
2026-10-06T04:54:57.590050+00:00,Annas-Archive,Annas-Archive.pk,PROTECTED,200,1785,,DDoS-Guard
2026-10-06T04:55:56.557513+00:00,Annas-Archive,Annas-Archive.pk,PROTECTED,200,701,,DDoS-Guard
2026-10-06T04:56:56.929527+00:00,Annas-Archive,Annas-Archive.pk,PROTECTED,200,649,,DDoS-Guard
2026-10-06T04:57:57.770762+00:00,Annas-Archive,Annas-Archive.pk,PROTECTED,200,1121,,DDoS-Guard
2026-10-06T04:58:58.054922+00:00,Annas-Archive,Annas-Archive.pk,PROTECTED,200,772,,DDoS-Guard
2026-10-06T04:59:58.546650+00:00,Annas-Archive,Annas-Archive.pk,PROTECTED,200,1246,,DDoS-Guard
2026-10-06T05:01:02.295977+00:00,Annas-Archive,Annas-Archive.pk,PROTECTED,200,3989,,DDoS-Guard
2026-10-06T05:01:59.897111+00:00,Annas-Archive,Annas-Archive.pk,PROTECTED,200,809,,DDoS-Guard
2026-10-06T05:03:04.765724+00:00,Annas-Archive,Annas-Archive.pk,PROTECTED,200,4993,,DDoS-Guard
2026-10-06T05:04:00.991874+00:00,Annas-Archive,Annas-Archive.pk,PROTECTED,200,845,,DDoS-Guard
2026-10-06T05:05:01.410008+00:00,Annas-Archive,Annas-Archive.pk,PROTECTED,200,875,,DDoS-Guard
2026-10-06T05:06:01.635965+00:00,Annas-Archive,Annas-Archive.pk,PROTECTED,200,386,,DDoS-Guard
2026-10-06T05:07:02.872522+00:00,Annas-Archive,Annas-Archive.pk,PROTECTED,200,705,,DDoS-Guard
2026-10-06T05:08:03.354617+00:00,Annas-Archive,Annas-Archive.pk,PROTECTED,200,765,,DDoS-Guard
2026-10-06T05:09:03.975633+00:00,Annas-Archive,Annas-Archive.pk,PROTECTED,200,963,,DDoS-Guard
2026-10-06T05:10:04.337882+00:00,Annas-Archive,Annas-Archive.pk,PROTECTED,200,864,,DDoS-Guard
2026-10-06T05:11:05.281906+00:00,Annas-Archive,Annas-Archive.pk,PROTECTED,200,1020,,DDoS-Guard
2026-10-06T05:12:07.251413+00:00,Annas-Archive,Annas-Archive.pk,PROTECTED,200,2119,,DDoS-Guard
2026-10-06T05:13:07.786092+00:00,Annas-Archive,Annas-Archive.pk,PROTECTED,200,2297,,DDoS-Guard
2026-10-06T05:14:06.642762+00:00,Annas-Archive,Annas-Archive.pk,PROTECTED,200,858,,DDoS-Guard
2026-10-06T05:15:07.100804+00:00,Annas-Archive,Annas-Archive.pk,PROTECTED,200,888,,DDoS-Guard
2026-10-06T05:16:10.987264+00:00,Annas-Archive,Annas-Archive.pk,PROTECTED,200,4036,,DDoS-Guard
2026-10-06T05:17:08.576972+00:00,Annas-Archive,Annas-Archive.pk,PROTECTED,200,791,,DDoS-Guard
2026-10-06T05:18:10.687576+00:00,Annas-Archive,Annas-Archive.pk,PROTECTED,200,2309,,DDoS-Guard
2026-10-06T05:19:14.331988+00:00,Annas-Archive,Annas-Archive.pk,PROTECTED,200,5575,,DDoS-Guard
2026-10-06T05:20:10.000588+00:00,Annas-Archive,Annas-Archive.pk,PROTECTED,200,874,,DDoS-Guard
2026-10-06T05:21:10.806263+00:00,Annas-Archive,Annas-Archive.pk,PROTECTED,200,787,,DDoS-Guard
2026-10-06T05:22:11.987485+00:00,Annas-Archive,Annas-Archive.pk,PROTECTED,200,1249,,DDoS-Guard
2026-10-06T05:23:13.217947+00:00,Annas-Archive,Annas-Archive.pk,PROTECTED,200,2119,,DDoS-Guard
2026-10-06T05:24:12.247554+00:00,Annas-Archive,Annas-Archive.pk,PROTECTED,200,626,,DDoS-Guard
2026-10-06T05:25:14.235156+00:00,Annas-Archive,Annas-Archive.pk,PROTECTED,200,1911,,DDoS-Guard
2026-10-06T05:26:14.004650+00:00,Annas-Archive,Annas-Archive.pk,PROTECTED,200,1046,,DDoS-Guard
2026-10-06T05:27:14.829693+00:00,Annas-Archive,Annas-Archive.pk,PROTECTED,200,1435,,DDoS-Guard
2026-10-06T05:28:15.120587+00:00,Annas-Archive,Annas-Archive.pk,PROTECTED,200,1450,,DDoS-Guard
2026-10-06T05:29:15.679187+00:00,Annas-Archive,Annas-Archive.pk,PROTECTED,200,1353,,DDoS-Guard
2026-10-06T05:30:15.648025+00:00,Annas-Archive,Annas-Archive.pk,PROTECTED,200,787,,DDoS-Guard
2026-10-06T05:31:16.950013+00:00,Annas-Archive,Annas-Archive.pk,PROTECTED,200,1458,,DDoS-Guard
2026-10-06T05:32:17.477664+00:00,Annas-Archive,Annas-Archive.pk,PROTECTED,200,1020,,DDoS-Guard
2026-10-06T05:33:18.075251+00:00,Annas-Archive,Annas-Archive.pk,PROTECTED,200,955,,DDoS-Guard
2026-10-06T05:34:26.227967+00:00,Annas-Archive,Annas-Archive.pk,PROTECTED,200,8604,,DDoS-Guard
2026-10-06T05:35:19.574044+00:00,Annas-Archive,Annas-Archive.pk,PROTECTED,200,1494,,DDoS-Guard
2026-10-06T05:36:18.954894+00:00,Annas-Archive,Annas-Archive.pk,PROTECTED,200,796,,DDoS-Guard
2026-10-06T05:37:19.602284+00:00,Annas-Archive,Annas-Archive.pk,PROTECTED,200,787,,DDoS-Guard
2026-10-06T05:38:20.111759+00:00,Annas-Archive,Annas-Archive.pk,PROTECTED,200,823,,DDoS-Guard
2026-10-06T05:39:22.865935+00:00,Annas-Archive,Annas-Archive.pk,PROTECTED,200,3083,,DDoS-Guard
2026-10-06T05:40:21.466870+00:00,Annas-Archive,Annas-Archive.pk,PROTECTED,200,776,,DDoS-Guard
2026-10-06T05:41:22.499638+00:00,Annas-Archive,Annas-Archive.pk,PROTECTED,200,1246,,DDoS-Guard
2026-10-06T05:42:24.180094+00:00,Annas-Archive,Annas-Archive.pk,PROTECTED,200,2367,,DDoS-Guard
2026-10-06T05:43:22.916341+00:00,Annas-Archive,Annas-Archive.pk,PROTECTED,200,719,,DDoS-Guard
2026-10-06T05:44:24.729650+00:00,Annas-Archive,Annas-Archive.pk,PROTECTED,200,1769,,DDoS-Guard
2026-10-06T05:45:24.823259+00:00,Annas-Archive,Annas-Archive.pk,PROTECTED,200,1611,,DDoS-Guard
2026-10-06T05:46:24.915856+00:00,Annas-Archive,Annas-Archive.pk,PROTECTED,200,1149,,DDoS-Guard
2026-10-06T05:47:25.111394+00:00,Annas-Archive,Annas-Archive.pk,PROTECTED,200,869,,DDoS-Guard
2026-10-06T05:48:25.637558+00:00,Annas-Archive,Annas-Archive.pk,PROTECTED,200,662,,DDoS-Guard
2026-10-06T05:49:26.389851+00:00,Annas-Archive,Annas-Archive.pk,PROTECTED,200,792,,DDoS-Guard
2026-10-06T05:50:27.310047+00:00,Annas-Archive,Annas-Archive.pk,PROTECTED,200,987,,DDoS-Guard
2026-10-06T05:51:28.340017+00:00,Annas-Archive,Annas-Archive.pk,PROTECTED,200,967,,DDoS-Guard
2026-10-06T05:52:28.778995+00:00,Annas-Archive,Annas-Archive.pk,PROTECTED,200,833,,DDoS-Guard
2026-10-06T05:53:29.274828+00:00,Annas-Archive,Annas-Archive.pk,PROTECTED,200,773,,DDoS-Guard
2026-10-06T05:54:32.342610+00:00,Annas-Archive,Annas-Archive.pk,PROTECTED,200,2861,,DDoS-Guard
2026-10-06T05:55:30.459746+00:00,Annas-Archive,Annas-Archive.pk,PROTECTED,200,713,,DDoS-Guard
2026-10-06T05:56:31.287643+00:00,Annas-Archive,Annas-Archive.pk,PROTECTED,200,876,,DDoS-Guard
2026-10-06T05:57:32.248734+00:00,Annas-Archive,Annas-Archive.pk,PROTECTED,200,1106,,DDoS-Guard
2026-10-06T05:58:32.267644+00:00,Annas-Archive,Annas-Archive.pk,PROTECTED,200,779,,DDoS-Guard
2026-10-06T05:59:32.688667+00:00,Annas-Archive,Annas-Archive.pk,PROTECTED,200,623,,DDoS-Guard
2026-10-06T06:00:35.215048+00:00,Annas-Archive,Annas-Archive.pk,PROTECTED,200,2308,,DDoS-Guard
2026-10-06T06:01:38.054070+00:00,Annas-Archive,Annas-Archive.pk,PROTECTED,200,5016,,DDoS-Guard
2026-10-06T06:02:34.664673+00:00,Annas-Archive,Annas-Archive.pk,PROTECTED,200,814,,DDoS-Guard
2026-10-06T06:03:35.075025+00:00,Annas-Archive,Annas-Archive.pk,PROTECTED,200,712,,DDoS-Guard
2026-10-06T06:04:35.802195+00:00,Annas-Archive,Annas-Archive.pk,PROTECTED,200,799,,DDoS-Guard
2026-10-06T06:05:38.685455+00:00,Annas-Archive,Annas-Archive.pk,PROTECTED,200,2809,,DDoS-Guard
2026-10-06T06:06:39.175346+00:00,Annas-Archive,Annas-Archive.pk,PROTECTED,200,2486,,DDoS-Guard
2026-10-06T06:07:43.274218+00:00,Annas-Archive,Annas-Archive.pk,PROTECTED,200,5842,,DDoS-Guard
2026-10-06T06:08:38.626070+00:00,Annas-Archive,Annas-Archive.pk,PROTECTED,200,815,,DDoS-Guard
2026-10-06T06:09:39.135737+00:00,Annas-Archive,Annas-Archive.pk,PROTECTED,200,632,,DDoS-Guard
2026-10-06T06:10:43.920685+00:00,Annas-Archive,Annas-Archive.pk,PROTECTED,200,4864,,DDoS-Guard
2026-10-06T06:11:45.686904+00:00,Annas-Archive,Annas-Archive.pk,PROTECTED,200,5743,,DDoS-Guard
2026-10-06T06:12:41.625807+00:00,Annas-Archive,Annas-Archive.pk,PROTECTED,200,924,,DDoS-Guard
2026-10-06T06:13:42.541091+00:00,Annas-Archive,Annas-Archive.pk,PROTECTED,200,1472,,DDoS-Guard
2026-10-06T06:14:42.546109+00:00,Annas-Archive,Annas-Archive.pk,PROTECTED,200,1016,,DDoS-Guard
2026-10-06T06:15:42.960587+00:00,Annas-Archive,Annas-Archive.pk,PROTECTED,200,780,,DDoS-Guard
2026-10-06T06:16:44.004710+00:00,Annas-Archive,Annas-Archive.pk,PROTECTED,200,1031,,DDoS-Guard
2026-10-06T06:17:44.490709+00:00,Annas-Archive,Annas-Archive.pk,PROTECTED,200,718,,DDoS-Guard
2026-10-06T06:18:45.132093+00:00,Annas-Archive,Annas-Archive.pk,PROTECTED,200,794,,DDoS-Guard
2026-10-06T06:19:45.949169+00:00,Annas-Archive,Annas-Archive.pk,PROTECTED,200,1042,,DDoS-Guard
2026-10-06T06:20:46.564763+00:00,Annas-Archive,Annas-Archive.pk,PROTECTED,200,927,,DDoS-Guard
2026-10-06T06:21:48.882010+00:00,Annas-Archive,Annas-Archive.pk,PROTECTED,200,2447,,DDoS-Guard
2026-10-06T06:22:47.923166+00:00,Annas-Archive,Annas-Archive.pk,PROTECTED,200,765,,DDoS-Guard
2026-10-06T06:23:49.249748+00:00,Annas-Archive,Annas-Archive.pk,PROTECTED,200,1439,,DDoS-Guard
2026-10-06T06:24:48.999436+00:00,Annas-Archive,Annas-Archive.pk,PROTECTED,200,706,,DDoS-Guard
2026-10-06T06:25:49.940402+00:00,Annas-Archive,Annas-Archive.pk,PROTECTED,200,868,,DDoS-Guard
2026-10-06T06:26:53.241997+00:00,Annas-Archive,Annas-Archive.pk,PROTECTED,200,3314,,DDoS-Guard
2026-10-06T06:27:58.397972+00:00,Annas-Archive,Annas-Archive.pk,PROTECTED,200,7752,,DDoS-Guard
2026-10-06T06:28:54.080104+00:00,Annas-Archive,Annas-Archive.pk,PROTECTED,200,2877,,DDoS-Guard
2026-10-06T06:29:52.652605+00:00,Annas-Archive,Annas-Archive.pk,PROTECTED,200,734,,DDoS-Guard
2026-10-06T06:30:55.576738+00:00,Annas-Archive,Annas-Archive.pk,PROTECTED,200,3107,,DDoS-Guard
2026-10-06T06:31:54.753780+00:00,Annas-Archive,Annas-Archive.pk,PROTECTED,200,1301,,DDoS-Guard
2026-10-06T06:32:55.312442+00:00,Annas-Archive,Annas-Archive.pk,PROTECTED,200,1208,,DDoS-Guard
2026-10-06T06:33:54.988468+00:00,Annas-Archive,Annas-Archive.pk,PROTECTED,200,382,,DDoS-Guard
2026-10-06T06:35:03.217692+00:00,Annas-Archive,Annas-Archive.pk,PROTECTED,200,7685,,DDoS-Guard
2026-10-06T06:35:57.196989+00:00,Annas-Archive,Annas-Archive.pk,PROTECTED,200,829,,DDoS-Guard
2026-10-06T06:36:59.780705+00:00,Annas-Archive,Annas-Archive.pk,PROTECTED,200,2720,,DDoS-Guard
2026-10-06T06:37:57.931694+00:00,Annas-Archive,Annas-Archive.pk,PROTECTED,200,875,,DDoS-Guard
2026-10-06T06:38:57.833579+00:00,Annas-Archive,Annas-Archive.pk,PROTECTED,200,731,,DDoS-Guard
2026-10-06T06:39:58.518935+00:00,Annas-Archive,Annas-Archive.pk,PROTECTED,200,1305,,DDoS-Guard
2026-10-06T06:40:59.159090+00:00,Annas-Archive,Annas-Archive.pk,PROTECTED,200,1750,,DDoS-Guard
2026-10-06T06:41:59.696709+00:00,Annas-Archive,Annas-Archive.pk,PROTECTED,200,2151,,DDoS-Guard
2026-10-06T06:43:00.593133+00:00,Annas-Archive,Annas-Archive.pk,PROTECTED,200,2782,,DDoS-Guard
2026-10-06T06:43:59.708905+00:00,Annas-Archive,Annas-Archive.pk,PROTECTED,200,1805,,DDoS-Guard
2026-10-06T06:45:00.788094+00:00,Annas-Archive,Annas-Archive.pk,PROTECTED,200,2025,,DDoS-Guard
2026-10-06T06:46:01.317433+00:00,Annas-Archive,Annas-Archive.pk,PROTECTED,200,2207,,DDoS-Guard
2026-10-06T06:47:02.221021+00:00,Annas-Archive,Annas-Archive.pk,PROTECTED,200,2738,,DDoS-Guard
2026-10-06T06:48:00.211726+00:00,Annas-Archive,Annas-Archive.pk,PROTECTED,200,672,,DDoS-Guard
2026-10-06T06:49:00.454303+00:00,Annas-Archive,Annas-Archive.pk,PROTECTED,200,909,,DDoS-Guard
2026-10-06T06:49:59.903854+00:00,Annas-Archive,Annas-Archive.pk,PROTECTED,200,390,,DDoS-Guard
2026-10-06T06:51:02.716816+00:00,Annas-Archive,Annas-Archive.pk,PROTECTED,200,2560,,DDoS-Guard
2026-10-06T06:52:01.278127+00:00,Annas-Archive,Annas-Archive.pk,PROTECTED,200,876,,DDoS-Guard
2026-10-06T06:53:02.105654+00:00,Annas-Archive,Annas-Archive.pk,PROTECTED,200,780,,DDoS-Guard
2026-10-06T06:54:06.607825+00:00,Annas-Archive,Annas-Archive.pk,PROTECTED,200,5208,,DDoS-Guard
2026-10-06T06:55:06.893240+00:00,Annas-Archive,Annas-Archive.pk,PROTECTED,200,4509,,DDoS-Guard
2026-10-06T06:56:03.075737+00:00,Annas-Archive,Annas-Archive.pk,PROTECTED,200,390,,DDoS-Guard
2026-10-06T06:57:03.080268+00:00,Annas-Archive,Annas-Archive.pk,DOWN,,,connection_refused,
2026-10-06T06:58:04.328935+00:00,Annas-Archive,Annas-Archive.pk,PROTECTED,200,632,,DDoS-Guard
2026-10-06T06:59:04.649243+00:00,Annas-Archive,Annas-Archive.pk,PROTECTED,200,789,,DDoS-Guard
