# version: 2
# schema: timestamp,site_id,domain_id,domain_status,http_status,latency_ms,failure_type,protection_type
timestamp,site_id,domain_id,domain_status,http_status,latency_ms,failure_type,protection_type
2026-10-01T01:38:28.436405+00:00,LibGen,LibGen.bz,UP,200,659,,
2026-10-01T01:39:28.847673+00:00,LibGen,LibGen.bz,UP,200,313,,
2026-10-01T01:40:29.572324+00:00,LibGen,LibGen.bz,UP,200,817,,
2026-10-01T01:41:30.223211+00:00,LibGen,LibGen.bz,UP,200,714,,
2026-10-01T01:42:31.326482+00:00,LibGen,LibGen.bz,UP,200,1095,,
2026-10-01T01:43:31.523960+00:00,LibGen,LibGen.bz,UP,200,1239,,
2026-10-01T01:44:31.631168+00:00,LibGen,LibGen.bz,UP,200,818,,
2026-10-01T01:45:31.929007+00:00,LibGen,LibGen.bz,UP,200,883,,
2026-10-01T01:46:31.852457+00:00,LibGen,LibGen.bz,UP,200,260,,
2026-10-01T01:47:33.144123+00:00,LibGen,LibGen.bz,UP,200,787,,
2026-10-01T01:48:33.168365+00:00,LibGen,LibGen.bz,UP,200,742,,
2026-10-01T01:49:34.463474+00:00,LibGen,LibGen.bz,UP,200,978,,
2026-10-01T01:50:34.218155+00:00,LibGen,LibGen.bz,UP,200,729,,
2026-10-01T01:51:35.969034+00:00,LibGen,LibGen.bz,UP,200,1082,,
2026-10-01T01:52:35.994600+00:00,LibGen,LibGen.bz,UP,200,628,,
2026-10-01T01:53:35.379205+00:00,LibGen,LibGen.bz,UP,200,669,,
2026-10-01T01:54:35.689595+00:00,LibGen,LibGen.bz,UP,200,565,,
2026-10-01T01:55:35.643429+00:00,LibGen,LibGen.bz,UP,200,644,,
2026-10-01T01:56:36.392035+00:00,LibGen,LibGen.bz,UP,200,761,,
2026-10-01T01:57:36.514866+00:00,LibGen,LibGen.bz,UP,200,695,,
2026-10-01T01:58:37.021877+00:00,LibGen,LibGen.bz,UP,200,802,,
2026-10-01T01:59:42.112009+00:00,LibGen,LibGen.bz,DEGRADED,200,5334,latency_high,
2026-10-01T02:00:40.984603+00:00,LibGen,LibGen.bz,UP,200,2954,,
2026-10-01T02:01:41.964465+00:00,LibGen,LibGen.bz,DEGRADED,200,4015,latency_high,
2026-10-01T02:02:38.749778+00:00,LibGen,LibGen.bz,UP,200,653,,
2026-10-01T02:03:39.117939+00:00,LibGen,LibGen.bz,UP,200,747,,
2026-10-01T02:04:40.090438+00:00,LibGen,LibGen.bz,UP,200,1065,,
2026-10-01T02:05:43.769694+00:00,LibGen,LibGen.bz,DEGRADED,200,4969,latency_high,
2026-10-01T02:06:39.838351+00:00,LibGen,LibGen.bz,UP,200,829,,
2026-10-01T02:07:59.858811+00:00,LibGen,LibGen.bz,DOWN,,,connection_refused,
2026-10-01T02:08:40.222427+00:00,LibGen,LibGen.bz,UP,200,733,,
2026-10-01T02:09:40.821265+00:00,LibGen,LibGen.bz,UP,200,771,,
2026-10-01T02:10:41.380618+00:00,LibGen,LibGen.bz,UP,200,728,,
2026-10-01T02:11:41.391751+00:00,LibGen,LibGen.bz,UP,200,731,,
2026-10-01T02:12:42.263335+00:00,LibGen,LibGen.bz,UP,200,751,,
2026-10-01T02:13:41.996357+00:00,LibGen,LibGen.bz,UP,200,351,,
2026-10-01T02:14:42.813762+00:00,LibGen,LibGen.bz,UP,200,861,,
2026-10-01T02:15:42.993102+00:00,LibGen,LibGen.bz,UP,200,795,,
2026-10-01T02:17:03.700642+00:00,LibGen,LibGen.bz,DOWN,,,connection_refused,
2026-10-01T02:17:44.044932+00:00,LibGen,LibGen.bz,UP,200,767,,
2026-10-01T02:18:45.007496+00:00,LibGen,LibGen.bz,UP,200,1886,,
2026-10-01T02:19:43.608041+00:00,LibGen,LibGen.bz,UP,200,310,,
2026-10-01T02:20:44.813457+00:00,LibGen,LibGen.bz,UP,200,745,,
2026-10-01T02:21:45.639910+00:00,LibGen,LibGen.bz,UP,200,1071,,
2026-10-01T02:22:45.633690+00:00,LibGen,LibGen.bz,UP,200,624,,
2026-10-01T02:23:45.601243+00:00,LibGen,LibGen.bz,UP,200,913,,
2026-10-01T02:24:45.534208+00:00,LibGen,LibGen.bz,UP,200,819,,
2026-10-01T02:25:48.145136+00:00,LibGen,LibGen.bz,UP,200,1653,,
2026-10-01T02:26:47.329810+00:00,LibGen,LibGen.bz,UP,200,727,,
2026-10-01T02:28:07.422401+00:00,LibGen,LibGen.bz,DOWN,,,connection_refused,
2026-10-01T02:28:47.463394+00:00,LibGen,LibGen.bz,UP,200,857,,
2026-10-01T02:29:47.857653+00:00,LibGen,LibGen.bz,UP,200,649,,
2026-10-01T02:30:48.409859+00:00,LibGen,LibGen.bz,UP,200,929,,
2026-10-01T02:31:49.644412+00:00,LibGen,LibGen.bz,UP,200,1367,,
2026-10-01T02:32:48.904125+00:00,LibGen,LibGen.bz,UP,200,696,,
2026-10-01T02:33:49.607933+00:00,LibGen,LibGen.bz,UP,200,1013,,
2026-10-01T02:34:50.133180+00:00,LibGen,LibGen.bz,UP,200,1066,,
2026-10-01T02:35:50.069838+00:00,LibGen,LibGen.bz,UP,200,740,,
2026-10-01T02:36:50.216202+00:00,LibGen,LibGen.bz,UP,200,671,,
2026-10-01T02:37:51.110924+00:00,LibGen,LibGen.bz,UP,200,651,,
2026-10-01T02:38:50.875606+00:00,LibGen,LibGen.bz,UP,200,878,,
2026-10-01T02:39:51.281388+00:00,LibGen,LibGen.bz,UP,200,737,,
2026-10-01T02:40:52.084001+00:00,LibGen,LibGen.bz,UP,200,691,,
2026-10-01T02:41:53.146490+00:00,LibGen,LibGen.bz,UP,200,666,,
2026-10-01T02:42:52.443295+00:00,LibGen,LibGen.bz,UP,200,701,,
2026-10-01T02:43:52.841914+00:00,LibGen,LibGen.bz,UP,200,705,,
2026-10-01T02:44:52.444572+00:00,LibGen,LibGen.bz,UP,200,655,,
2026-10-01T02:45:53.890022+00:00,LibGen,LibGen.bz,UP,200,1529,,
2026-10-01T02:46:53.950265+00:00,LibGen,LibGen.bz,UP,200,727,,
2026-10-01T02:47:56.526361+00:00,LibGen,LibGen.bz,DEGRADED,200,3462,latency_high,
2026-10-01T02:48:54.132304+00:00,LibGen,LibGen.bz,UP,200,777,,
2026-10-01T02:49:54.966317+00:00,LibGen,LibGen.bz,UP,200,673,,
2026-10-01T02:50:55.226089+00:00,LibGen,LibGen.bz,UP,200,693,,
2026-10-01T02:51:55.460753+00:00,LibGen,LibGen.bz,UP,200,662,,
2026-10-01T02:52:55.668231+00:00,LibGen,LibGen.bz,UP,200,668,,
2026-10-01T02:53:55.957817+00:00,LibGen,LibGen.bz,UP,200,660,,
2026-10-01T02:54:56.687017+00:00,LibGen,LibGen.bz,UP,200,966,,
2026-10-01T02:55:56.371385+00:00,LibGen,LibGen.bz,UP,200,300,,
2026-10-01T02:56:57.428909+00:00,LibGen,LibGen.bz,UP,200,752,,
2026-10-01T02:57:57.280579+00:00,LibGen,LibGen.bz,UP,200,717,,
2026-10-01T02:58:58.179592+00:00,LibGen,LibGen.bz,UP,200,755,,
2026-10-01T02:59:59.627240+00:00,LibGen,LibGen.bz,UP,200,1085,,
2026-10-01T03:00:59.378012+00:00,LibGen,LibGen.bz,UP,200,949,,
2026-10-01T03:02:00.738075+00:00,LibGen,LibGen.bz,UP,200,1664,,
2026-10-01T03:03:00.511514+00:00,LibGen,LibGen.bz,UP,200,762,,
2026-10-01T03:04:01.299557+00:00,LibGen,LibGen.bz,UP,200,840,,
2026-10-01T03:05:02.135934+00:00,LibGen,LibGen.bz,UP,200,862,,
2026-10-01T03:06:02.757349+00:00,LibGen,LibGen.bz,UP,200,899,,
2026-10-01T03:07:02.728176+00:00,LibGen,LibGen.bz,UP,200,688,,
2026-10-01T03:08:03.020128+00:00,LibGen,LibGen.bz,UP,200,736,,
2026-10-01T03:09:23.826707+00:00,LibGen,LibGen.bz,DOWN,,,connection_refused,
2026-10-01T03:10:03.991504+00:00,LibGen,LibGen.bz,UP,200,931,,
2026-10-01T03:11:05.106412+00:00,LibGen,LibGen.bz,UP,200,785,,
2026-10-01T03:12:04.702601+00:00,LibGen,LibGen.bz,UP,200,414,,
2026-10-01T03:13:05.521321+00:00,LibGen,LibGen.bz,UP,200,938,,
2026-10-01T03:14:04.970062+00:00,LibGen,LibGen.bz,UP,200,688,,
2026-10-01T03:15:05.741924+00:00,LibGen,LibGen.bz,UP,200,891,,
2026-10-01T03:16:07.388387+00:00,LibGen,LibGen.bz,UP,200,798,,
2026-10-01T03:17:07.039728+00:00,LibGen,LibGen.bz,UP,200,1062,,
2026-10-01T03:18:07.381379+00:00,LibGen,LibGen.bz,UP,200,763,,
2026-10-01T03:19:07.816522+00:00,LibGen,LibGen.bz,UP,200,744,,
2026-10-01T03:20:08.101006+00:00,LibGen,LibGen.bz,UP,200,721,,
2026-10-01T03:21:08.355611+00:00,LibGen,LibGen.bz,UP,200,704,,
2026-10-01T03:22:09.506855+00:00,LibGen,LibGen.bz,UP,200,752,,
2026-10-01T03:23:09.257760+00:00,LibGen,LibGen.bz,UP,200,643,,
2026-10-01T03:24:09.845506+00:00,LibGen,LibGen.bz,UP,200,649,,
2026-10-01T03:25:09.984601+00:00,LibGen,LibGen.bz,UP,200,622,,
2026-10-01T03:26:11.193015+00:00,LibGen,LibGen.bz,UP,200,678,,
2026-10-01T03:27:11.393243+00:00,LibGen,LibGen.bz,UP,200,1079,,
2026-10-01T03:28:10.822086+00:00,LibGen,LibGen.bz,UP,200,817,,
2026-10-01T03:29:10.891548+00:00,LibGen,LibGen.bz,UP,200,619,,
2026-10-01T03:30:11.159182+00:00,LibGen,LibGen.bz,UP,200,708,,
2026-10-01T03:31:11.856609+00:00,LibGen,LibGen.bz,UP,200,696,,
2026-10-01T03:32:15.758495+00:00,LibGen,LibGen.bz,UP,200,2153,,
2026-10-01T03:33:12.930207+00:00,LibGen,LibGen.bz,UP,200,685,,
2026-10-01T03:34:13.580752+00:00,LibGen,LibGen.bz,UP,200,751,,
2026-10-01T03:35:14.351167+00:00,LibGen,LibGen.bz,UP,200,713,,
2026-10-01T03:36:13.930826+00:00,LibGen,LibGen.bz,UP,200,645,,
2026-10-01T03:37:13.809655+00:00,LibGen,LibGen.bz,UP,200,286,,
2026-10-01T03:38:14.051157+00:00,LibGen,LibGen.bz,UP,200,340,,
2026-10-01T03:39:14.542795+00:00,LibGen,LibGen.bz,UP,200,692,,
2026-10-01T03:40:15.632430+00:00,LibGen,LibGen.bz,UP,200,693,,
2026-10-01T03:41:17.092466+00:00,LibGen,LibGen.bz,UP,200,1345,,
2026-10-01T03:42:15.657963+00:00,LibGen,LibGen.bz,UP,200,268,,
2026-10-01T03:43:16.209094+00:00,LibGen,LibGen.bz,UP,200,980,,
2026-10-01T03:44:16.550125+00:00,LibGen,LibGen.bz,UP,200,789,,
2026-10-01T03:45:17.873041+00:00,LibGen,LibGen.bz,UP,200,1675,,
2026-10-01T03:46:17.576501+00:00,LibGen,LibGen.bz,UP,200,733,,
2026-10-01T03:47:17.190390+00:00,LibGen,LibGen.bz,UP,200,315,,
2026-10-01T03:48:19.148480+00:00,LibGen,LibGen.bz,UP,200,729,,
2026-10-01T03:49:18.994013+00:00,LibGen,LibGen.bz,UP,200,1149,,
2026-10-01T03:50:18.722047+00:00,LibGen,LibGen.bz,UP,200,769,,
2026-10-01T03:51:19.762973+00:00,LibGen,LibGen.bz,UP,200,696,,
2026-10-01T03:52:20.822794+00:00,LibGen,LibGen.bz,UP,200,834,,
2026-10-01T03:53:20.302519+00:00,LibGen,LibGen.bz,UP,200,626,,
2026-10-01T03:54:21.112700+00:00,LibGen,LibGen.bz,UP,200,771,,
2026-10-01T03:55:20.757680+00:00,LibGen,LibGen.bz,UP,200,702,,
2026-10-01T03:56:20.913199+00:00,LibGen,LibGen.bz,UP,200,645,,
2026-10-01T03:57:22.084202+00:00,LibGen,LibGen.bz,UP,200,783,,
2026-10-01T03:58:22.582074+00:00,LibGen,LibGen.bz,UP,200,1150,,
2026-10-01T03:59:23.200886+00:00,LibGen,LibGen.bz,UP,200,1599,,
2026-10-01T04:00:42.737357+00:00,LibGen,LibGen.bz,DOWN,,,connection_refused,
2026-10-01T04:01:22.855022+00:00,LibGen,LibGen.bz,UP,200,595,,
2026-10-01T04:02:42.987263+00:00,LibGen,LibGen.bz,DOWN,,,connection_refused,
2026-10-01T04:03:23.411588+00:00,LibGen,LibGen.bz,UP,200,663,,
2026-10-01T04:04:26.424665+00:00,LibGen,LibGen.bz,UP,200,2850,,
2026-10-01T04:05:24.531495+00:00,LibGen,LibGen.bz,UP,200,741,,
2026-10-01T04:06:25.119494+00:00,LibGen,LibGen.bz,UP,200,993,,
2026-10-01T04:07:25.990620+00:00,LibGen,LibGen.bz,UP,200,821,,
2026-10-01T04:08:46.002697+00:00,LibGen,LibGen.bz,DOWN,,,connection_refused,
2026-10-01T04:09:26.449750+00:00,LibGen,LibGen.bz,UP,200,651,,
2026-10-01T04:10:26.258798+00:00,LibGen,LibGen.bz,UP,200,678,,
2026-10-01T04:11:27.001850+00:00,LibGen,LibGen.bz,UP,200,911,,
2026-10-01T04:12:26.703545+00:00,LibGen,LibGen.bz,UP,200,347,,
2026-10-01T04:13:27.714773+00:00,LibGen,LibGen.bz,UP,200,776,,
2026-10-01T04:14:49.939811+00:00,LibGen,LibGen.bz,DOWN,,,connection_refused,
2026-10-01T04:15:28.599471+00:00,LibGen,LibGen.bz,UP,200,765,,
2026-10-01T04:16:29.345920+00:00,LibGen,LibGen.bz,UP,200,793,,
2026-10-01T04:17:29.491161+00:00,LibGen,LibGen.bz,UP,200,668,,
2026-10-01T04:18:29.471054+00:00,LibGen,LibGen.bz,UP,200,269,,
2026-10-01T04:19:32.954224+00:00,LibGen,LibGen.bz,UP,200,2068,,
2026-10-01T04:20:31.837931+00:00,LibGen,LibGen.bz,UP,200,702,,
2026-10-01T04:21:32.502871+00:00,LibGen,LibGen.bz,UP,200,1127,,
2026-10-01T04:22:32.237490+00:00,LibGen,LibGen.bz,UP,200,691,,
2026-10-01T04:23:32.690047+00:00,LibGen,LibGen.bz,UP,200,759,,
2026-10-01T04:24:33.207854+00:00,LibGen,LibGen.bz,UP,200,639,,
2026-10-01T04:25:33.212922+00:00,LibGen,LibGen.bz,UP,200,818,,
2026-10-01T04:26:33.809497+00:00,LibGen,LibGen.bz,UP,200,284,,
2026-10-01T04:27:35.469134+00:00,LibGen,LibGen.bz,UP,200,1671,,
2026-10-01T04:28:34.674717+00:00,LibGen,LibGen.bz,UP,200,671,,
2026-10-01T04:29:34.947115+00:00,LibGen,LibGen.bz,UP,200,675,,
2026-10-01T04:30:35.728937+00:00,LibGen,LibGen.bz,UP,200,710,,
2026-10-01T04:31:35.919884+00:00,LibGen,LibGen.bz,UP,200,645,,
2026-10-01T04:32:36.098007+00:00,LibGen,LibGen.bz,UP,200,588,,
2026-10-01T04:33:36.862594+00:00,LibGen,LibGen.bz,UP,200,677,,
2026-10-01T04:34:37.079587+00:00,LibGen,LibGen.bz,UP,200,707,,
2026-10-01T04:35:38.366326+00:00,LibGen,LibGen.bz,UP,200,747,,
2026-10-01T04:36:37.347809+00:00,LibGen,LibGen.bz,UP,200,296,,
2026-10-01T04:37:37.750655+00:00,LibGen,LibGen.bz,UP,200,556,,
2026-10-01T04:38:38.589414+00:00,LibGen,LibGen.bz,UP,200,738,,
2026-10-01T04:39:42.881971+00:00,LibGen,LibGen.bz,DEGRADED,200,4055,latency_high,
2026-10-01T04:40:39.709146+00:00,LibGen,LibGen.bz,UP,200,658,,
2026-10-01T04:41:40.478139+00:00,LibGen,LibGen.bz,UP,200,684,,
2026-10-01T04:42:42.408940+00:00,LibGen,LibGen.bz,UP,200,758,,
2026-10-01T04:43:40.366929+00:00,LibGen,LibGen.bz,UP,200,777,,
2026-10-01T04:44:40.489476+00:00,LibGen,LibGen.bz,UP,200,709,,
2026-10-01T04:45:40.838375+00:00,LibGen,LibGen.bz,UP,200,775,,
2026-10-01T04:46:41.179489+00:00,LibGen,LibGen.bz,UP,200,800,,
2026-10-01T04:47:42.093490+00:00,LibGen,LibGen.bz,UP,200,274,,
2026-10-01T04:48:41.913251+00:00,LibGen,LibGen.bz,UP,200,672,,
2026-10-01T04:49:42.187450+00:00,LibGen,LibGen.bz,UP,200,702,,
2026-10-01T04:50:42.560922+00:00,LibGen,LibGen.bz,UP,200,771,,
2026-10-01T04:51:42.398915+00:00,LibGen,LibGen.bz,DOWN,,,connection_refused,
2026-10-01T04:52:44.107358+00:00,LibGen,LibGen.bz,UP,200,632,,
2026-10-01T04:53:44.051113+00:00,LibGen,LibGen.bz,UP,200,938,,
2026-10-01T04:54:44.218431+00:00,LibGen,LibGen.bz,UP,200,609,,
2026-10-01T04:55:44.335515+00:00,LibGen,LibGen.bz,UP,200,699,,
2026-10-01T04:56:44.788385+00:00,LibGen,LibGen.bz,UP,200,686,,
2026-10-01T04:57:46.276114+00:00,LibGen,LibGen.bz,UP,200,805,,
2026-10-01T04:58:48.308001+00:00,LibGen,LibGen.bz,DEGRADED,200,3741,latency_high,
2026-10-01T04:59:45.483036+00:00,LibGen,LibGen.bz,UP,200,667,,
2026-10-01T05:00:46.301094+00:00,LibGen,LibGen.bz,UP,200,697,,
2026-10-01T05:01:46.358937+00:00,LibGen,LibGen.bz,UP,200,634,,
2026-10-01T05:02:49.840888+00:00,LibGen,LibGen.bz,DEGRADED,200,3862,latency_high,
2026-10-01T05:03:47.707248+00:00,LibGen,LibGen.bz,UP,200,1012,,
2026-10-01T05:04:47.488465+00:00,LibGen,LibGen.bz,UP,200,617,,
2026-10-01T05:05:48.161251+00:00,LibGen,LibGen.bz,UP,200,654,,
2026-10-01T05:06:49.502554+00:00,LibGen,LibGen.bz,UP,200,1233,,
2026-10-01T05:07:48.931391+00:00,LibGen,LibGen.bz,UP,200,602,,
2026-10-01T05:08:48.860850+00:00,LibGen,LibGen.bz,UP,200,685,,
2026-10-01T05:09:49.572443+00:00,LibGen,LibGen.bz,UP,200,639,,
2026-10-01T05:10:49.797178+00:00,LibGen,LibGen.bz,UP,200,755,,
2026-10-01T05:11:51.834868+00:00,LibGen,LibGen.bz,UP,200,593,,
2026-10-01T05:12:50.905994+00:00,LibGen,LibGen.bz,UP,200,611,,
2026-10-01T05:13:50.993057+00:00,LibGen,LibGen.bz,UP,200,754,,
2026-10-01T05:14:53.740966+00:00,LibGen,LibGen.bz,UP,200,1084,,
2026-10-01T05:15:51.639815+00:00,LibGen,LibGen.bz,UP,200,704,,
2026-10-01T05:16:54.502057+00:00,LibGen,LibGen.bz,UP,200,2851,,
2026-10-01T05:17:52.451503+00:00,LibGen,LibGen.bz,UP,200,741,,
2026-10-01T05:18:53.185841+00:00,LibGen,LibGen.bz,UP,200,774,,
2026-10-01T05:20:12.975731+00:00,LibGen,LibGen.bz,DOWN,,,connection_refused,
2026-10-01T05:20:53.566707+00:00,LibGen,LibGen.bz,UP,200,675,,
2026-10-01T05:21:53.334253+00:00,LibGen,LibGen.bz,UP,200,269,,
2026-10-01T05:22:54.563043+00:00,LibGen,LibGen.bz,UP,200,688,,
2026-10-01T05:23:55.325021+00:00,LibGen,LibGen.bz,UP,200,665,,
2026-10-01T05:24:54.880989+00:00,LibGen,LibGen.bz,UP,200,649,,
2026-10-01T05:25:55.308021+00:00,LibGen,LibGen.bz,UP,200,734,,
2026-10-01T05:27:15.403059+00:00,LibGen,LibGen.bz,DOWN,,,connection_refused,
2026-10-01T05:27:55.734793+00:00,LibGen,LibGen.bz,UP,200,636,,
2026-10-01T05:28:56.536374+00:00,LibGen,LibGen.bz,UP,200,685,,
2026-10-01T05:29:57.505256+00:00,LibGen,LibGen.bz,UP,200,577,,
2026-10-01T05:30:57.241629+00:00,LibGen,LibGen.bz,UP,200,730,,
2026-10-01T05:31:57.898011+00:00,LibGen,LibGen.bz,UP,200,297,,
2026-10-01T05:32:58.189124+00:00,LibGen,LibGen.bz,UP,200,1030,,
2026-10-01T05:33:58.605840+00:00,LibGen,LibGen.bz,UP,200,775,,
2026-10-01T05:34:58.995880+00:00,LibGen,LibGen.bz,UP,200,595,,
2026-10-01T05:35:59.190371+00:00,LibGen,LibGen.bz,UP,200,660,,
2026-10-01T05:37:00.103343+00:00,LibGen,LibGen.bz,UP,200,657,,
2026-10-01T05:37:59.760464+00:00,LibGen,LibGen.bz,UP,200,634,,
2026-10-01T05:39:00.499209+00:00,LibGen,LibGen.bz,UP,200,681,,
2026-10-01T05:40:00.996384+00:00,LibGen,LibGen.bz,UP,200,904,,
2026-10-01T05:41:01.536976+00:00,LibGen,LibGen.bz,UP,200,736,,
2026-10-01T05:42:02.142741+00:00,LibGen,LibGen.bz,UP,200,934,,
2026-10-01T05:43:02.584422+00:00,LibGen,LibGen.bz,UP,200,620,,
2026-10-01T05:44:07.445900+00:00,LibGen,LibGen.bz,DEGRADED,200,4188,latency_high,
2026-10-01T05:45:03.702338+00:00,LibGen,LibGen.bz,UP,200,811,,
2026-10-01T05:46:03.688511+00:00,LibGen,LibGen.bz,UP,200,821,,
2026-10-01T05:47:04.762541+00:00,LibGen,LibGen.bz,UP,200,256,,
2026-10-01T05:48:05.647771+00:00,LibGen,LibGen.bz,UP,200,668,,
2026-10-01T05:49:04.931705+00:00,LibGen,LibGen.bz,UP,200,607,,
2026-10-01T05:50:05.490858+00:00,LibGen,LibGen.bz,UP,200,730,,
2026-10-01T05:51:06.424938+00:00,LibGen,LibGen.bz,UP,200,740,,
2026-10-01T05:52:06.849450+00:00,LibGen,LibGen.bz,UP,200,902,,
2026-10-01T05:53:07.759956+00:00,LibGen,LibGen.bz,UP,200,654,,
2026-10-01T05:54:07.859071+00:00,LibGen,LibGen.bz,UP,200,789,,
2026-10-01T05:55:28.465915+00:00,LibGen,LibGen.bz,DOWN,,,connection_refused,
2026-10-01T05:56:09.012135+00:00,LibGen,LibGen.bz,UP,200,631,,
2026-10-01T05:57:08.857937+00:00,LibGen,LibGen.bz,UP,200,766,,
2026-10-01T05:58:09.368384+00:00,LibGen,LibGen.bz,UP,200,644,,
2026-10-01T05:59:09.615175+00:00,LibGen,LibGen.bz,UP,200,663,,
2026-10-01T06:00:11.263752+00:00,LibGen,LibGen.bz,UP,200,1972,,
2026-10-01T06:01:09.877564+00:00,LibGen,LibGen.bz,UP,200,336,,
2026-10-01T06:02:13.904632+00:00,LibGen,LibGen.bz,DEGRADED,200,3107,latency_high,
2026-10-01T06:03:32.706959+00:00,LibGen,LibGen.bz,DOWN,,,connection_refused,
2026-10-01T06:04:32.187578+00:00,LibGen,LibGen.bz,DOWN,,,connection_refused,
2026-10-01T06:05:11.993231+00:00,LibGen,LibGen.bz,UP,200,701,,
2026-10-01T06:06:13.837929+00:00,LibGen,LibGen.bz,UP,200,1794,,
2026-10-01T06:07:13.533950+00:00,LibGen,LibGen.bz,UP,200,690,,
2026-10-01T06:08:14.102862+00:00,LibGen,LibGen.bz,UP,200,905,,
2026-10-01T06:09:34.172032+00:00,LibGen,LibGen.bz,DOWN,,,connection_refused,
2026-10-01T06:10:14.752670+00:00,LibGen,LibGen.bz,UP,200,718,,
2026-10-01T06:11:15.321368+00:00,LibGen,LibGen.bz,UP,200,850,,
2026-10-01T06:12:15.836500+00:00,LibGen,LibGen.bz,UP,200,796,,
2026-10-01T06:13:16.045560+00:00,LibGen,LibGen.bz,UP,200,750,,
2026-10-01T06:14:16.251839+00:00,LibGen,LibGen.bz,UP,200,716,,
2026-10-01T06:15:18.373360+00:00,LibGen,LibGen.bz,UP,200,2450,,
2026-10-01T06:16:16.758000+00:00,LibGen,LibGen.bz,UP,200,654,,
2026-10-01T06:17:18.220447+00:00,LibGen,LibGen.bz,UP,200,1648,,
2026-10-01T06:18:17.648996+00:00,LibGen,LibGen.bz,UP,200,934,,
2026-10-01T06:19:17.783680+00:00,LibGen,LibGen.bz,UP,200,763,,
2026-10-01T06:20:18.684460+00:00,LibGen,LibGen.bz,UP,200,762,,
2026-10-01T06:21:19.365377+00:00,LibGen,LibGen.bz,UP,200,713,,
2026-10-01T06:22:19.147777+00:00,LibGen,LibGen.bz,UP,200,696,,
2026-10-01T06:23:19.127758+00:00,LibGen,LibGen.bz,UP,200,283,,
2026-10-01T06:24:19.751701+00:00,LibGen,LibGen.bz,UP,200,684,,
2026-10-01T06:25:20.267890+00:00,LibGen,LibGen.bz,UP,200,717,,
2026-10-01T06:26:21.003460+00:00,LibGen,LibGen.bz,UP,200,708,,
2026-10-01T06:27:23.056532+00:00,LibGen,LibGen.bz,UP,200,687,,
2026-10-01T06:28:21.856487+00:00,LibGen,LibGen.bz,UP,200,703,,
2026-10-01T06:29:21.521448+00:00,LibGen,LibGen.bz,UP,200,832,,
2026-10-01T06:30:21.953577+00:00,LibGen,LibGen.bz,UP,200,941,,
2026-10-01T06:31:22.078261+00:00,LibGen,LibGen.bz,UP,200,298,,
2026-10-01T06:32:22.718895+00:00,LibGen,LibGen.bz,UP,200,706,,
2026-10-01T06:33:23.633976+00:00,LibGen,LibGen.bz,UP,200,797,,
2026-10-01T06:34:24.045995+00:00,LibGen,LibGen.bz,UP,200,682,,
2026-10-01T06:35:24.417240+00:00,LibGen,LibGen.bz,UP,200,781,,
2026-10-01T06:36:25.058120+00:00,LibGen,LibGen.bz,UP,200,703,,
2026-10-01T06:37:26.043645+00:00,LibGen,LibGen.bz,UP,200,1572,,
2026-10-01T06:38:25.369374+00:00,LibGen,LibGen.bz,UP,200,664,,
2026-10-01T06:39:27.388900+00:00,LibGen,LibGen.bz,UP,200,659,,
2026-10-01T06:40:27.102537+00:00,LibGen,LibGen.bz,UP,200,767,,
2026-10-01T06:41:28.365455+00:00,LibGen,LibGen.bz,UP,200,718,,
2026-10-01T06:42:28.692711+00:00,LibGen,LibGen.bz,UP,200,711,,
2026-10-01T06:43:29.573511+00:00,LibGen,LibGen.bz,UP,200,701,,
2026-10-01T06:44:29.763530+00:00,LibGen,LibGen.bz,UP,200,767,,
2026-10-01T06:45:30.576063+00:00,LibGen,LibGen.bz,UP,200,755,,
2026-10-01T06:46:32.264964+00:00,LibGen,LibGen.bz,UP,200,688,,
2026-10-01T06:47:32.330432+00:00,LibGen,LibGen.bz,UP,200,691,,
2026-10-01T06:48:32.933941+00:00,LibGen,LibGen.bz,UP,200,708,,
2026-10-01T06:49:33.140728+00:00,LibGen,LibGen.bz,UP,200,767,,
2026-10-01T06:50:34.377960+00:00,LibGen,LibGen.bz,UP,200,653,,
2026-10-01T06:51:34.337108+00:00,LibGen,LibGen.bz,UP,200,700,,
2026-10-01T06:52:54.792860+00:00,LibGen,LibGen.bz,DOWN,,,connection_refused,
2026-10-01T06:53:35.064012+00:00,LibGen,LibGen.bz,UP,200,752,,
2026-10-01T06:54:35.965207+00:00,LibGen,LibGen.bz,UP,200,729,,
2026-10-01T06:55:37.376845+00:00,LibGen,LibGen.bz,UP,200,1140,,
2026-10-01T06:56:38.807181+00:00,LibGen,LibGen.bz,UP,200,702,,
2026-10-01T06:57:39.000039+00:00,LibGen,LibGen.bz,UP,200,656,,
2026-10-01T06:58:40.340463+00:00,LibGen,LibGen.bz,UP,200,1028,,
2026-10-01T06:59:40.374266+00:00,LibGen,LibGen.bz,UP,200,726,,
2026-10-01T07:00:41.059836+00:00,LibGen,LibGen.bz,UP,200,724,,
2026-10-01T07:01:40.918978+00:00,LibGen,LibGen.bz,UP,200,278,,
2026-10-01T07:02:41.396650+00:00,LibGen,LibGen.bz,UP,200,700,,
2026-10-01T07:03:42.213873+00:00,LibGen,LibGen.bz,UP,200,692,,
2026-10-01T07:04:42.755022+00:00,LibGen,LibGen.bz,UP,200,710,,
2026-10-01T07:05:43.061392+00:00,LibGen,LibGen.bz,UP,200,687,,
2026-10-01T07:06:43.958707+00:00,LibGen,LibGen.bz,UP,200,671,,
2026-10-01T07:07:45.308660+00:00,LibGen,LibGen.bz,UP,200,666,,
2026-10-01T07:08:48.405953+00:00,LibGen,LibGen.bz,DEGRADED,200,3772,latency_high,
2026-10-01T07:09:46.292802+00:00,LibGen,LibGen.bz,UP,200,673,,
2026-10-01T07:10:46.535811+00:00,LibGen,LibGen.bz,UP,200,872,,
2026-10-01T07:11:47.258755+00:00,LibGen,LibGen.bz,UP,200,669,,
2026-10-01T07:12:48.180300+00:00,LibGen,LibGen.bz,UP,200,692,,
2026-10-01T07:13:49.432923+00:00,LibGen,LibGen.bz,UP,200,625,,
2026-10-01T07:14:50.088965+00:00,LibGen,LibGen.bz,UP,200,777,,
2026-10-01T07:15:50.870490+00:00,LibGen,LibGen.bz,UP,200,709,,
2026-10-01T07:16:52.580369+00:00,LibGen,LibGen.bz,UP,200,1571,,
2026-10-01T07:17:52.437981+00:00,LibGen,LibGen.bz,UP,200,601,,
2026-10-01T07:18:53.353007+00:00,LibGen,LibGen.bz,UP,200,678,,
2026-10-01T07:19:54.249765+00:00,LibGen,LibGen.bz,UP,200,655,,
2026-10-01T07:20:58.210942+00:00,LibGen,LibGen.bz,UP,200,1091,,
2026-10-01T07:21:56.095610+00:00,LibGen,LibGen.bz,UP,200,259,,
2026-10-01T07:22:57.082879+00:00,LibGen,LibGen.bz,UP,200,697,,
2026-10-01T07:23:58.731809+00:00,LibGen,LibGen.bz,UP,200,1017,,
2026-10-01T07:24:58.289347+00:00,LibGen,LibGen.bz,UP,200,256,,
2026-10-01T07:25:59.079091+00:00,LibGen,LibGen.bz,UP,200,986,,
2026-10-01T07:26:58.902742+00:00,LibGen,LibGen.bz,UP,200,277,,
2026-10-01T07:27:59.715772+00:00,LibGen,LibGen.bz,UP,200,604,,
2026-10-01T07:29:00.807910+00:00,LibGen,LibGen.bz,UP,200,671,,
2026-10-01T07:30:00.775577+00:00,LibGen,LibGen.bz,UP,200,614,,
2026-10-01T07:31:01.694686+00:00,LibGen,LibGen.bz,UP,200,862,,
2026-10-01T07:32:02.572480+00:00,LibGen,LibGen.bz,UP,200,893,,
2026-10-01T07:33:03.314051+00:00,LibGen,LibGen.bz,UP,200,722,,
2026-10-01T07:34:04.764776+00:00,LibGen,LibGen.bz,UP,200,823,,
2026-10-01T07:35:03.831487+00:00,LibGen,LibGen.bz,UP,200,765,,
2026-10-01T07:36:04.629432+00:00,LibGen,LibGen.bz,UP,200,694,,
2026-10-01T07:37:06.990970+00:00,LibGen,LibGen.bz,UP,200,1068,,
2026-10-01T07:38:06.385111+00:00,LibGen,LibGen.bz,UP,200,736,,
2026-10-01T07:39:07.365037+00:00,LibGen,LibGen.bz,UP,200,781,,
2026-10-01T07:40:08.198897+00:00,LibGen,LibGen.bz,UP,200,714,,
2026-10-01T07:41:09.102836+00:00,LibGen,LibGen.bz,UP,200,739,,
2026-10-01T07:42:10.436379+00:00,LibGen,LibGen.bz,UP,200,695,,
2026-10-01T07:43:11.978862+00:00,LibGen,LibGen.bz,UP,200,1795,,
2026-10-01T07:44:11.695141+00:00,LibGen,LibGen.bz,UP,200,679,,
2026-10-01T07:45:14.073504+00:00,LibGen,LibGen.bz,UP,200,766,,
2026-10-01T07:46:13.110912+00:00,LibGen,LibGen.bz,UP,200,291,,
2026-10-01T07:47:13.598543+00:00,LibGen,LibGen.bz,UP,200,740,,
2026-10-01T07:48:14.460234+00:00,LibGen,LibGen.bz,UP,200,662,,
2026-10-01T07:49:34.637315+00:00,LibGen,LibGen.bz,TIMEOUT,,,timeout,
2026-10-01T07:50:31.040231+00:00,LibGen,LibGen.bz,DOWN,500,15900,http_error,
2026-10-01T07:51:19.912552+00:00,LibGen,LibGen.bz,DEGRADED,200,4533,latency_high,
2026-10-01T07:52:17.859691+00:00,LibGen,LibGen.bz,UP,200,1322,,
2026-10-01T07:53:27.231796+00:00,LibGen,LibGen.bz,UP,200,705,,
2026-10-01T07:54:18.796495+00:00,LibGen,LibGen.bz,UP,200,810,,
2026-10-01T07:55:19.677531+00:00,LibGen,LibGen.bz,UP,200,816,,
2026-10-01T07:56:20.686929+00:00,LibGen,LibGen.bz,UP,200,575,,
2026-10-01T07:57:21.509680+00:00,LibGen,LibGen.bz,UP,200,804,,
2026-10-01T07:58:22.985791+00:00,LibGen,LibGen.bz,UP,200,988,,
2026-10-01T07:59:23.203992+00:00,LibGen,LibGen.bz,UP,200,814,,
