# version: 2
# schema: timestamp,site_id,domain_id,domain_status,http_status,latency_ms,failure_type,protection_type
timestamp,site_id,domain_id,domain_status,http_status,latency_ms,failure_type,protection_type
2026-10-03T01:37:51.541590+00:00,LibGen,LibGen.gl,PROTECTED,200,730,,Cloudflare
2026-10-03T01:38:56.970983+00:00,LibGen,LibGen.gl,PROTECTED,200,2791,,Cloudflare
2026-10-03T01:39:53.203794+00:00,LibGen,LibGen.gl,PROTECTED,200,774,,Cloudflare
2026-10-03T01:40:55.353004+00:00,LibGen,LibGen.gl,PROTECTED,200,3199,,Cloudflare
2026-10-03T01:41:55.951198+00:00,LibGen,LibGen.gl,DOWN,500,3779,http_error,
2026-10-03T01:42:54.456520+00:00,LibGen,LibGen.gl,PROTECTED,200,1427,,Cloudflare
2026-10-03T01:43:55.795176+00:00,LibGen,LibGen.gl,PROTECTED,200,1999,,Cloudflare
2026-10-03T01:44:55.616631+00:00,LibGen,LibGen.gl,PROTECTED,200,1824,,Cloudflare
2026-10-03T01:45:54.931938+00:00,LibGen,LibGen.gl,PROTECTED,200,719,,Cloudflare
2026-10-03T01:46:56.603124+00:00,LibGen,LibGen.gl,PROTECTED,200,1990,,Cloudflare
2026-10-03T01:47:55.879508+00:00,LibGen,LibGen.gl,PROTECTED,200,939,,Cloudflare
2026-10-03T01:48:56.315832+00:00,LibGen,LibGen.gl,PROTECTED,200,706,,Cloudflare
2026-10-03T01:49:56.424573+00:00,LibGen,LibGen.gl,PROTECTED,200,927,,Cloudflare
2026-10-03T01:50:57.882009+00:00,LibGen,LibGen.gl,PROTECTED,200,1771,,Cloudflare
2026-10-03T01:51:58.386792+00:00,LibGen,LibGen.gl,PROTECTED,200,1195,,Cloudflare
2026-10-03T01:52:58.813513+00:00,LibGen,LibGen.gl,PROTECTED,200,1708,,Cloudflare
2026-10-03T01:53:59.197755+00:00,LibGen,LibGen.gl,PROTECTED,200,1722,,Cloudflare
2026-10-03T01:54:59.551493+00:00,LibGen,LibGen.gl,PROTECTED,200,1674,,Cloudflare
2026-10-03T01:56:00.137784+00:00,LibGen,LibGen.gl,PROTECTED,200,1449,,Cloudflare
2026-10-03T01:57:00.024344+00:00,LibGen,LibGen.gl,PROTECTED,200,772,,Cloudflare
2026-10-03T01:58:01.078112+00:00,LibGen,LibGen.gl,PROTECTED,200,928,,Cloudflare
2026-10-03T01:59:01.407199+00:00,LibGen,LibGen.gl,PROTECTED,200,917,,Cloudflare
2026-10-03T02:00:02.855333+00:00,LibGen,LibGen.gl,PROTECTED,200,1212,,Cloudflare
2026-10-03T02:01:04.136920+00:00,LibGen,LibGen.gl,PROTECTED,200,1651,,Cloudflare
2026-10-03T02:02:03.534595+00:00,LibGen,LibGen.gl,PROTECTED,200,756,,Cloudflare
2026-10-03T02:03:03.853969+00:00,LibGen,LibGen.gl,PROTECTED,200,921,,Cloudflare
2026-10-03T02:04:05.447246+00:00,LibGen,LibGen.gl,PROTECTED,200,1203,,Cloudflare
2026-10-03T02:05:05.103682+00:00,LibGen,LibGen.gl,PROTECTED,200,1608,,Cloudflare
2026-10-03T02:06:05.682554+00:00,LibGen,LibGen.gl,PROTECTED,200,1145,,Cloudflare
2026-10-03T02:07:06.610994+00:00,LibGen,LibGen.gl,PROTECTED,200,694,,Cloudflare
2026-10-03T02:08:07.160860+00:00,LibGen,LibGen.gl,PROTECTED,200,789,,Cloudflare
2026-10-03T02:09:07.694409+00:00,LibGen,LibGen.gl,PROTECTED,200,1683,,Cloudflare
2026-10-03T02:10:08.054697+00:00,LibGen,LibGen.gl,PROTECTED,200,1148,,Cloudflare
2026-10-03T02:11:08.114207+00:00,LibGen,LibGen.gl,PROTECTED,200,953,,Cloudflare
2026-10-03T02:12:09.267974+00:00,LibGen,LibGen.gl,PROTECTED,200,1894,,Cloudflare
2026-10-03T02:13:08.932112+00:00,LibGen,LibGen.gl,PROTECTED,200,751,,Cloudflare
2026-10-03T02:14:11.896191+00:00,LibGen,LibGen.gl,PROTECTED,200,3294,,Cloudflare
2026-10-03T02:15:10.040657+00:00,LibGen,LibGen.gl,PROTECTED,200,938,,Cloudflare
2026-10-03T02:16:10.816160+00:00,LibGen,LibGen.gl,PROTECTED,200,1042,,Cloudflare
2026-10-03T02:17:11.533919+00:00,LibGen,LibGen.gl,PROTECTED,200,1472,,Cloudflare
2026-10-03T02:18:11.767010+00:00,LibGen,LibGen.gl,PROTECTED,200,1450,,Cloudflare
2026-10-03T02:19:13.696906+00:00,LibGen,LibGen.gl,PROTECTED,200,1947,,Cloudflare
2026-10-03T02:20:14.311928+00:00,LibGen,LibGen.gl,PROTECTED,200,1707,,Cloudflare
2026-10-03T02:21:13.242330+00:00,LibGen,LibGen.gl,PROTECTED,200,964,,Cloudflare
2026-10-03T02:22:14.892432+00:00,LibGen,LibGen.gl,PROTECTED,200,1513,,Cloudflare
2026-10-03T02:23:14.135243+00:00,LibGen,LibGen.gl,PROTECTED,200,865,,Cloudflare
2026-10-03T02:24:16.115053+00:00,LibGen,LibGen.gl,PROTECTED,200,971,,Cloudflare
2026-10-03T02:25:16.939042+00:00,LibGen,LibGen.gl,PROTECTED,200,2479,,Cloudflare
2026-10-03T02:26:16.614375+00:00,LibGen,LibGen.gl,PROTECTED,200,2284,,Cloudflare
2026-10-03T02:27:21.994100+00:00,LibGen,LibGen.gl,PROTECTED,200,6873,,Cloudflare
2026-10-03T02:28:17.248380+00:00,LibGen,LibGen.gl,PROTECTED,200,1720,,Cloudflare
2026-10-03T02:29:18.570616+00:00,LibGen,LibGen.gl,PROTECTED,200,742,,Cloudflare
2026-10-03T02:30:17.940194+00:00,LibGen,LibGen.gl,PROTECTED,200,1393,,Cloudflare
2026-10-03T02:31:17.274431+00:00,LibGen,LibGen.gl,DOWN,500,644,http_error,
2026-10-03T02:32:18.710621+00:00,LibGen,LibGen.gl,PROTECTED,200,1027,,Cloudflare
2026-10-03T02:33:19.605936+00:00,LibGen,LibGen.gl,PROTECTED,200,1361,,Cloudflare
2026-10-03T02:34:20.488524+00:00,LibGen,LibGen.gl,PROTECTED,200,1701,,Cloudflare
2026-10-03T02:35:22.053865+00:00,LibGen,LibGen.gl,PROTECTED,200,811,,Cloudflare
2026-10-03T02:36:23.106432+00:00,LibGen,LibGen.gl,PROTECTED,200,2614,,Cloudflare
2026-10-03T02:37:22.141083+00:00,LibGen,LibGen.gl,PROTECTED,200,2224,,Cloudflare
2026-10-03T02:38:23.093361+00:00,LibGen,LibGen.gl,PROTECTED,200,1776,,Cloudflare
2026-10-03T02:39:23.459393+00:00,LibGen,LibGen.gl,PROTECTED,200,1512,,Cloudflare
2026-10-03T02:40:21.991140+00:00,LibGen,LibGen.gl,PROTECTED,200,731,,Cloudflare
2026-10-03T02:41:23.112343+00:00,LibGen,LibGen.gl,PROTECTED,200,728,,Cloudflare
2026-10-03T02:42:22.772702+00:00,LibGen,LibGen.gl,PROTECTED,200,793,,Cloudflare
2026-10-03T02:43:24.183414+00:00,LibGen,LibGen.gl,PROTECTED,200,1530,,Cloudflare
2026-10-03T02:44:25.181662+00:00,LibGen,LibGen.gl,PROTECTED,200,2221,,Cloudflare
2026-10-03T02:45:35.610918+00:00,LibGen,LibGen.gl,PROTECTED,200,11503,,Cloudflare
2026-10-03T02:46:27.791163+00:00,LibGen,LibGen.gl,PROTECTED,200,4030,,Cloudflare
2026-10-03T02:47:29.601706+00:00,LibGen,LibGen.gl,PROTECTED,200,3818,,Cloudflare
2026-10-03T02:48:33.221755+00:00,LibGen,LibGen.gl,PROTECTED,200,5826,,Cloudflare
2026-10-03T02:49:28.585436+00:00,LibGen,LibGen.gl,PROTECTED,200,2935,,Cloudflare
2026-10-03T02:50:30.640937+00:00,LibGen,LibGen.gl,PROTECTED,200,3337,,Cloudflare
2026-10-03T02:51:29.125319+00:00,LibGen,LibGen.gl,PROTECTED,200,1797,,Cloudflare
2026-10-03T02:52:29.179024+00:00,LibGen,LibGen.gl,PROTECTED,200,1445,,Cloudflare
2026-10-03T02:53:29.873843+00:00,LibGen,LibGen.gl,PROTECTED,200,1500,,Cloudflare
2026-10-03T02:54:30.949907+00:00,LibGen,LibGen.gl,PROTECTED,200,2203,,Cloudflare
2026-10-03T02:55:30.786828+00:00,LibGen,LibGen.gl,PROTECTED,200,1278,,Cloudflare
2026-10-03T02:56:31.589652+00:00,LibGen,LibGen.gl,PROTECTED,200,1511,,Cloudflare
2026-10-03T02:57:31.629696+00:00,LibGen,LibGen.gl,PROTECTED,200,1435,,Cloudflare
2026-10-03T02:58:32.263937+00:00,LibGen,LibGen.gl,PROTECTED,200,1710,,Cloudflare
2026-10-03T02:59:33.055473+00:00,LibGen,LibGen.gl,PROTECTED,200,1011,,Cloudflare
2026-10-03T03:00:34.721487+00:00,LibGen,LibGen.gl,PROTECTED,200,965,,Cloudflare
2026-10-03T03:01:38.223902+00:00,LibGen,LibGen.gl,PROTECTED,200,5360,,Cloudflare
2026-10-03T03:02:33.696075+00:00,LibGen,LibGen.gl,PROTECTED,200,720,,Cloudflare
2026-10-03T03:03:35.333652+00:00,LibGen,LibGen.gl,PROTECTED,200,1090,,Cloudflare
2026-10-03T03:04:36.275648+00:00,LibGen,LibGen.gl,PROTECTED,200,1760,,Cloudflare
2026-10-03T03:05:36.214853+00:00,LibGen,LibGen.gl,PROTECTED,200,1782,,Cloudflare
2026-10-03T03:06:36.740825+00:00,LibGen,LibGen.gl,PROTECTED,200,1419,,Cloudflare
2026-10-03T03:07:36.408739+00:00,LibGen,LibGen.gl,PROTECTED,200,732,,Cloudflare
2026-10-03T03:08:36.785086+00:00,LibGen,LibGen.gl,PROTECTED,200,792,,Cloudflare
2026-10-03T03:09:38.554146+00:00,LibGen,LibGen.gl,PROTECTED,200,757,,Cloudflare
2026-10-03T03:10:39.296258+00:00,LibGen,LibGen.gl,PROTECTED,200,2995,,Cloudflare
2026-10-03T03:11:57.602697+00:00,LibGen,LibGen.gl,DOWN,,,connection_refused,
2026-10-03T03:12:39.145443+00:00,LibGen,LibGen.gl,PROTECTED,200,1017,,Cloudflare
2026-10-03T03:13:38.355894+00:00,LibGen,LibGen.gl,PROTECTED,200,911,,Cloudflare
2026-10-03T03:14:40.382836+00:00,LibGen,LibGen.gl,PROTECTED,200,2241,,Cloudflare
2026-10-03T03:15:39.772870+00:00,LibGen,LibGen.gl,PROTECTED,200,1167,,Cloudflare
2026-10-03T03:16:40.693867+00:00,LibGen,LibGen.gl,PROTECTED,200,1824,,Cloudflare
2026-10-03T03:17:41.932720+00:00,LibGen,LibGen.gl,PROTECTED,200,1895,,Cloudflare
2026-10-03T03:18:41.451632+00:00,LibGen,LibGen.gl,PROTECTED,200,1654,,Cloudflare
2026-10-03T03:19:41.908892+00:00,LibGen,LibGen.gl,PROTECTED,200,1171,,Cloudflare
2026-10-03T03:20:41.379644+00:00,LibGen,LibGen.gl,PROTECTED,200,758,,Cloudflare
2026-10-03T03:21:43.484797+00:00,LibGen,LibGen.gl,PROTECTED,200,1482,,Cloudflare
2026-10-03T03:22:42.418977+00:00,LibGen,LibGen.gl,PROTECTED,200,1963,,Cloudflare
2026-10-03T03:23:42.047718+00:00,LibGen,LibGen.gl,PROTECTED,200,961,,Cloudflare
2026-10-03T03:24:43.147642+00:00,LibGen,LibGen.gl,PROTECTED,200,1485,,Cloudflare
2026-10-03T03:25:45.125740+00:00,LibGen,LibGen.gl,PROTECTED,200,2119,,Cloudflare
2026-10-03T03:26:44.608209+00:00,LibGen,LibGen.gl,PROTECTED,200,1590,,Cloudflare
2026-10-03T03:27:44.367986+00:00,LibGen,LibGen.gl,PROTECTED,200,1734,,Cloudflare
2026-10-03T03:28:44.417854+00:00,LibGen,LibGen.gl,PROTECTED,200,1009,,Cloudflare
2026-10-03T03:29:46.317599+00:00,LibGen,LibGen.gl,PROTECTED,200,685,,Cloudflare
2026-10-03T03:30:46.318809+00:00,LibGen,LibGen.gl,PROTECTED,200,1759,,Cloudflare
2026-10-03T03:31:46.764844+00:00,LibGen,LibGen.gl,PROTECTED,200,1711,,Cloudflare
2026-10-03T03:32:47.266660+00:00,LibGen,LibGen.gl,PROTECTED,200,1561,,Cloudflare
2026-10-03T03:33:47.911677+00:00,LibGen,LibGen.gl,PROTECTED,200,1167,,Cloudflare
2026-10-03T03:34:48.898886+00:00,LibGen,LibGen.gl,PROTECTED,200,912,,Cloudflare
2026-10-03T03:35:48.220454+00:00,LibGen,LibGen.gl,PROTECTED,200,731,,Cloudflare
2026-10-03T03:36:49.771270+00:00,LibGen,LibGen.gl,PROTECTED,200,1004,,Cloudflare
2026-10-03T03:37:50.513609+00:00,LibGen,LibGen.gl,PROTECTED,200,1386,,Cloudflare
2026-10-03T03:38:49.603873+00:00,LibGen,LibGen.gl,PROTECTED,200,967,,Cloudflare
2026-10-03T03:39:49.906796+00:00,LibGen,LibGen.gl,PROTECTED,200,821,,Cloudflare
2026-10-03T03:40:50.033567+00:00,LibGen,LibGen.gl,PROTECTED,200,715,,Cloudflare
2026-10-03T03:41:51.322807+00:00,LibGen,LibGen.gl,PROTECTED,200,1385,,Cloudflare
2026-10-03T03:42:52.261846+00:00,LibGen,LibGen.gl,PROTECTED,200,674,,Cloudflare
2026-10-03T03:43:51.364481+00:00,LibGen,LibGen.gl,PROTECTED,200,733,,Cloudflare
2026-10-03T03:44:51.674059+00:00,LibGen,LibGen.gl,PROTECTED,200,942,,Cloudflare
2026-10-03T03:45:52.506025+00:00,LibGen,LibGen.gl,PROTECTED,200,1424,,Cloudflare
2026-10-03T03:46:52.792476+00:00,LibGen,LibGen.gl,PROTECTED,200,722,,Cloudflare
2026-10-03T03:47:56.197250+00:00,LibGen,LibGen.gl,PROTECTED,200,1013,,Cloudflare
2026-10-03T03:48:53.567024+00:00,LibGen,LibGen.gl,PROTECTED,200,716,,Cloudflare
2026-10-03T03:49:54.282881+00:00,LibGen,LibGen.gl,PROTECTED,200,733,,Cloudflare
2026-10-03T03:50:55.068833+00:00,LibGen,LibGen.gl,PROTECTED,200,1371,,Cloudflare
2026-10-03T03:51:55.185153+00:00,LibGen,LibGen.gl,PROTECTED,200,925,,Cloudflare
2026-10-03T03:52:56.839027+00:00,LibGen,LibGen.gl,PROTECTED,200,2503,,Cloudflare
2026-10-03T03:53:56.807828+00:00,LibGen,LibGen.gl,PROTECTED,200,1290,,Cloudflare
2026-10-03T03:54:58.221524+00:00,LibGen,LibGen.gl,PROTECTED,200,2760,,Cloudflare
2026-10-03T03:55:58.420823+00:00,LibGen,LibGen.gl,PROTECTED,200,2702,,Cloudflare
2026-10-03T03:57:00.234057+00:00,LibGen,LibGen.gl,PROTECTED,200,1048,,Cloudflare
2026-10-03T03:58:13.999920+00:00,LibGen,LibGen.gl,PROTECTED,200,16668,,Cloudflare
2026-10-03T03:58:58.978401+00:00,LibGen,LibGen.gl,PROTECTED,200,1718,,Cloudflare
2026-10-03T03:59:59.189162+00:00,LibGen,LibGen.gl,PROTECTED,200,1438,,Cloudflare
2026-10-03T04:00:59.210449+00:00,LibGen,LibGen.gl,PROTECTED,200,853,,Cloudflare
2026-10-03T04:02:02.573219+00:00,LibGen,LibGen.gl,PROTECTED,200,3932,,Cloudflare
2026-10-03T04:03:02.579105+00:00,LibGen,LibGen.gl,PROTECTED,200,2666,,Cloudflare
2026-10-03T04:04:01.406579+00:00,LibGen,LibGen.gl,PROTECTED,200,1465,,Cloudflare
2026-10-03T04:05:01.466603+00:00,LibGen,LibGen.gl,PROTECTED,200,698,,Cloudflare
2026-10-03T04:06:03.117484+00:00,LibGen,LibGen.gl,PROTECTED,200,2513,,Cloudflare
2026-10-03T04:07:03.344920+00:00,LibGen,LibGen.gl,PROTECTED,200,2664,,Cloudflare
2026-10-03T04:08:03.263670+00:00,LibGen,LibGen.gl,PROTECTED,200,1099,,Cloudflare
2026-10-03T04:09:04.347139+00:00,LibGen,LibGen.gl,PROTECTED,200,1908,,Cloudflare
2026-10-03T04:10:04.875872+00:00,LibGen,LibGen.gl,PROTECTED,200,1947,,Cloudflare
2026-10-03T04:11:05.226521+00:00,LibGen,LibGen.gl,PROTECTED,200,1503,,Cloudflare
2026-10-03T04:12:05.927078+00:00,LibGen,LibGen.gl,PROTECTED,200,1590,,Cloudflare
2026-10-03T04:13:05.608504+00:00,LibGen,LibGen.gl,PROTECTED,200,702,,Cloudflare
2026-10-03T04:14:07.204121+00:00,LibGen,LibGen.gl,PROTECTED,200,2196,,Cloudflare
2026-10-03T04:15:07.879148+00:00,LibGen,LibGen.gl,PROTECTED,200,1803,,Cloudflare
2026-10-03T04:16:12.654026+00:00,LibGen,LibGen.gl,PROTECTED,200,2799,,Cloudflare
2026-10-03T04:17:07.681502+00:00,LibGen,LibGen.gl,PROTECTED,200,736,,Cloudflare
2026-10-03T04:18:08.162876+00:00,LibGen,LibGen.gl,PROTECTED,200,721,,Cloudflare
2026-10-03T04:19:09.015477+00:00,LibGen,LibGen.gl,PROTECTED,200,891,,Cloudflare
2026-10-03T04:20:16.232016+00:00,LibGen,LibGen.gl,DOWN,500,7752,http_error,
2026-10-03T04:21:11.804064+00:00,LibGen,LibGen.gl,PROTECTED,200,2075,,Cloudflare
2026-10-03T04:22:11.366991+00:00,LibGen,LibGen.gl,PROTECTED,200,1871,,Cloudflare
2026-10-03T04:23:13.051023+00:00,LibGen,LibGen.gl,PROTECTED,200,988,,Cloudflare
2026-10-03T04:24:13.419532+00:00,LibGen,LibGen.gl,PROTECTED,200,1466,,Cloudflare
2026-10-03T04:25:12.032792+00:00,LibGen,LibGen.gl,PROTECTED,200,890,,Cloudflare
2026-10-03T04:26:12.287821+00:00,LibGen,LibGen.gl,PROTECTED,200,733,,Cloudflare
2026-10-03T04:27:13.774633+00:00,LibGen,LibGen.gl,PROTECTED,200,1632,,Cloudflare
2026-10-03T04:28:14.666271+00:00,LibGen,LibGen.gl,PROTECTED,200,1065,,Cloudflare
2026-10-03T04:29:17.965148+00:00,LibGen,LibGen.gl,PROTECTED,200,4746,,Cloudflare
2026-10-03T04:30:15.284158+00:00,LibGen,LibGen.gl,PROTECTED,200,1463,,Cloudflare
2026-10-03T04:31:17.008018+00:00,LibGen,LibGen.gl,PROTECTED,200,1105,,Cloudflare
2026-10-03T04:32:16.853658+00:00,LibGen,LibGen.gl,PROTECTED,200,1838,,Cloudflare
2026-10-03T04:33:17.094913+00:00,LibGen,LibGen.gl,PROTECTED,200,1604,,Cloudflare
2026-10-03T04:34:17.576593+00:00,LibGen,LibGen.gl,PROTECTED,200,887,,Cloudflare
2026-10-03T04:35:17.669965+00:00,LibGen,LibGen.gl,PROTECTED,200,1209,,Cloudflare
2026-10-03T04:36:17.702356+00:00,LibGen,LibGen.gl,PROTECTED,200,763,,Cloudflare
2026-10-03T04:37:18.165898+00:00,LibGen,LibGen.gl,PROTECTED,200,967,,Cloudflare
2026-10-03T04:38:19.628616+00:00,LibGen,LibGen.gl,PROTECTED,200,1056,,Cloudflare
2026-10-03T04:39:19.311737+00:00,LibGen,LibGen.gl,PROTECTED,200,1461,,Cloudflare
2026-10-03T04:40:19.519811+00:00,LibGen,LibGen.gl,PROTECTED,200,688,,Cloudflare
2026-10-03T04:41:21.292647+00:00,LibGen,LibGen.gl,PROTECTED,200,954,,Cloudflare
2026-10-03T04:42:21.458187+00:00,LibGen,LibGen.gl,PROTECTED,200,2496,,Cloudflare
2026-10-03T04:43:24.325148+00:00,LibGen,LibGen.gl,PROTECTED,200,5181,,Cloudflare
2026-10-03T04:44:20.436381+00:00,LibGen,LibGen.gl,PROTECTED,200,752,,Cloudflare
2026-10-03T04:45:23.545870+00:00,LibGen,LibGen.gl,PROTECTED,200,1416,,Cloudflare
2026-10-03T04:46:22.658488+00:00,LibGen,LibGen.gl,PROTECTED,200,1925,,Cloudflare
2026-10-03T04:47:22.450491+00:00,LibGen,LibGen.gl,PROTECTED,200,1157,,Cloudflare
2026-10-03T04:48:23.437572+00:00,LibGen,LibGen.gl,PROTECTED,200,1830,,Cloudflare
2026-10-03T04:49:23.216470+00:00,LibGen,LibGen.gl,PROTECTED,200,996,,Cloudflare
2026-10-03T04:50:23.682740+00:00,LibGen,LibGen.gl,PROTECTED,200,938,,Cloudflare
2026-10-03T04:51:24.010835+00:00,LibGen,LibGen.gl,PROTECTED,200,936,,Cloudflare
2026-10-03T04:52:24.649388+00:00,LibGen,LibGen.gl,PROTECTED,200,1187,,Cloudflare
2026-10-03T04:53:25.948009+00:00,LibGen,LibGen.gl,PROTECTED,200,2128,,Cloudflare
2026-10-03T04:54:26.947379+00:00,LibGen,LibGen.gl,PROTECTED,200,1648,,Cloudflare
2026-10-03T04:55:25.795423+00:00,LibGen,LibGen.gl,PROTECTED,200,738,,Cloudflare
2026-10-03T04:56:26.800816+00:00,LibGen,LibGen.gl,PROTECTED,200,1732,,Cloudflare
2026-10-03T04:57:26.526700+00:00,LibGen,LibGen.gl,PROTECTED,200,1015,,Cloudflare
2026-10-03T04:58:27.572884+00:00,LibGen,LibGen.gl,PROTECTED,200,991,,Cloudflare
2026-10-03T04:59:27.732804+00:00,LibGen,LibGen.gl,PROTECTED,200,1184,,Cloudflare
2026-10-03T05:00:29.039866+00:00,LibGen,LibGen.gl,PROTECTED,200,1154,,Cloudflare
2026-10-03T05:01:30.679127+00:00,LibGen,LibGen.gl,PROTECTED,200,1053,,Cloudflare
2026-10-03T05:02:31.156461+00:00,LibGen,LibGen.gl,PROTECTED,200,1562,,Cloudflare
2026-10-03T05:03:31.292062+00:00,LibGen,LibGen.gl,PROTECTED,200,2048,,Cloudflare
2026-10-03T05:04:30.959724+00:00,LibGen,LibGen.gl,PROTECTED,200,794,,Cloudflare
2026-10-03T05:05:32.557072+00:00,LibGen,LibGen.gl,PROTECTED,200,1582,,Cloudflare
2026-10-03T05:06:32.272761+00:00,LibGen,LibGen.gl,PROTECTED,200,881,,Cloudflare
2026-10-03T05:07:33.252189+00:00,LibGen,LibGen.gl,PROTECTED,200,998,,Cloudflare
2026-10-03T05:08:33.128968+00:00,LibGen,LibGen.gl,PROTECTED,200,771,,Cloudflare
2026-10-03T05:09:34.779757+00:00,LibGen,LibGen.gl,PROTECTED,200,1139,,Cloudflare
2026-10-03T05:10:35.688006+00:00,LibGen,LibGen.gl,PROTECTED,200,1781,,Cloudflare
2026-10-03T05:11:36.602885+00:00,LibGen,LibGen.gl,PROTECTED,200,775,,Cloudflare
2026-10-03T05:12:38.110778+00:00,LibGen,LibGen.gl,PROTECTED,200,1612,,Cloudflare
2026-10-03T05:13:36.382873+00:00,LibGen,LibGen.gl,PROTECTED,200,1035,,Cloudflare
2026-10-03T05:14:36.388238+00:00,LibGen,LibGen.gl,PROTECTED,200,1308,,Cloudflare
2026-10-03T05:15:37.692863+00:00,LibGen,LibGen.gl,PROTECTED,200,815,,Cloudflare
2026-10-03T05:16:43.519402+00:00,LibGen,LibGen.gl,PROTECTED,200,6464,,Cloudflare
2026-10-03T05:17:38.797751+00:00,LibGen,LibGen.gl,PROTECTED,200,1281,,Cloudflare
2026-10-03T05:18:39.849889+00:00,LibGen,LibGen.gl,PROTECTED,200,2525,,Cloudflare
2026-10-03T05:19:40.057490+00:00,LibGen,LibGen.gl,PROTECTED,200,1070,,Cloudflare
2026-10-03T05:20:41.017236+00:00,LibGen,LibGen.gl,PROTECTED,200,1389,,Cloudflare
2026-10-03T05:21:40.064725+00:00,LibGen,LibGen.gl,PROTECTED,200,825,,Cloudflare
2026-10-03T05:22:40.795878+00:00,LibGen,LibGen.gl,PROTECTED,200,1435,,Cloudflare
2026-10-03T05:23:41.114172+00:00,LibGen,LibGen.gl,PROTECTED,200,777,,Cloudflare
2026-10-03T05:24:42.075583+00:00,LibGen,LibGen.gl,PROTECTED,200,1265,,Cloudflare
2026-10-03T05:25:42.879142+00:00,LibGen,LibGen.gl,PROTECTED,200,1924,,Cloudflare
2026-10-03T05:26:43.197063+00:00,LibGen,LibGen.gl,PROTECTED,200,1028,,Cloudflare
2026-10-03T05:28:03.089476+00:00,LibGen,LibGen.gl,DOWN,,,connection_refused,
2026-10-03T05:28:43.568879+00:00,LibGen,LibGen.gl,PROTECTED,200,1503,,Cloudflare
2026-10-03T05:29:45.243016+00:00,LibGen,LibGen.gl,PROTECTED,200,2517,,Cloudflare
2026-10-03T05:30:45.366865+00:00,LibGen,LibGen.gl,PROTECTED,200,1902,,Cloudflare
2026-10-03T05:31:47.616952+00:00,LibGen,LibGen.gl,PROTECTED,200,2616,,Cloudflare
2026-10-03T05:32:46.380182+00:00,LibGen,LibGen.gl,PROTECTED,200,1574,,Cloudflare
2026-10-03T05:33:46.878457+00:00,LibGen,LibGen.gl,PROTECTED,200,813,,Cloudflare
2026-10-03T05:34:47.626581+00:00,LibGen,LibGen.gl,PROTECTED,200,1124,,Cloudflare
2026-10-03T05:35:47.602577+00:00,LibGen,LibGen.gl,PROTECTED,200,1169,,Cloudflare
2026-10-03T05:36:48.028060+00:00,LibGen,LibGen.gl,PROTECTED,200,1062,,Cloudflare
2026-10-03T05:37:49.476747+00:00,LibGen,LibGen.gl,PROTECTED,200,2126,,Cloudflare
2026-10-03T05:38:49.687375+00:00,LibGen,LibGen.gl,PROTECTED,200,957,,Cloudflare
2026-10-03T05:39:50.331719+00:00,LibGen,LibGen.gl,PROTECTED,200,1996,,Cloudflare
2026-10-03T05:40:50.296714+00:00,LibGen,LibGen.gl,PROTECTED,200,1057,,Cloudflare
2026-10-03T05:41:51.575823+00:00,LibGen,LibGen.gl,PROTECTED,200,1476,,Cloudflare
2026-10-03T05:42:51.996316+00:00,LibGen,LibGen.gl,PROTECTED,200,1032,,Cloudflare
2026-10-03T05:43:51.602971+00:00,LibGen,LibGen.gl,PROTECTED,200,973,,Cloudflare
2026-10-03T05:44:51.725752+00:00,LibGen,LibGen.gl,PROTECTED,200,939,,Cloudflare
2026-10-03T05:45:52.104756+00:00,LibGen,LibGen.gl,PROTECTED,200,761,,Cloudflare
2026-10-03T05:46:54.246612+00:00,LibGen,LibGen.gl,PROTECTED,200,2441,,Cloudflare
2026-10-03T05:47:54.046458+00:00,LibGen,LibGen.gl,PROTECTED,200,1643,,Cloudflare
2026-10-03T05:48:55.741197+00:00,LibGen,LibGen.gl,PROTECTED,200,1430,,Cloudflare
2026-10-03T05:49:54.775343+00:00,LibGen,LibGen.gl,PROTECTED,200,998,,Cloudflare
2026-10-03T05:50:57.235195+00:00,LibGen,LibGen.gl,PROTECTED,200,1561,,Cloudflare
2026-10-03T05:51:55.137192+00:00,LibGen,LibGen.gl,PROTECTED,200,794,,Cloudflare
2026-10-03T05:52:56.306896+00:00,LibGen,LibGen.gl,PROTECTED,200,1104,,Cloudflare
2026-10-03T05:54:16.494226+00:00,LibGen,LibGen.gl,DOWN,,,connection_refused,
2026-10-03T05:54:58.509138+00:00,LibGen,LibGen.gl,PROTECTED,200,2031,,Cloudflare
2026-10-03T05:56:01.209855+00:00,LibGen,LibGen.gl,PROTECTED,200,4469,,Cloudflare
2026-10-03T05:57:17.990751+00:00,LibGen,LibGen.gl,DOWN,,,connection_refused,
2026-10-03T05:57:59.336825+00:00,LibGen,LibGen.gl,PROTECTED,200,1038,,Cloudflare
2026-10-03T05:58:59.354528+00:00,LibGen,LibGen.gl,PROTECTED,200,1252,,Cloudflare
2026-10-03T06:00:01.618147+00:00,LibGen,LibGen.gl,PROTECTED,200,2269,,Cloudflare
2026-10-03T06:01:00.913724+00:00,LibGen,LibGen.gl,PROTECTED,200,804,,Cloudflare
2026-10-03T06:02:03.701992+00:00,LibGen,LibGen.gl,PROTECTED,200,2766,,Cloudflare
2026-10-03T06:03:02.213962+00:00,LibGen,LibGen.gl,PROTECTED,200,1445,,Cloudflare
2026-10-03T06:04:02.813007+00:00,LibGen,LibGen.gl,PROTECTED,200,1170,,Cloudflare
2026-10-03T06:05:04.706974+00:00,LibGen,LibGen.gl,PROTECTED,200,2488,,Cloudflare
2026-10-03T06:06:04.270171+00:00,LibGen,LibGen.gl,PROTECTED,200,1739,,Cloudflare
2026-10-03T06:07:08.065719+00:00,LibGen,LibGen.gl,PROTECTED,200,5035,,Cloudflare
2026-10-03T06:08:07.687635+00:00,LibGen,LibGen.gl,PROTECTED,200,1217,,Cloudflare
2026-10-03T06:09:07.817328+00:00,LibGen,LibGen.gl,PROTECTED,200,3133,,Cloudflare
2026-10-03T06:10:09.952037+00:00,LibGen,LibGen.gl,PROTECTED,200,5007,,Cloudflare
2026-10-03T06:11:07.042650+00:00,LibGen,LibGen.gl,PROTECTED,200,1499,,Cloudflare
2026-10-03T06:12:08.781761+00:00,LibGen,LibGen.gl,PROTECTED,200,2536,,Cloudflare
2026-10-03T06:13:08.175788+00:00,LibGen,LibGen.gl,PROTECTED,200,994,,Cloudflare
2026-10-03T06:14:09.141306+00:00,LibGen,LibGen.gl,PROTECTED,200,1507,,Cloudflare
2026-10-03T06:15:09.380166+00:00,LibGen,LibGen.gl,PROTECTED,200,1839,,Cloudflare
2026-10-03T06:16:10.336008+00:00,LibGen,LibGen.gl,PROTECTED,200,1146,,Cloudflare
2026-10-03T06:17:12.219969+00:00,LibGen,LibGen.gl,PROTECTED,200,2634,,Cloudflare
2026-10-03T06:18:11.556334+00:00,LibGen,LibGen.gl,PROTECTED,200,1680,,Cloudflare
2026-10-03T06:19:12.998838+00:00,LibGen,LibGen.gl,PROTECTED,200,1969,,Cloudflare
2026-10-03T06:20:13.206440+00:00,LibGen,LibGen.gl,PROTECTED,200,2091,,Cloudflare
2026-10-03T06:21:13.960606+00:00,LibGen,LibGen.gl,PROTECTED,200,1872,,Cloudflare
2026-10-03T06:22:13.665682+00:00,LibGen,LibGen.gl,PROTECTED,200,1118,,Cloudflare
2026-10-03T06:23:14.335774+00:00,LibGen,LibGen.gl,PROTECTED,200,1479,,Cloudflare
2026-10-03T06:24:14.424781+00:00,LibGen,LibGen.gl,PROTECTED,200,965,,Cloudflare
2026-10-03T06:25:15.955203+00:00,LibGen,LibGen.gl,PROTECTED,200,972,,Cloudflare
2026-10-03T06:26:15.952058+00:00,LibGen,LibGen.gl,PROTECTED,200,1251,,Cloudflare
2026-10-03T06:27:17.601445+00:00,LibGen,LibGen.gl,PROTECTED,200,1669,,Cloudflare
2026-10-03T06:28:19.242466+00:00,LibGen,LibGen.gl,PROTECTED,200,1877,,Cloudflare
2026-10-03T06:29:17.824751+00:00,LibGen,LibGen.gl,PROTECTED,200,865,,Cloudflare
2026-10-03T06:30:19.755474+00:00,LibGen,LibGen.gl,PROTECTED,200,2505,,Cloudflare
2026-10-03T06:31:20.276926+00:00,LibGen,LibGen.gl,PROTECTED,200,2478,,Cloudflare
2026-10-03T06:32:20.263644+00:00,LibGen,LibGen.gl,PROTECTED,200,1106,,Cloudflare
2026-10-03T06:33:20.220714+00:00,LibGen,LibGen.gl,PROTECTED,200,708,,Cloudflare
2026-10-03T06:34:20.896882+00:00,LibGen,LibGen.gl,PROTECTED,200,1054,,Cloudflare
2026-10-03T06:35:25.922383+00:00,LibGen,LibGen.gl,PROTECTED,200,5819,,Cloudflare
2026-10-03T06:36:26.737024+00:00,LibGen,LibGen.gl,PROTECTED,200,5239,,Cloudflare
2026-10-03T06:37:22.899524+00:00,LibGen,LibGen.gl,PROTECTED,200,1860,,Cloudflare
2026-10-03T06:38:23.934141+00:00,LibGen,LibGen.gl,PROTECTED,200,1432,,Cloudflare
2026-10-03T06:39:22.905386+00:00,LibGen,LibGen.gl,PROTECTED,200,1044,,Cloudflare
2026-10-03T06:40:23.233993+00:00,LibGen,LibGen.gl,PROTECTED,200,1532,,Cloudflare
2026-10-03T06:41:22.751704+00:00,LibGen,LibGen.gl,PROTECTED,200,800,,Cloudflare
2026-10-03T06:42:24.601049+00:00,LibGen,LibGen.gl,PROTECTED,200,2753,,Cloudflare
2026-10-03T06:43:24.612206+00:00,LibGen,LibGen.gl,PROTECTED,200,2181,,Cloudflare
2026-10-03T06:44:23.832718+00:00,LibGen,LibGen.gl,PROTECTED,200,944,,Cloudflare
