# version: 2
# schema: timestamp,site_id,domain_id,domain_status,http_status,latency_ms,failure_type,protection_type
timestamp,site_id,domain_id,domain_status,http_status,latency_ms,failure_type,protection_type
2026-10-05T01:37:59.188415+00:00,LibGen,LibGen.la,PROTECTED,200,655,,Cloudflare
2026-10-05T01:39:00.082816+00:00,LibGen,LibGen.la,PROTECTED,200,866,,Cloudflare
2026-10-05T01:39:59.994631+00:00,LibGen,LibGen.la,PROTECTED,200,611,,Cloudflare
2026-10-05T01:41:21.336931+00:00,LibGen,LibGen.la,DOWN,,,connection_refused,
2026-10-05T01:42:01.178551+00:00,LibGen,LibGen.la,PROTECTED,200,821,,Cloudflare
2026-10-05T01:43:02.345958+00:00,LibGen,LibGen.la,PROTECTED,200,1046,,Cloudflare
2026-10-05T01:44:03.587748+00:00,LibGen,LibGen.la,PROTECTED,200,1889,,Cloudflare
2026-10-05T01:45:02.975739+00:00,LibGen,LibGen.la,PROTECTED,200,1019,,Cloudflare
2026-10-05T01:46:03.447747+00:00,LibGen,LibGen.la,PROTECTED,200,1188,,Cloudflare
2026-10-05T01:47:03.921619+00:00,LibGen,LibGen.la,PROTECTED,200,913,,Cloudflare
2026-10-05T01:48:04.203814+00:00,LibGen,LibGen.la,PROTECTED,200,309,,Cloudflare
2026-10-05T01:49:08.172345+00:00,LibGen,LibGen.la,PROTECTED,200,4056,,Cloudflare
2026-10-05T01:50:05.586016+00:00,LibGen,LibGen.la,PROTECTED,200,1472,,Cloudflare
2026-10-05T01:51:06.044547+00:00,LibGen,LibGen.la,PROTECTED,200,595,,Cloudflare
2026-10-05T01:52:06.700674+00:00,LibGen,LibGen.la,PROTECTED,200,573,,Cloudflare
2026-10-05T01:53:10.927492+00:00,LibGen,LibGen.la,PROTECTED,200,4954,,Cloudflare
2026-10-05T01:54:06.872545+00:00,LibGen,LibGen.la,PROTECTED,200,556,,Cloudflare
2026-10-05T01:55:07.644802+00:00,LibGen,LibGen.la,PROTECTED,200,662,,Cloudflare
2026-10-05T01:56:27.426861+00:00,LibGen,LibGen.la,TIMEOUT,,,timeout,
2026-10-05T01:57:27.924223+00:00,LibGen,LibGen.la,TIMEOUT,,,timeout,
2026-10-05T01:58:28.246413+00:00,LibGen,LibGen.la,TIMEOUT,,,timeout,
2026-10-05T01:59:08.630852+00:00,LibGen,LibGen.la,PROTECTED,503,401,,Cloudflare
2026-10-05T02:00:10.221815+00:00,LibGen,LibGen.la,PROTECTED,200,1716,,Cloudflare
2026-10-05T02:01:09.793387+00:00,LibGen,LibGen.la,PROTECTED,200,567,,Cloudflare
2026-10-05T02:02:10.801190+00:00,LibGen,LibGen.la,PROTECTED,200,955,,Cloudflare
2026-10-05T02:03:11.286763+00:00,LibGen,LibGen.la,PROTECTED,200,668,,Cloudflare
2026-10-05T02:04:11.603439+00:00,LibGen,LibGen.la,PROTECTED,200,380,,Cloudflare
2026-10-05T02:05:12.449639+00:00,LibGen,LibGen.la,PROTECTED,200,791,,Cloudflare
2026-10-05T02:06:13.247924+00:00,LibGen,LibGen.la,PROTECTED,200,567,,Cloudflare
2026-10-05T02:07:13.617622+00:00,LibGen,LibGen.la,PROTECTED,200,674,,Cloudflare
2026-10-05T02:08:14.059757+00:00,LibGen,LibGen.la,PROTECTED,200,390,,Cloudflare
2026-10-05T02:09:14.758407+00:00,LibGen,LibGen.la,PROTECTED,200,397,,Cloudflare
2026-10-05T02:10:14.838893+00:00,LibGen,LibGen.la,PROTECTED,200,575,,Cloudflare
2026-10-05T02:11:15.476729+00:00,LibGen,LibGen.la,PROTECTED,200,719,,Cloudflare
2026-10-05T02:12:15.976069+00:00,LibGen,LibGen.la,PROTECTED,200,477,,Cloudflare
2026-10-05T02:13:17.025228+00:00,LibGen,LibGen.la,PROTECTED,200,598,,Cloudflare
2026-10-05T02:14:17.173671+00:00,LibGen,LibGen.la,PROTECTED,200,684,,Cloudflare
2026-10-05T02:15:18.392825+00:00,LibGen,LibGen.la,PROTECTED,200,712,,Cloudflare
2026-10-05T02:16:18.663640+00:00,LibGen,LibGen.la,PROTECTED,200,920,,Cloudflare
2026-10-05T02:17:20.895874+00:00,LibGen,LibGen.la,PROTECTED,200,2708,,Cloudflare
2026-10-05T02:18:19.636264+00:00,LibGen,LibGen.la,PROTECTED,200,1068,,Cloudflare
2026-10-05T02:19:20.053675+00:00,LibGen,LibGen.la,PROTECTED,200,819,,Cloudflare
2026-10-05T02:20:21.349435+00:00,LibGen,LibGen.la,PROTECTED,200,358,,Cloudflare
2026-10-05T02:21:20.809367+00:00,LibGen,LibGen.la,PROTECTED,200,484,,Cloudflare
2026-10-05T02:22:22.629036+00:00,LibGen,LibGen.la,PROTECTED,200,708,,Cloudflare
2026-10-05T02:23:21.756470+00:00,LibGen,LibGen.la,PROTECTED,200,580,,Cloudflare
2026-10-05T02:24:42.474864+00:00,LibGen,LibGen.la,DOWN,,,connection_refused,
2026-10-05T02:25:23.004003+00:00,LibGen,LibGen.la,PROTECTED,200,550,,Cloudflare
2026-10-05T02:26:24.896794+00:00,LibGen,LibGen.la,PROTECTED,200,1354,,Cloudflare
2026-10-05T02:27:24.727737+00:00,LibGen,LibGen.la,PROTECTED,200,1051,,Cloudflare
2026-10-05T02:28:25.193263+00:00,LibGen,LibGen.la,PROTECTED,200,1041,,Cloudflare
2026-10-05T02:29:26.376992+00:00,LibGen,LibGen.la,PROTECTED,200,780,,Cloudflare
2026-10-05T02:30:26.691961+00:00,LibGen,LibGen.la,PROTECTED,200,575,,Cloudflare
2026-10-05T02:31:26.788825+00:00,LibGen,LibGen.la,PROTECTED,200,634,,Cloudflare
2026-10-05T02:32:27.280122+00:00,LibGen,LibGen.la,PROTECTED,200,643,,Cloudflare
2026-10-05T02:33:27.664713+00:00,LibGen,LibGen.la,PROTECTED,200,417,,Cloudflare
2026-10-05T02:34:28.528669+00:00,LibGen,LibGen.la,PROTECTED,200,434,,Cloudflare
2026-10-05T02:35:29.362778+00:00,LibGen,LibGen.la,PROTECTED,200,724,,Cloudflare
2026-10-05T02:36:29.619601+00:00,LibGen,LibGen.la,PROTECTED,200,546,,Cloudflare
2026-10-05T02:37:30.095234+00:00,LibGen,LibGen.la,PROTECTED,200,426,,Cloudflare
2026-10-05T02:38:31.153686+00:00,LibGen,LibGen.la,PROTECTED,200,970,,Cloudflare
2026-10-05T02:39:31.458203+00:00,LibGen,LibGen.la,PROTECTED,200,814,,Cloudflare
2026-10-05T02:40:32.167791+00:00,LibGen,LibGen.la,PROTECTED,200,792,,Cloudflare
2026-10-05T02:41:32.487858+00:00,LibGen,LibGen.la,PROTECTED,200,432,,Cloudflare
2026-10-05T02:42:34.081572+00:00,LibGen,LibGen.la,PROTECTED,200,1403,,Cloudflare
2026-10-05T02:43:34.555219+00:00,LibGen,LibGen.la,PROTECTED,200,1113,,Cloudflare
2026-10-05T02:44:34.372525+00:00,LibGen,LibGen.la,PROTECTED,200,965,,Cloudflare
2026-10-05T02:45:34.380641+00:00,LibGen,LibGen.la,PROTECTED,200,347,,Cloudflare
2026-10-05T02:46:36.085161+00:00,LibGen,LibGen.la,PROTECTED,200,1597,,Cloudflare
2026-10-05T02:47:35.984195+00:00,LibGen,LibGen.la,PROTECTED,200,837,,Cloudflare
2026-10-05T02:48:36.680661+00:00,LibGen,LibGen.la,PROTECTED,200,362,,Cloudflare
2026-10-05T02:49:57.290779+00:00,LibGen,LibGen.la,DOWN,,,connection_refused,
2026-10-05T02:50:37.652161+00:00,LibGen,LibGen.la,PROTECTED,200,536,,Cloudflare
2026-10-05T02:51:38.274619+00:00,LibGen,LibGen.la,PROTECTED,200,669,,Cloudflare
2026-10-05T02:52:39.196801+00:00,LibGen,LibGen.la,PROTECTED,200,983,,Cloudflare
2026-10-05T02:53:39.516150+00:00,LibGen,LibGen.la,PROTECTED,200,1323,,Cloudflare
2026-10-05T02:54:39.840553+00:00,LibGen,LibGen.la,PROTECTED,200,551,,Cloudflare
2026-10-05T02:55:39.931283+00:00,LibGen,LibGen.la,PROTECTED,200,688,,Cloudflare
2026-10-05T02:56:40.706307+00:00,LibGen,LibGen.la,PROTECTED,200,1033,,Cloudflare
2026-10-05T02:57:42.855833+00:00,LibGen,LibGen.la,PROTECTED,200,559,,Cloudflare
2026-10-05T02:58:41.112695+00:00,LibGen,LibGen.la,PROTECTED,200,824,,Cloudflare
2026-10-05T02:59:42.561941+00:00,LibGen,LibGen.la,PROTECTED,200,1975,,Cloudflare
2026-10-05T03:01:03.012924+00:00,LibGen,LibGen.la,DOWN,,,connection_refused,
2026-10-05T03:01:42.651568+00:00,LibGen,LibGen.la,PROTECTED,200,537,,Cloudflare
2026-10-05T03:02:43.416538+00:00,LibGen,LibGen.la,PROTECTED,200,538,,Cloudflare
2026-10-05T03:03:44.244767+00:00,LibGen,LibGen.la,PROTECTED,200,500,,Cloudflare
2026-10-05T03:04:45.068606+00:00,LibGen,LibGen.la,PROTECTED,200,734,,Cloudflare
2026-10-05T03:05:45.284843+00:00,LibGen,LibGen.la,PROTECTED,200,545,,Cloudflare
2026-10-05T03:06:46.472109+00:00,LibGen,LibGen.la,PROTECTED,200,1348,,Cloudflare
2026-10-05T03:07:46.702784+00:00,LibGen,LibGen.la,PROTECTED,200,1019,,Cloudflare
2026-10-05T03:08:46.387665+00:00,LibGen,LibGen.la,PROTECTED,200,446,,Cloudflare
2026-10-05T03:09:47.468807+00:00,LibGen,LibGen.la,PROTECTED,200,1179,,Cloudflare
2026-10-05T03:10:47.535701+00:00,LibGen,LibGen.la,PROTECTED,200,542,,Cloudflare
2026-10-05T03:11:48.219851+00:00,LibGen,LibGen.la,PROTECTED,200,769,,Cloudflare
2026-10-05T03:12:49.324842+00:00,LibGen,LibGen.la,PROTECTED,200,1234,,Cloudflare
2026-10-05T03:13:48.956005+00:00,LibGen,LibGen.la,PROTECTED,200,612,,Cloudflare
2026-10-05T03:14:49.878940+00:00,LibGen,LibGen.la,PROTECTED,200,897,,Cloudflare
2026-10-05T03:15:50.233256+00:00,LibGen,LibGen.la,PROTECTED,200,654,,Cloudflare
2026-10-05T03:16:51.955138+00:00,LibGen,LibGen.la,PROTECTED,200,1677,,Cloudflare
2026-10-05T03:17:52.325952+00:00,LibGen,LibGen.la,PROTECTED,200,1647,,Cloudflare
2026-10-05T03:18:52.166993+00:00,LibGen,LibGen.la,PROTECTED,200,1321,,Cloudflare
2026-10-05T03:19:52.205980+00:00,LibGen,LibGen.la,PROTECTED,200,513,,Cloudflare
2026-10-05T03:20:52.610768+00:00,LibGen,LibGen.la,PROTECTED,200,803,,Cloudflare
2026-10-05T03:21:54.163567+00:00,LibGen,LibGen.la,PROTECTED,200,1051,,Cloudflare
2026-10-05T03:23:13.927117+00:00,LibGen,LibGen.la,DOWN,,,connection_refused,
2026-10-05T03:23:59.067049+00:00,LibGen,LibGen.la,PROTECTED,200,3651,,Cloudflare
2026-10-05T03:24:55.734570+00:00,LibGen,LibGen.la,PROTECTED,200,978,,Cloudflare
2026-10-05T03:25:56.070595+00:00,LibGen,LibGen.la,PROTECTED,200,611,,Cloudflare
2026-10-05T03:26:56.651986+00:00,LibGen,LibGen.la,PROTECTED,200,601,,Cloudflare
2026-10-05T03:27:56.695312+00:00,LibGen,LibGen.la,PROTECTED,200,787,,Cloudflare
2026-10-05T03:29:16.849390+00:00,LibGen,LibGen.la,DOWN,,,connection_refused,
2026-10-05T03:29:57.295993+00:00,LibGen,LibGen.la,PROTECTED,200,642,,Cloudflare
2026-10-05T03:30:58.443917+00:00,LibGen,LibGen.la,PROTECTED,200,469,,Cloudflare
2026-10-05T03:31:59.270078+00:00,LibGen,LibGen.la,PROTECTED,200,795,,Cloudflare
2026-10-05T03:33:19.936762+00:00,LibGen,LibGen.la,DOWN,,,connection_refused,
2026-10-05T03:34:00.475666+00:00,LibGen,LibGen.la,PROTECTED,200,991,,Cloudflare
2026-10-05T03:35:01.302805+00:00,LibGen,LibGen.la,PROTECTED,200,1194,,Cloudflare
2026-10-05T03:36:02.208768+00:00,LibGen,LibGen.la,PROTECTED,200,770,,Cloudflare
2026-10-05T03:37:03.107052+00:00,LibGen,LibGen.la,PROTECTED,200,896,,Cloudflare
2026-10-05T03:38:03.089601+00:00,LibGen,LibGen.la,PROTECTED,200,778,,Cloudflare
2026-10-05T03:39:12.303144+00:00,LibGen,LibGen.la,PROTECTED,200,10135,,Cloudflare
2026-10-05T03:40:04.818980+00:00,LibGen,LibGen.la,PROTECTED,200,1919,,Cloudflare
2026-10-05T03:41:03.704126+00:00,LibGen,LibGen.la,PROTECTED,200,811,,Cloudflare
2026-10-05T03:42:04.710700+00:00,LibGen,LibGen.la,PROTECTED,200,1105,,Cloudflare
2026-10-05T03:43:04.701432+00:00,LibGen,LibGen.la,PROTECTED,200,876,,Cloudflare
2026-10-05T03:44:04.568407+00:00,LibGen,LibGen.la,PROTECTED,200,427,,Cloudflare
2026-10-05T03:45:25.469503+00:00,LibGen,LibGen.la,DOWN,,,connection_refused,
2026-10-05T03:46:05.769478+00:00,LibGen,LibGen.la,PROTECTED,200,459,,Cloudflare
2026-10-05T03:47:08.514749+00:00,LibGen,LibGen.la,PROTECTED,200,2522,,Cloudflare
2026-10-05T03:48:08.102346+00:00,LibGen,LibGen.la,PROTECTED,200,688,,Cloudflare
2026-10-05T03:49:07.449184+00:00,LibGen,LibGen.la,PROTECTED,200,778,,Cloudflare
2026-10-05T03:50:08.378204+00:00,LibGen,LibGen.la,PROTECTED,200,1315,,Cloudflare
2026-10-05T03:51:07.978267+00:00,LibGen,LibGen.la,PROTECTED,200,435,,Cloudflare
2026-10-05T03:52:08.797358+00:00,LibGen,LibGen.la,PROTECTED,200,645,,Cloudflare
2026-10-05T03:53:09.521888+00:00,LibGen,LibGen.la,PROTECTED,200,535,,Cloudflare
2026-10-05T03:54:12.872559+00:00,LibGen,LibGen.la,PROTECTED,200,3848,,Cloudflare
2026-10-05T03:55:11.181816+00:00,LibGen,LibGen.la,PROTECTED,200,1046,,Cloudflare
2026-10-05T03:56:10.988715+00:00,LibGen,LibGen.la,PROTECTED,200,687,,Cloudflare
2026-10-05T03:57:11.852296+00:00,LibGen,LibGen.la,PROTECTED,200,869,,Cloudflare
2026-10-05T03:58:11.424830+00:00,LibGen,LibGen.la,PROTECTED,200,766,,Cloudflare
2026-10-05T03:59:11.584856+00:00,LibGen,LibGen.la,PROTECTED,200,541,,Cloudflare
2026-10-05T04:00:12.019744+00:00,LibGen,LibGen.la,PROTECTED,200,334,,Cloudflare
2026-10-05T04:01:12.098780+00:00,LibGen,LibGen.la,PROTECTED,200,338,,Cloudflare
2026-10-05T04:02:12.698558+00:00,LibGen,LibGen.la,PROTECTED,200,538,,Cloudflare
2026-10-05T04:03:14.523705+00:00,LibGen,LibGen.la,PROTECTED,200,607,,Cloudflare
2026-10-05T04:04:14.884703+00:00,LibGen,LibGen.la,PROTECTED,200,1109,,Cloudflare
2026-10-05T04:05:15.704619+00:00,LibGen,LibGen.la,PROTECTED,200,804,,Cloudflare
2026-10-05T04:06:16.704887+00:00,LibGen,LibGen.la,PROTECTED,200,533,,Cloudflare
2026-10-05T04:07:16.220835+00:00,LibGen,LibGen.la,PROTECTED,200,657,,Cloudflare
2026-10-05T04:08:17.136521+00:00,LibGen,LibGen.la,PROTECTED,200,904,,Cloudflare
2026-10-05T04:09:17.388498+00:00,LibGen,LibGen.la,PROTECTED,200,744,,Cloudflare
2026-10-05T04:10:18.011064+00:00,LibGen,LibGen.la,PROTECTED,200,1073,,Cloudflare
2026-10-05T04:11:17.991442+00:00,LibGen,LibGen.la,PROTECTED,200,627,,Cloudflare
2026-10-05T04:12:22.005142+00:00,LibGen,LibGen.la,PROTECTED,200,4309,,Cloudflare
2026-10-05T04:13:22.287010+00:00,LibGen,LibGen.la,PROTECTED,200,1499,,Cloudflare
2026-10-05T04:14:19.793566+00:00,LibGen,LibGen.la,PROTECTED,200,456,,Cloudflare
2026-10-05T04:15:20.663066+00:00,LibGen,LibGen.la,PROTECTED,200,452,,Cloudflare
2026-10-05T04:16:22.304823+00:00,LibGen,LibGen.la,PROTECTED,200,1433,,Cloudflare
2026-10-05T04:17:23.053714+00:00,LibGen,LibGen.la,PROTECTED,200,1590,,Cloudflare
2026-10-05T04:18:23.297381+00:00,LibGen,LibGen.la,PROTECTED,200,786,,Cloudflare
2026-10-05T04:19:23.492697+00:00,LibGen,LibGen.la,PROTECTED,200,639,,Cloudflare
2026-10-05T04:20:24.822672+00:00,LibGen,LibGen.la,PROTECTED,200,1052,,Cloudflare
2026-10-05T04:21:24.813624+00:00,LibGen,LibGen.la,PROTECTED,200,428,,Cloudflare
2026-10-05T04:22:26.513509+00:00,LibGen,LibGen.la,PROTECTED,200,1286,,Cloudflare
2026-10-05T04:23:25.693425+00:00,LibGen,LibGen.la,PROTECTED,200,636,,Cloudflare
2026-10-05T04:24:26.348585+00:00,LibGen,LibGen.la,PROTECTED,200,655,,Cloudflare
2026-10-05T04:25:27.230991+00:00,LibGen,LibGen.la,PROTECTED,200,695,,Cloudflare
2026-10-05T04:26:27.639904+00:00,LibGen,LibGen.la,PROTECTED,200,708,,Cloudflare
2026-10-05T04:27:28.107893+00:00,LibGen,LibGen.la,PROTECTED,200,861,,Cloudflare
2026-10-05T04:28:28.824848+00:00,LibGen,LibGen.la,PROTECTED,200,890,,Cloudflare
2026-10-05T04:29:29.424849+00:00,LibGen,LibGen.la,PROTECTED,200,832,,Cloudflare
2026-10-05T04:30:29.636108+00:00,LibGen,LibGen.la,PROTECTED,200,318,,Cloudflare
2026-10-05T04:31:30.296105+00:00,LibGen,LibGen.la,PROTECTED,200,880,,Cloudflare
2026-10-05T04:32:33.251801+00:00,LibGen,LibGen.la,PROTECTED,200,2939,,Cloudflare
2026-10-05T04:33:31.384888+00:00,LibGen,LibGen.la,PROTECTED,200,904,,Cloudflare
2026-10-05T04:34:32.540128+00:00,LibGen,LibGen.la,PROTECTED,200,1437,,Cloudflare
2026-10-05T04:35:35.316212+00:00,LibGen,LibGen.la,PROTECTED,200,1248,,Cloudflare
2026-10-05T04:36:33.638503+00:00,LibGen,LibGen.la,PROTECTED,200,1769,,Cloudflare
2026-10-05T04:37:32.997870+00:00,LibGen,LibGen.la,PROTECTED,200,461,,Cloudflare
2026-10-05T04:38:36.925387+00:00,LibGen,LibGen.la,PROTECTED,200,3890,,Cloudflare
2026-10-05T04:39:34.145868+00:00,LibGen,LibGen.la,PROTECTED,200,639,,Cloudflare
2026-10-05T04:40:36.852957+00:00,LibGen,LibGen.la,PROTECTED,200,648,,Cloudflare
2026-10-05T04:41:36.434581+00:00,LibGen,LibGen.la,PROTECTED,200,1491,,Cloudflare
2026-10-05T04:42:36.425703+00:00,LibGen,LibGen.la,PROTECTED,200,467,,Cloudflare
2026-10-05T04:43:38.102804+00:00,LibGen,LibGen.la,PROTECTED,200,958,,Cloudflare
2026-10-05T04:44:37.504323+00:00,LibGen,LibGen.la,PROTECTED,200,807,,Cloudflare
2026-10-05T04:45:36.958255+00:00,LibGen,LibGen.la,PROTECTED,200,404,,Cloudflare
2026-10-05T04:46:37.933948+00:00,LibGen,LibGen.la,PROTECTED,200,707,,Cloudflare
2026-10-05T04:47:38.180228+00:00,LibGen,LibGen.la,PROTECTED,200,490,,Cloudflare
2026-10-05T04:48:39.062882+00:00,LibGen,LibGen.la,PROTECTED,200,749,,Cloudflare
2026-10-05T04:49:39.440398+00:00,LibGen,LibGen.la,PROTECTED,200,721,,Cloudflare
2026-10-05T04:50:40.825921+00:00,LibGen,LibGen.la,PROTECTED,200,1617,,Cloudflare
2026-10-05T04:51:41.446971+00:00,LibGen,LibGen.la,PROTECTED,200,1724,,Cloudflare
2026-10-05T04:52:41.665599+00:00,LibGen,LibGen.la,PROTECTED,200,1564,,Cloudflare
2026-10-05T04:53:42.017814+00:00,LibGen,LibGen.la,PROTECTED,200,798,,Cloudflare
2026-10-05T04:54:42.563611+00:00,LibGen,LibGen.la,PROTECTED,200,913,,Cloudflare
2026-10-05T04:55:43.990727+00:00,LibGen,LibGen.la,PROTECTED,200,1629,,Cloudflare
2026-10-05T04:56:44.015227+00:00,LibGen,LibGen.la,PROTECTED,200,960,,Cloudflare
2026-10-05T04:57:44.285818+00:00,LibGen,LibGen.la,PROTECTED,200,552,,Cloudflare
2026-10-05T04:58:45.187564+00:00,LibGen,LibGen.la,PROTECTED,200,950,,Cloudflare
2026-10-05T04:59:46.535420+00:00,LibGen,LibGen.la,PROTECTED,200,1588,,Cloudflare
2026-10-05T05:00:45.434191+00:00,LibGen,LibGen.la,PROTECTED,200,354,,Cloudflare
2026-10-05T05:01:46.174726+00:00,LibGen,LibGen.la,PROTECTED,200,332,,Cloudflare
2026-10-05T05:02:47.001652+00:00,LibGen,LibGen.la,PROTECTED,200,643,,Cloudflare
2026-10-05T05:03:47.264944+00:00,LibGen,LibGen.la,PROTECTED,200,320,,Cloudflare
2026-10-05T05:04:48.706572+00:00,LibGen,LibGen.la,PROTECTED,200,955,,Cloudflare
2026-10-05T05:05:49.664951+00:00,LibGen,LibGen.la,PROTECTED,200,1186,,Cloudflare
2026-10-05T05:06:49.544680+00:00,LibGen,LibGen.la,PROTECTED,200,431,,Cloudflare
2026-10-05T05:07:51.010738+00:00,LibGen,LibGen.la,PROTECTED,200,1194,,Cloudflare
2026-10-05T05:08:50.525977+00:00,LibGen,LibGen.la,PROTECTED,200,769,,Cloudflare
2026-10-05T05:09:51.545058+00:00,LibGen,LibGen.la,PROTECTED,200,676,,Cloudflare
2026-10-05T05:10:52.036206+00:00,LibGen,LibGen.la,PROTECTED,200,1211,,Cloudflare
2026-10-05T05:11:53.832729+00:00,LibGen,LibGen.la,PROTECTED,200,2604,,Cloudflare
2026-10-05T05:12:53.574250+00:00,LibGen,LibGen.la,PROTECTED,200,824,,Cloudflare
2026-10-05T05:13:53.191136+00:00,LibGen,LibGen.la,PROTECTED,200,790,,Cloudflare
2026-10-05T05:14:53.825661+00:00,LibGen,LibGen.la,PROTECTED,200,804,,Cloudflare
2026-10-05T05:15:54.992888+00:00,LibGen,LibGen.la,PROTECTED,200,1025,,Cloudflare
2026-10-05T05:16:55.137994+00:00,LibGen,LibGen.la,PROTECTED,200,867,,Cloudflare
2026-10-05T05:17:56.238743+00:00,LibGen,LibGen.la,PROTECTED,200,1091,,Cloudflare
2026-10-05T05:18:56.790635+00:00,LibGen,LibGen.la,PROTECTED,200,812,,Cloudflare
2026-10-05T05:19:56.378360+00:00,LibGen,LibGen.la,PROTECTED,200,538,,Cloudflare
2026-10-05T05:21:18.141587+00:00,LibGen,LibGen.la,DOWN,,,connection_refused,
2026-10-05T05:21:58.606873+00:00,LibGen,LibGen.la,PROTECTED,200,768,,Cloudflare
2026-10-05T05:22:58.547597+00:00,LibGen,LibGen.la,PROTECTED,200,804,,Cloudflare
2026-10-05T05:23:59.690447+00:00,LibGen,LibGen.la,PROTECTED,200,794,,Cloudflare
2026-10-05T05:25:00.718826+00:00,LibGen,LibGen.la,PROTECTED,200,1257,,Cloudflare
2026-10-05T05:26:01.379758+00:00,LibGen,LibGen.la,PROTECTED,200,1321,,Cloudflare
2026-10-05T05:27:01.798884+00:00,LibGen,LibGen.la,PROTECTED,200,552,,Cloudflare
2026-10-05T05:28:01.667607+00:00,LibGen,LibGen.la,DOWN,500,459,http_error,
2026-10-05T05:29:02.936513+00:00,LibGen,LibGen.la,PROTECTED,200,872,,Cloudflare
2026-10-05T05:30:04.484719+00:00,LibGen,LibGen.la,PROTECTED,200,1828,,Cloudflare
2026-10-05T05:31:03.702429+00:00,LibGen,LibGen.la,PROTECTED,200,403,,Cloudflare
2026-10-05T05:32:04.439165+00:00,LibGen,LibGen.la,PROTECTED,200,663,,Cloudflare
2026-10-05T05:33:05.099493+00:00,LibGen,LibGen.la,PROTECTED,200,646,,Cloudflare
2026-10-05T05:34:05.549617+00:00,LibGen,LibGen.la,PROTECTED,200,403,,Cloudflare
2026-10-05T05:35:06.685457+00:00,LibGen,LibGen.la,PROTECTED,200,1193,,Cloudflare
2026-10-05T05:36:06.478729+00:00,LibGen,LibGen.la,PROTECTED,200,601,,Cloudflare
2026-10-05T05:37:07.139957+00:00,LibGen,LibGen.la,PROTECTED,200,667,,Cloudflare
2026-10-05T05:38:07.645592+00:00,LibGen,LibGen.la,PROTECTED,200,834,,Cloudflare
2026-10-05T05:39:08.379652+00:00,LibGen,LibGen.la,PROTECTED,200,815,,Cloudflare
2026-10-05T05:40:09.141966+00:00,LibGen,LibGen.la,PROTECTED,200,675,,Cloudflare
2026-10-05T05:41:09.648813+00:00,LibGen,LibGen.la,PROTECTED,200,634,,Cloudflare
2026-10-05T05:42:09.362082+00:00,LibGen,LibGen.la,PROTECTED,200,399,,Cloudflare
2026-10-05T05:43:10.179626+00:00,LibGen,LibGen.la,PROTECTED,200,854,,Cloudflare
2026-10-05T05:44:10.947881+00:00,LibGen,LibGen.la,PROTECTED,200,1291,,Cloudflare
2026-10-05T05:45:11.582966+00:00,LibGen,LibGen.la,PROTECTED,200,1409,,Cloudflare
2026-10-05T05:46:11.650792+00:00,LibGen,LibGen.la,PROTECTED,200,406,,Cloudflare
2026-10-05T05:47:12.481727+00:00,LibGen,LibGen.la,PROTECTED,200,1240,,Cloudflare
2026-10-05T05:48:13.173075+00:00,LibGen,LibGen.la,PROTECTED,200,1578,,Cloudflare
2026-10-05T05:49:12.694935+00:00,LibGen,LibGen.la,PROTECTED,200,789,,Cloudflare
2026-10-05T05:50:13.985931+00:00,LibGen,LibGen.la,PROTECTED,200,1385,,Cloudflare
2026-10-05T05:51:14.898755+00:00,LibGen,LibGen.la,PROTECTED,200,988,,Cloudflare
2026-10-05T05:52:14.688989+00:00,LibGen,LibGen.la,PROTECTED,200,750,,Cloudflare
2026-10-05T05:53:15.818383+00:00,LibGen,LibGen.la,PROTECTED,200,1234,,Cloudflare
2026-10-05T05:54:15.849061+00:00,LibGen,LibGen.la,PROTECTED,200,591,,Cloudflare
2026-10-05T05:55:19.475678+00:00,LibGen,LibGen.la,PROTECTED,200,832,,Cloudflare
2026-10-05T05:56:37.314788+00:00,LibGen,LibGen.la,DOWN,,,connection_refused,
2026-10-05T05:57:18.082676+00:00,LibGen,LibGen.la,PROTECTED,200,870,,Cloudflare
2026-10-05T05:58:17.860610+00:00,LibGen,LibGen.la,PROTECTED,200,449,,Cloudflare
2026-10-05T05:59:18.477909+00:00,LibGen,LibGen.la,PROTECTED,200,387,,Cloudflare
2026-10-05T06:00:20.287771+00:00,LibGen,LibGen.la,PROTECTED,200,1938,,Cloudflare
2026-10-05T06:01:20.035148+00:00,LibGen,LibGen.la,PROTECTED,200,703,,Cloudflare
2026-10-05T06:02:20.629606+00:00,LibGen,LibGen.la,PROTECTED,200,307,,Cloudflare
2026-10-05T06:03:21.143973+00:00,LibGen,LibGen.la,PROTECTED,200,859,,Cloudflare
2026-10-05T06:04:22.191436+00:00,LibGen,LibGen.la,PROTECTED,200,1616,,Cloudflare
2026-10-05T06:05:22.315113+00:00,LibGen,LibGen.la,PROTECTED,200,1012,,Cloudflare
2026-10-05T06:06:22.633117+00:00,LibGen,LibGen.la,PROTECTED,200,744,,Cloudflare
2026-10-05T06:07:23.033807+00:00,LibGen,LibGen.la,PROTECTED,200,614,,Cloudflare
2026-10-05T06:08:24.404712+00:00,LibGen,LibGen.la,PROTECTED,200,705,,Cloudflare
2026-10-05T06:09:24.222367+00:00,LibGen,LibGen.la,PROTECTED,200,900,,Cloudflare
2026-10-05T06:10:25.142199+00:00,LibGen,LibGen.la,PROTECTED,200,1063,,Cloudflare
2026-10-05T06:11:25.865716+00:00,LibGen,LibGen.la,PROTECTED,200,723,,Cloudflare
2026-10-05T06:12:25.612079+00:00,LibGen,LibGen.la,PROTECTED,200,501,,Cloudflare
2026-10-05T06:13:26.771157+00:00,LibGen,LibGen.la,PROTECTED,200,894,,Cloudflare
2026-10-05T06:14:26.809892+00:00,LibGen,LibGen.la,PROTECTED,200,646,,Cloudflare
2026-10-05T06:15:27.522374+00:00,LibGen,LibGen.la,PROTECTED,200,809,,Cloudflare
2026-10-05T06:16:28.779159+00:00,LibGen,LibGen.la,PROTECTED,200,1574,,Cloudflare
2026-10-05T06:17:29.859480+00:00,LibGen,LibGen.la,PROTECTED,200,842,,Cloudflare
2026-10-05T06:18:28.954864+00:00,LibGen,LibGen.la,PROTECTED,200,588,,Cloudflare
2026-10-05T06:19:30.278589+00:00,LibGen,LibGen.la,PROTECTED,200,1256,,Cloudflare
2026-10-05T06:20:29.791663+00:00,LibGen,LibGen.la,PROTECTED,200,673,,Cloudflare
2026-10-05T06:21:30.569387+00:00,LibGen,LibGen.la,PROTECTED,200,888,,Cloudflare
2026-10-05T06:22:31.490966+00:00,LibGen,LibGen.la,PROTECTED,200,670,,Cloudflare
2026-10-05T06:23:35.438027+00:00,LibGen,LibGen.la,PROTECTED,200,4225,,Cloudflare
2026-10-05T06:24:32.094698+00:00,LibGen,LibGen.la,PROTECTED,200,457,,Cloudflare
2026-10-05T06:25:33.408779+00:00,LibGen,LibGen.la,PROTECTED,200,599,,Cloudflare
2026-10-05T06:26:34.264723+00:00,LibGen,LibGen.la,PROTECTED,200,1178,,Cloudflare
2026-10-05T06:27:34.368659+00:00,LibGen,LibGen.la,PROTECTED,200,668,,Cloudflare
2026-10-05T06:28:35.750680+00:00,LibGen,LibGen.la,PROTECTED,200,1599,,Cloudflare
2026-10-05T06:29:36.181709+00:00,LibGen,LibGen.la,PROTECTED,200,866,,Cloudflare
2026-10-05T06:30:36.504819+00:00,LibGen,LibGen.la,PROTECTED,200,648,,Cloudflare
2026-10-05T06:31:37.657608+00:00,LibGen,LibGen.la,PROTECTED,200,810,,Cloudflare
2026-10-05T06:32:37.587771+00:00,LibGen,LibGen.la,PROTECTED,200,738,,Cloudflare
2026-10-05T06:33:37.959815+00:00,LibGen,LibGen.la,PROTECTED,200,364,,Cloudflare
2026-10-05T06:34:39.002082+00:00,LibGen,LibGen.la,PROTECTED,200,969,,Cloudflare
2026-10-05T06:35:39.731298+00:00,LibGen,LibGen.la,PROTECTED,200,589,,Cloudflare
2026-10-05T06:36:40.474858+00:00,LibGen,LibGen.la,PROTECTED,200,962,,Cloudflare
2026-10-05T06:37:40.346797+00:00,LibGen,LibGen.la,PROTECTED,200,484,,Cloudflare
2026-10-05T06:38:40.881544+00:00,LibGen,LibGen.la,DOWN,500,511,http_error,
2026-10-05T06:39:42.392966+00:00,LibGen,LibGen.la,PROTECTED,200,1913,,Cloudflare
2026-10-05T06:41:02.666743+00:00,LibGen,LibGen.la,DOWN,,,connection_refused,
2026-10-05T06:41:43.056551+00:00,LibGen,LibGen.la,PROTECTED,200,1468,,Cloudflare
2026-10-05T06:42:42.600466+00:00,LibGen,LibGen.la,PROTECTED,200,530,,Cloudflare
2026-10-05T06:43:43.448788+00:00,LibGen,LibGen.la,PROTECTED,200,889,,Cloudflare
2026-10-05T06:44:43.016864+00:00,LibGen,LibGen.la,PROTECTED,200,779,,Cloudflare
2026-10-05T06:45:43.064113+00:00,LibGen,LibGen.la,PROTECTED,200,825,,Cloudflare
2026-10-05T06:46:44.187059+00:00,LibGen,LibGen.la,PROTECTED,200,958,,Cloudflare
2026-10-05T06:47:45.567691+00:00,LibGen,LibGen.la,PROTECTED,200,1358,,Cloudflare
2026-10-05T06:48:45.929764+00:00,LibGen,LibGen.la,PROTECTED,200,836,,Cloudflare
2026-10-05T06:49:45.669035+00:00,LibGen,LibGen.la,PROTECTED,200,456,,Cloudflare
2026-10-05T06:50:47.127844+00:00,LibGen,LibGen.la,PROTECTED,200,942,,Cloudflare
2026-10-05T06:51:48.332405+00:00,LibGen,LibGen.la,PROTECTED,200,1267,,Cloudflare
2026-10-05T06:52:47.994604+00:00,LibGen,LibGen.la,PROTECTED,200,745,,Cloudflare
2026-10-05T06:53:47.624341+00:00,LibGen,LibGen.la,PROTECTED,200,713,,Cloudflare
