# version: 2
# schema: timestamp,site_id,domain_id,domain_status,http_status,latency_ms,failure_type,protection_type
timestamp,site_id,domain_id,domain_status,http_status,latency_ms,failure_type,protection_type
2026-10-04T01:38:29.432211+00:00,LibGen,LibGen.li,UP,200,1174,,
2026-10-04T01:39:29.715557+00:00,LibGen,LibGen.li,UP,200,865,,
2026-10-04T01:40:30.013691+00:00,LibGen,LibGen.li,UP,200,855,,
2026-10-04T01:41:31.026362+00:00,LibGen,LibGen.li,UP,200,761,,
2026-10-04T01:42:32.905007+00:00,LibGen,LibGen.li,DEGRADED,200,3427,latency_high,
2026-10-04T01:43:32.613329+00:00,LibGen,LibGen.li,UP,200,717,,
2026-10-04T01:44:31.508299+00:00,LibGen,LibGen.li,UP,200,724,,
2026-10-04T01:45:31.731972+00:00,LibGen,LibGen.li,UP,200,743,,
2026-10-04T01:46:35.462605+00:00,LibGen,LibGen.li,DOWN,500,4354,http_error,
2026-10-04T01:47:32.436317+00:00,LibGen,LibGen.li,UP,200,911,,
2026-10-04T01:48:32.774670+00:00,LibGen,LibGen.li,UP,200,856,,
2026-10-04T01:49:33.930669+00:00,LibGen,LibGen.li,UP,200,734,,
2026-10-04T01:50:54.130724+00:00,LibGen,LibGen.li,DOWN,,,connection_refused,
2026-10-04T01:51:34.978016+00:00,LibGen,LibGen.li,UP,200,929,,
2026-10-04T01:52:36.029758+00:00,LibGen,LibGen.li,UP,200,667,,
2026-10-04T01:53:35.841645+00:00,LibGen,LibGen.li,UP,200,735,,
2026-10-04T01:54:36.255748+00:00,LibGen,LibGen.li,UP,200,952,,
2026-10-04T01:55:36.113544+00:00,LibGen,LibGen.li,UP,200,646,,
2026-10-04T01:56:36.505470+00:00,LibGen,LibGen.li,DOWN,500,742,http_error,
2026-10-04T01:57:37.998780+00:00,LibGen,LibGen.li,UP,200,1077,,
2026-10-04T01:58:37.705819+00:00,LibGen,LibGen.li,UP,200,1044,,
2026-10-04T01:59:37.824542+00:00,LibGen,LibGen.li,UP,200,867,,
2026-10-04T02:00:38.373504+00:00,LibGen,LibGen.li,UP,200,875,,
2026-10-04T02:01:39.491527+00:00,LibGen,LibGen.li,UP,200,821,,
2026-10-04T02:02:39.936553+00:00,LibGen,LibGen.li,UP,200,876,,
2026-10-04T02:03:40.572575+00:00,LibGen,LibGen.li,UP,200,1008,,
2026-10-04T02:04:40.673298+00:00,LibGen,LibGen.li,UP,200,356,,
2026-10-04T02:05:42.360442+00:00,LibGen,LibGen.li,UP,200,1065,,
2026-10-04T02:06:43.408920+00:00,LibGen,LibGen.li,UP,200,775,,
2026-10-04T02:07:45.246799+00:00,LibGen,LibGen.li,UP,200,2718,,
2026-10-04T02:08:43.769436+00:00,LibGen,LibGen.li,UP,200,688,,
2026-10-04T02:09:46.041672+00:00,LibGen,LibGen.li,UP,200,1580,,
2026-10-04T02:10:44.896882+00:00,LibGen,LibGen.li,UP,200,941,,
2026-10-04T02:11:45.613449+00:00,LibGen,LibGen.li,UP,200,753,,
2026-10-04T02:12:45.442023+00:00,LibGen,LibGen.li,UP,200,717,,
2026-10-04T02:13:46.091132+00:00,LibGen,LibGen.li,UP,200,730,,
2026-10-04T02:15:07.247870+00:00,LibGen,LibGen.li,DOWN,,,connection_refused,
2026-10-04T02:15:47.101392+00:00,LibGen,LibGen.li,UP,200,1022,,
2026-10-04T02:16:47.101179+00:00,LibGen,LibGen.li,UP,200,1012,,
2026-10-04T02:17:47.500862+00:00,LibGen,LibGen.li,UP,200,915,,
2026-10-04T02:18:48.566889+00:00,LibGen,LibGen.li,UP,200,1039,,
2026-10-04T02:19:49.105752+00:00,LibGen,LibGen.li,UP,200,1028,,
2026-10-04T02:20:49.626226+00:00,LibGen,LibGen.li,UP,200,839,,
2026-10-04T02:21:49.718434+00:00,LibGen,LibGen.li,UP,200,694,,
2026-10-04T02:22:49.594993+00:00,LibGen,LibGen.li,DOWN,,,connection_refused,
2026-10-04T02:23:51.018905+00:00,LibGen,LibGen.li,UP,200,982,,
2026-10-04T02:24:51.021740+00:00,LibGen,LibGen.li,UP,200,471,,
2026-10-04T02:25:52.833782+00:00,LibGen,LibGen.li,UP,200,854,,
2026-10-04T02:26:52.733975+00:00,LibGen,LibGen.li,UP,200,803,,
2026-10-04T02:27:53.045361+00:00,LibGen,LibGen.li,UP,200,1045,,
2026-10-04T02:29:13.657774+00:00,LibGen,LibGen.li,DOWN,,,connection_refused,
2026-10-04T02:29:54.024351+00:00,LibGen,LibGen.li,UP,200,853,,
2026-10-04T02:30:54.792514+00:00,LibGen,LibGen.li,UP,200,994,,
2026-10-04T02:31:55.374107+00:00,LibGen,LibGen.li,UP,200,806,,
2026-10-04T02:32:56.626394+00:00,LibGen,LibGen.li,UP,200,725,,
2026-10-04T02:33:55.749302+00:00,LibGen,LibGen.li,UP,200,374,,
2026-10-04T02:34:57.041360+00:00,LibGen,LibGen.li,UP,200,1008,,
2026-10-04T02:35:57.371526+00:00,LibGen,LibGen.li,UP,200,709,,
2026-10-04T02:36:57.898316+00:00,LibGen,LibGen.li,UP,200,838,,
2026-10-04T02:37:59.400308+00:00,LibGen,LibGen.li,UP,200,1547,,
2026-10-04T02:38:59.759152+00:00,LibGen,LibGen.li,UP,200,1022,,
2026-10-04T02:40:00.748241+00:00,LibGen,LibGen.li,UP,200,795,,
2026-10-04T02:41:01.871120+00:00,LibGen,LibGen.li,UP,200,1457,,
2026-10-04T02:42:01.717651+00:00,LibGen,LibGen.li,UP,200,1021,,
2026-10-04T02:43:02.572910+00:00,LibGen,LibGen.li,UP,200,880,,
2026-10-04T02:44:03.259728+00:00,LibGen,LibGen.li,UP,200,1486,,
2026-10-04T02:45:23.491023+00:00,LibGen,LibGen.li,DOWN,,,connection_refused,
2026-10-04T02:46:24.141402+00:00,LibGen,LibGen.li,DOWN,,,connection_refused,
2026-10-04T02:47:04.112500+00:00,LibGen,LibGen.li,UP,200,887,,
2026-10-04T02:48:05.315519+00:00,LibGen,LibGen.li,UP,200,989,,
2026-10-04T02:49:09.205700+00:00,LibGen,LibGen.li,DEGRADED,200,4273,latency_high,
2026-10-04T02:50:06.753599+00:00,LibGen,LibGen.li,UP,200,1432,,
2026-10-04T02:51:07.470812+00:00,LibGen,LibGen.li,UP,200,1142,,
2026-10-04T02:52:07.687921+00:00,LibGen,LibGen.li,UP,200,976,,
2026-10-04T02:53:07.998530+00:00,LibGen,LibGen.li,UP,200,998,,
2026-10-04T02:54:08.310006+00:00,LibGen,LibGen.li,UP,200,987,,
2026-10-04T02:55:09.052980+00:00,LibGen,LibGen.li,UP,200,956,,
2026-10-04T02:56:09.043624+00:00,LibGen,LibGen.li,UP,200,805,,
2026-10-04T02:57:09.368995+00:00,LibGen,LibGen.li,UP,200,801,,
2026-10-04T02:58:10.150001+00:00,LibGen,LibGen.li,UP,200,1319,,
2026-10-04T02:59:10.678005+00:00,LibGen,LibGen.li,UP,200,1187,,
2026-10-04T03:00:10.901083+00:00,LibGen,LibGen.li,UP,200,1160,,
2026-10-04T03:01:11.511511+00:00,LibGen,LibGen.li,UP,200,925,,
2026-10-04T03:02:12.804786+00:00,LibGen,LibGen.li,UP,200,974,,
2026-10-04T03:03:13.798383+00:00,LibGen,LibGen.li,UP,200,972,,
2026-10-04T03:04:14.212920+00:00,LibGen,LibGen.li,UP,200,1376,,
2026-10-04T03:05:33.867689+00:00,LibGen,LibGen.li,TIMEOUT,,,timeout,
2026-10-04T03:06:34.386163+00:00,LibGen,LibGen.li,TIMEOUT,,,timeout,
2026-10-04T03:07:34.850880+00:00,LibGen,LibGen.li,TIMEOUT,,,timeout,
2026-10-04T03:08:35.532893+00:00,LibGen,LibGen.li,TIMEOUT,,,timeout,
2026-10-04T03:09:17.289859+00:00,LibGen,LibGen.li,DOWN,502,1653,http_error,
2026-10-04T03:10:36.966628+00:00,LibGen,LibGen.li,TIMEOUT,,,timeout,
2026-10-04T03:11:36.974521+00:00,LibGen,LibGen.li,TIMEOUT,,,timeout,
2026-10-04T03:12:37.349681+00:00,LibGen,LibGen.li,TIMEOUT,,,timeout,
2026-10-04T03:13:17.887055+00:00,LibGen,LibGen.li,DOWN,500,817,http_error,
2026-10-04T03:14:18.638463+00:00,LibGen,LibGen.li,UP,200,666,,
2026-10-04T03:15:18.863895+00:00,LibGen,LibGen.li,UP,200,705,,
2026-10-04T03:16:19.273912+00:00,LibGen,LibGen.li,UP,200,765,,
2026-10-04T03:17:20.091877+00:00,LibGen,LibGen.li,UP,200,840,,
2026-10-04T03:18:20.488227+00:00,LibGen,LibGen.li,UP,200,642,,
2026-10-04T03:19:21.165470+00:00,LibGen,LibGen.li,UP,200,671,,
2026-10-04T03:20:21.059582+00:00,LibGen,LibGen.li,UP,200,282,,
2026-10-04T03:21:22.495275+00:00,LibGen,LibGen.li,UP,200,634,,
2026-10-04T03:22:22.930502+00:00,LibGen,LibGen.li,UP,200,1107,,
2026-10-04T03:23:23.119044+00:00,LibGen,LibGen.li,UP,200,650,,
2026-10-04T03:24:23.613369+00:00,LibGen,LibGen.li,UP,200,814,,
2026-10-04T03:25:23.977580+00:00,LibGen,LibGen.li,UP,200,679,,
2026-10-04T03:26:24.977693+00:00,LibGen,LibGen.li,UP,200,660,,
2026-10-04T03:27:25.660806+00:00,LibGen,LibGen.li,UP,200,1053,,
2026-10-04T03:28:25.274773+00:00,LibGen,LibGen.li,UP,200,648,,
2026-10-04T03:29:26.461456+00:00,LibGen,LibGen.li,UP,200,749,,
2026-10-04T03:30:27.458453+00:00,LibGen,LibGen.li,UP,200,711,,
2026-10-04T03:31:47.220599+00:00,LibGen,LibGen.li,DOWN,,,connection_refused,
2026-10-04T03:32:27.417984+00:00,LibGen,LibGen.li,UP,200,749,,
2026-10-04T03:33:27.593525+00:00,LibGen,LibGen.li,UP,200,701,,
2026-10-04T03:34:29.067002+00:00,LibGen,LibGen.li,UP,200,748,,
2026-10-04T03:35:28.944569+00:00,LibGen,LibGen.li,UP,200,769,,
2026-10-04T03:36:29.235360+00:00,LibGen,LibGen.li,UP,200,658,,
2026-10-04T03:37:30.030197+00:00,LibGen,LibGen.li,UP,200,775,,
2026-10-04T03:38:30.911002+00:00,LibGen,LibGen.li,UP,200,768,,
2026-10-04T03:39:32.183004+00:00,LibGen,LibGen.li,UP,200,1441,,
2026-10-04T03:40:32.235006+00:00,LibGen,LibGen.li,UP,200,828,,
2026-10-04T03:41:32.266560+00:00,LibGen,LibGen.li,UP,200,702,,
2026-10-04T03:42:35.292755+00:00,LibGen,LibGen.li,UP,200,750,,
2026-10-04T03:43:33.367916+00:00,LibGen,LibGen.li,UP,200,651,,
2026-10-04T03:44:34.195280+00:00,LibGen,LibGen.li,UP,200,759,,
2026-10-04T03:45:35.209054+00:00,LibGen,LibGen.li,UP,200,1101,,
2026-10-04T03:46:38.430742+00:00,LibGen,LibGen.li,UP,200,1156,,
2026-10-04T03:47:37.075626+00:00,LibGen,LibGen.li,UP,200,823,,
2026-10-04T03:48:36.862346+00:00,LibGen,LibGen.li,UP,200,681,,
2026-10-04T03:49:37.341701+00:00,LibGen,LibGen.li,UP,200,714,,
2026-10-04T03:50:37.701149+00:00,LibGen,LibGen.li,UP,200,676,,
2026-10-04T03:51:38.432529+00:00,LibGen,LibGen.li,UP,200,721,,
2026-10-04T03:52:39.611816+00:00,LibGen,LibGen.li,UP,200,708,,
2026-10-04T03:53:39.172442+00:00,LibGen,LibGen.li,UP,200,892,,
2026-10-04T03:54:40.423329+00:00,LibGen,LibGen.li,UP,200,950,,
2026-10-04T03:55:40.530873+00:00,LibGen,LibGen.li,UP,200,865,,
2026-10-04T03:56:41.160754+00:00,LibGen,LibGen.li,UP,200,694,,
2026-10-04T03:57:46.536886+00:00,LibGen,LibGen.li,UP,200,716,,
2026-10-04T03:58:41.960536+00:00,LibGen,LibGen.li,UP,200,690,,
2026-10-04T03:59:43.109445+00:00,LibGen,LibGen.li,UP,200,712,,
2026-10-04T04:00:44.032965+00:00,LibGen,LibGen.li,UP,200,878,,
2026-10-04T04:01:43.942263+00:00,LibGen,LibGen.li,UP,200,675,,
2026-10-04T04:02:44.267695+00:00,LibGen,LibGen.li,UP,200,726,,
2026-10-04T04:03:47.137839+00:00,LibGen,LibGen.li,UP,200,2850,,
2026-10-04T04:04:45.935555+00:00,LibGen,LibGen.li,UP,200,736,,
2026-10-04T04:05:45.945860+00:00,LibGen,LibGen.li,UP,200,779,,
2026-10-04T04:06:46.663117+00:00,LibGen,LibGen.li,UP,200,766,,
2026-10-04T04:07:47.676537+00:00,LibGen,LibGen.li,UP,200,1097,,
2026-10-04T04:08:47.610708+00:00,LibGen,LibGen.li,UP,200,754,,
2026-10-04T04:09:49.068144+00:00,LibGen,LibGen.li,UP,200,766,,
2026-10-04T04:10:48.692075+00:00,LibGen,LibGen.li,UP,200,710,,
2026-10-04T04:11:49.330528+00:00,LibGen,LibGen.li,UP,200,762,,
2026-10-04T04:12:49.856447+00:00,LibGen,LibGen.li,UP,200,657,,
2026-10-04T04:13:49.773824+00:00,LibGen,LibGen.li,UP,200,672,,
2026-10-04T04:14:50.965542+00:00,LibGen,LibGen.li,UP,200,1104,,
2026-10-04T04:15:51.094416+00:00,LibGen,LibGen.li,UP,200,1046,,
2026-10-04T04:16:52.687862+00:00,LibGen,LibGen.li,UP,200,1734,,
2026-10-04T04:17:51.905452+00:00,LibGen,LibGen.li,UP,200,707,,
2026-10-04T04:18:52.941195+00:00,LibGen,LibGen.li,UP,200,723,,
2026-10-04T04:19:52.436460+00:00,LibGen,LibGen.li,UP,200,254,,
2026-10-04T04:20:53.945687+00:00,LibGen,LibGen.li,UP,200,739,,
2026-10-04T04:21:54.481480+00:00,LibGen,LibGen.li,UP,200,707,,
2026-10-04T04:22:54.661392+00:00,LibGen,LibGen.li,UP,200,1087,,
2026-10-04T04:23:54.334254+00:00,LibGen,LibGen.li,UP,200,596,,
2026-10-04T04:24:56.377046+00:00,LibGen,LibGen.li,UP,200,1782,,
2026-10-04T04:25:55.818521+00:00,LibGen,LibGen.li,UP,200,799,,
2026-10-04T04:26:56.473264+00:00,LibGen,LibGen.li,UP,200,762,,
2026-10-04T04:27:59.484980+00:00,LibGen,LibGen.li,UP,200,693,,
2026-10-04T04:28:57.903494+00:00,LibGen,LibGen.li,UP,200,806,,
2026-10-04T04:29:58.256040+00:00,LibGen,LibGen.li,UP,200,682,,
2026-10-04T04:30:58.855119+00:00,LibGen,LibGen.li,UP,200,722,,
2026-10-04T04:31:58.966759+00:00,LibGen,LibGen.li,UP,200,753,,
2026-10-04T04:32:59.326920+00:00,LibGen,LibGen.li,UP,200,638,,
2026-10-04T04:33:59.889040+00:00,LibGen,LibGen.li,UP,200,690,,
2026-10-04T04:35:00.345902+00:00,LibGen,LibGen.li,UP,200,733,,
2026-10-04T04:36:01.569161+00:00,LibGen,LibGen.li,UP,200,955,,
2026-10-04T04:37:01.949179+00:00,LibGen,LibGen.li,UP,200,971,,
2026-10-04T04:38:02.733374+00:00,LibGen,LibGen.li,UP,200,908,,
2026-10-04T04:39:03.032019+00:00,LibGen,LibGen.li,UP,200,1220,,
2026-10-04T04:40:03.465761+00:00,LibGen,LibGen.li,UP,200,1158,,
2026-10-04T04:41:03.973564+00:00,LibGen,LibGen.li,UP,200,846,,
2026-10-04T04:42:04.302766+00:00,LibGen,LibGen.li,UP,200,620,,
2026-10-04T04:43:04.380109+00:00,LibGen,LibGen.li,UP,200,280,,
2026-10-04T04:44:06.887274+00:00,LibGen,LibGen.li,UP,200,854,,
2026-10-04T04:45:05.959506+00:00,LibGen,LibGen.li,UP,200,738,,
2026-10-04T04:46:06.836582+00:00,LibGen,LibGen.li,UP,200,931,,
2026-10-04T04:47:07.181963+00:00,LibGen,LibGen.li,UP,200,824,,
2026-10-04T04:48:27.407892+00:00,LibGen,LibGen.li,DOWN,,,connection_refused,
2026-10-04T04:49:08.147950+00:00,LibGen,LibGen.li,UP,200,735,,
2026-10-04T04:50:08.593763+00:00,LibGen,LibGen.li,UP,200,842,,
2026-10-04T04:51:09.029251+00:00,LibGen,LibGen.li,UP,200,711,,
2026-10-04T04:52:09.937189+00:00,LibGen,LibGen.li,UP,200,728,,
2026-10-04T04:53:10.717218+00:00,LibGen,LibGen.li,UP,200,1057,,
2026-10-04T04:54:31.304100+00:00,LibGen,LibGen.li,DOWN,,,connection_refused,
2026-10-04T04:55:11.311427+00:00,LibGen,LibGen.li,UP,200,806,,
2026-10-04T04:56:12.059068+00:00,LibGen,LibGen.li,UP,200,687,,
2026-10-04T04:57:13.137885+00:00,LibGen,LibGen.li,UP,200,1582,,
2026-10-04T04:58:17.554132+00:00,LibGen,LibGen.li,UP,200,681,,
2026-10-04T04:59:13.025479+00:00,LibGen,LibGen.li,UP,200,738,,
2026-10-04T05:00:13.843033+00:00,LibGen,LibGen.li,UP,200,1087,,
2026-10-04T05:01:13.682049+00:00,LibGen,LibGen.li,UP,200,1011,,
2026-10-04T05:02:34.132867+00:00,LibGen,LibGen.li,TIMEOUT,,,timeout,
2026-10-04T05:03:34.465220+00:00,LibGen,LibGen.li,TIMEOUT,,,timeout,
2026-10-04T05:04:17.022618+00:00,LibGen,LibGen.li,UP,200,1979,,
2026-10-04T05:05:16.170080+00:00,LibGen,LibGen.li,UP,200,1062,,
2026-10-04T05:06:16.748021+00:00,LibGen,LibGen.li,UP,200,1041,,
2026-10-04T05:07:17.926101+00:00,LibGen,LibGen.li,UP,200,1333,,
2026-10-04T05:08:20.412397+00:00,LibGen,LibGen.li,UP,200,872,,
2026-10-04T05:09:19.146583+00:00,LibGen,LibGen.li,UP,200,865,,
2026-10-04T05:10:19.805398+00:00,LibGen,LibGen.li,UP,200,760,,
2026-10-04T05:11:18.986211+00:00,LibGen,LibGen.li,UP,200,657,,
2026-10-04T05:12:19.575760+00:00,LibGen,LibGen.li,UP,200,674,,
2026-10-04T05:13:20.005270+00:00,LibGen,LibGen.li,DOWN,500,726,http_error,
2026-10-04T05:14:20.468578+00:00,LibGen,LibGen.li,UP,200,769,,
2026-10-04T05:15:22.608845+00:00,LibGen,LibGen.li,UP,200,2695,,
2026-10-04T05:16:21.082039+00:00,LibGen,LibGen.li,UP,200,279,,
2026-10-04T05:17:23.411660+00:00,LibGen,LibGen.li,UP,200,768,,
2026-10-04T05:18:21.554102+00:00,LibGen,LibGen.li,DOWN,500,659,http_error,
2026-10-04T05:19:23.241495+00:00,LibGen,LibGen.li,UP,200,1074,,
2026-10-04T05:20:23.576225+00:00,LibGen,LibGen.li,UP,200,1059,,
2026-10-04T05:21:23.693225+00:00,LibGen,LibGen.li,UP,200,681,,
2026-10-04T05:22:25.457399+00:00,LibGen,LibGen.li,UP,200,713,,
2026-10-04T05:23:44.397579+00:00,LibGen,LibGen.li,TIMEOUT,,,timeout,
2026-10-04T05:24:24.892531+00:00,LibGen,LibGen.li,DOWN,500,681,http_error,
2026-10-04T05:25:25.573053+00:00,LibGen,LibGen.li,UP,200,761,,
2026-10-04T05:26:42.680472+00:00,LibGen,LibGen.li,DEGRADED,200,16357,latency_high,
2026-10-04T05:27:27.466434+00:00,LibGen,LibGen.li,UP,200,923,,
2026-10-04T05:28:27.222919+00:00,LibGen,LibGen.li,UP,200,922,,
2026-10-04T05:29:27.614218+00:00,LibGen,LibGen.li,UP,200,719,,
2026-10-04T05:30:28.336770+00:00,LibGen,LibGen.li,UP,200,795,,
2026-10-04T05:31:29.147765+00:00,LibGen,LibGen.li,UP,200,853,,
2026-10-04T05:32:30.652595+00:00,LibGen,LibGen.li,UP,200,924,,
2026-10-04T05:33:30.123254+00:00,LibGen,LibGen.li,UP,200,679,,
2026-10-04T05:34:31.547662+00:00,LibGen,LibGen.li,UP,200,1064,,
2026-10-04T05:35:31.522125+00:00,LibGen,LibGen.li,UP,200,784,,
2026-10-04T05:36:32.045975+00:00,LibGen,LibGen.li,UP,200,638,,
2026-10-04T05:37:32.159518+00:00,LibGen,LibGen.li,UP,200,380,,
2026-10-04T05:38:32.850542+00:00,LibGen,LibGen.li,UP,200,766,,
2026-10-04T05:39:33.428647+00:00,LibGen,LibGen.li,UP,200,834,,
2026-10-04T05:40:34.542105+00:00,LibGen,LibGen.li,UP,200,1259,,
2026-10-04T05:41:34.594260+00:00,LibGen,LibGen.li,UP,200,804,,
2026-10-04T05:42:35.853769+00:00,LibGen,LibGen.li,UP,200,631,,
2026-10-04T05:43:35.647397+00:00,LibGen,LibGen.li,UP,200,680,,
2026-10-04T05:44:35.912492+00:00,LibGen,LibGen.li,UP,200,837,,
2026-10-04T05:45:36.219951+00:00,LibGen,LibGen.li,UP,200,768,,
2026-10-04T05:46:37.365881+00:00,LibGen,LibGen.li,UP,200,845,,
2026-10-04T05:47:37.900224+00:00,LibGen,LibGen.li,UP,200,856,,
2026-10-04T05:48:38.337133+00:00,LibGen,LibGen.li,UP,200,765,,
2026-10-04T05:49:39.222263+00:00,LibGen,LibGen.li,UP,200,794,,
2026-10-04T05:50:41.187015+00:00,LibGen,LibGen.li,UP,200,1193,,
2026-10-04T05:51:40.640540+00:00,LibGen,LibGen.li,UP,200,366,,
2026-10-04T05:52:42.611683+00:00,LibGen,LibGen.li,UP,200,1884,,
2026-10-04T05:53:44.744886+00:00,LibGen,LibGen.li,UP,200,874,,
2026-10-04T05:54:42.410971+00:00,LibGen,LibGen.li,UP,200,686,,
2026-10-04T05:55:42.308427+00:00,LibGen,LibGen.li,UP,200,805,,
2026-10-04T05:56:43.013802+00:00,LibGen,LibGen.li,DOWN,500,665,http_error,
2026-10-04T05:57:43.572928+00:00,LibGen,LibGen.li,UP,200,772,,
2026-10-04T05:59:03.973499+00:00,LibGen,LibGen.li,DOWN,,,connection_refused,
2026-10-04T05:59:44.809792+00:00,LibGen,LibGen.li,UP,200,607,,
2026-10-04T06:00:46.003453+00:00,LibGen,LibGen.li,UP,200,1374,,
2026-10-04T06:01:46.389753+00:00,LibGen,LibGen.li,UP,200,822,,
2026-10-04T06:02:47.383399+00:00,LibGen,LibGen.li,UP,200,654,,
2026-10-04T06:03:48.542416+00:00,LibGen,LibGen.li,UP,200,1092,,
2026-10-04T06:04:48.322097+00:00,LibGen,LibGen.li,UP,200,909,,
2026-10-04T06:05:48.726368+00:00,LibGen,LibGen.li,UP,200,785,,
2026-10-04T06:07:09.670191+00:00,LibGen,LibGen.li,DOWN,,,connection_refused,
2026-10-04T06:07:50.589018+00:00,LibGen,LibGen.li,UP,200,1152,,
2026-10-04T06:08:51.775147+00:00,LibGen,LibGen.li,UP,200,833,,
2026-10-04T06:09:51.865082+00:00,LibGen,LibGen.li,UP,200,1001,,
2026-10-04T06:10:52.392918+00:00,LibGen,LibGen.li,UP,200,837,,
2026-10-04T06:11:53.765976+00:00,LibGen,LibGen.li,UP,200,1656,,
2026-10-04T06:12:53.144537+00:00,LibGen,LibGen.li,UP,200,926,,
2026-10-04T06:13:53.689070+00:00,LibGen,LibGen.li,UP,200,755,,
2026-10-04T06:14:54.651678+00:00,LibGen,LibGen.li,UP,200,808,,
2026-10-04T06:15:55.052239+00:00,LibGen,LibGen.li,UP,200,780,,
2026-10-04T06:16:55.819261+00:00,LibGen,LibGen.li,UP,200,931,,
2026-10-04T06:17:56.280319+00:00,LibGen,LibGen.li,UP,200,794,,
2026-10-04T06:18:57.005026+00:00,LibGen,LibGen.li,UP,200,693,,
2026-10-04T06:19:56.896323+00:00,LibGen,LibGen.li,UP,200,627,,
2026-10-04T06:20:57.580762+00:00,LibGen,LibGen.li,UP,200,778,,
2026-10-04T06:21:58.345444+00:00,LibGen,LibGen.li,UP,200,794,,
2026-10-04T06:22:59.457148+00:00,LibGen,LibGen.li,UP,200,1030,,
2026-10-04T06:23:59.362160+00:00,LibGen,LibGen.li,UP,200,775,,
2026-10-04T06:25:00.424888+00:00,LibGen,LibGen.li,UP,200,1005,,
2026-10-04T06:26:03.796739+00:00,LibGen,LibGen.li,DEGRADED,200,3305,latency_high,
2026-10-04T06:27:01.688137+00:00,LibGen,LibGen.li,UP,200,1048,,
2026-10-04T06:28:01.655811+00:00,LibGen,LibGen.li,UP,200,1041,,
2026-10-04T06:29:02.231056+00:00,LibGen,LibGen.li,UP,200,853,,
2026-10-04T06:30:03.709082+00:00,LibGen,LibGen.li,UP,200,1591,,
2026-10-04T06:31:03.790449+00:00,LibGen,LibGen.li,UP,200,1207,,
2026-10-04T06:32:03.492490+00:00,LibGen,LibGen.li,DOWN,500,696,http_error,
2026-10-04T06:33:07.249801+00:00,LibGen,LibGen.li,DOWN,500,3788,http_error,
2026-10-04T06:34:05.913168+00:00,LibGen,LibGen.li,UP,200,693,,
2026-10-04T06:35:06.360272+00:00,LibGen,LibGen.li,UP,200,1302,,
2026-10-04T06:36:07.501806+00:00,LibGen,LibGen.li,UP,200,1839,,
2026-10-04T06:37:07.217760+00:00,LibGen,LibGen.li,UP,200,950,,
2026-10-04T06:38:07.257543+00:00,LibGen,LibGen.li,UP,200,741,,
2026-10-04T06:39:07.669848+00:00,LibGen,LibGen.li,UP,200,709,,
2026-10-04T06:40:08.870457+00:00,LibGen,LibGen.li,UP,200,948,,
2026-10-04T06:41:08.983008+00:00,LibGen,LibGen.li,UP,200,794,,
2026-10-04T06:42:11.262649+00:00,LibGen,LibGen.li,UP,200,1948,,
2026-10-04T06:43:30.178921+00:00,LibGen,LibGen.li,TIMEOUT,,,timeout,
2026-10-04T06:44:18.436857+00:00,LibGen,LibGen.li,DEGRADED,200,7740,latency_high,
2026-10-04T06:45:11.624649+00:00,LibGen,LibGen.li,UP,200,859,,
2026-10-04T06:46:11.596835+00:00,LibGen,LibGen.li,UP,200,778,,
2026-10-04T06:47:11.622456+00:00,LibGen,LibGen.li,UP,200,725,,
2026-10-04T06:48:12.224490+00:00,LibGen,LibGen.li,UP,200,759,,
2026-10-04T06:49:13.585497+00:00,LibGen,LibGen.li,UP,200,1112,,
2026-10-04T06:50:32.886175+00:00,LibGen,LibGen.li,DOWN,,,connection_refused,
2026-10-04T06:51:13.530033+00:00,LibGen,LibGen.li,UP,200,927,,
2026-10-04T06:52:14.226664+00:00,LibGen,LibGen.li,UP,200,713,,
2026-10-04T06:53:16.251194+00:00,LibGen,LibGen.li,UP,200,1653,,
2026-10-04T06:54:16.701553+00:00,LibGen,LibGen.li,UP,200,835,,
2026-10-04T06:55:16.353506+00:00,LibGen,LibGen.li,UP,200,933,,
2026-10-04T06:56:16.911349+00:00,LibGen,LibGen.li,UP,200,1283,,
2026-10-04T06:57:17.556486+00:00,LibGen,LibGen.li,UP,200,1074,,
2026-10-04T06:58:17.365155+00:00,LibGen,LibGen.li,UP,200,793,,
2026-10-04T06:59:17.719856+00:00,LibGen,LibGen.li,UP,200,644,,
2026-10-04T07:00:18.738535+00:00,LibGen,LibGen.li,UP,200,734,,
2026-10-04T07:01:19.922538+00:00,LibGen,LibGen.li,UP,200,1658,,
2026-10-04T07:02:20.043508+00:00,LibGen,LibGen.li,UP,200,798,,
2026-10-04T07:03:19.959060+00:00,LibGen,LibGen.li,UP,200,795,,
2026-10-04T07:04:20.796266+00:00,LibGen,LibGen.li,UP,200,878,,
2026-10-04T07:05:22.551491+00:00,LibGen,LibGen.li,UP,200,2693,,
2026-10-04T07:06:22.609647+00:00,LibGen,LibGen.li,UP,200,880,,
2026-10-04T07:07:22.868259+00:00,LibGen,LibGen.li,UP,200,786,,
2026-10-04T07:08:23.678210+00:00,LibGen,LibGen.li,UP,200,757,,
2026-10-04T07:09:43.561010+00:00,LibGen,LibGen.li,DOWN,,,connection_refused,
2026-10-04T07:10:26.272180+00:00,LibGen,LibGen.li,UP,200,1427,,
2026-10-04T07:11:24.610052+00:00,LibGen,LibGen.li,UP,200,357,,
2026-10-04T07:12:25.124196+00:00,LibGen,LibGen.li,UP,200,822,,
2026-10-04T07:13:26.253959+00:00,LibGen,LibGen.li,UP,200,1021,,
2026-10-04T07:14:27.657403+00:00,LibGen,LibGen.li,UP,200,1346,,
2026-10-04T07:15:27.088790+00:00,LibGen,LibGen.li,UP,200,879,,
2026-10-04T07:16:26.745584+00:00,LibGen,LibGen.li,UP,200,393,,
2026-10-04T07:17:27.698246+00:00,LibGen,LibGen.li,UP,200,747,,
2026-10-04T07:18:29.091381+00:00,LibGen,LibGen.li,UP,200,1759,,
2026-10-04T07:19:32.285785+00:00,LibGen,LibGen.li,DEGRADED,200,4586,latency_high,
2026-10-04T07:20:29.156009+00:00,LibGen,LibGen.li,UP,200,852,,
2026-10-04T07:21:29.190759+00:00,LibGen,LibGen.li,UP,200,829,,
2026-10-04T07:22:29.619741+00:00,LibGen,LibGen.li,UP,200,816,,
2026-10-04T07:23:33.686829+00:00,LibGen,LibGen.li,DEGRADED,200,3850,latency_high,
2026-10-04T07:24:31.869962+00:00,LibGen,LibGen.li,UP,200,1963,,
2026-10-04T07:25:31.906814+00:00,LibGen,LibGen.li,UP,200,938,,
2026-10-04T07:26:32.375677+00:00,LibGen,LibGen.li,UP,200,674,,
2026-10-04T07:27:32.196109+00:00,LibGen,LibGen.li,DOWN,,,connection_refused,
2026-10-04T07:28:33.282444+00:00,LibGen,LibGen.li,UP,200,990,,
2026-10-04T07:29:33.998371+00:00,LibGen,LibGen.li,UP,200,750,,
2026-10-04T07:30:34.368425+00:00,LibGen,LibGen.li,UP,200,735,,
2026-10-04T07:31:37.410586+00:00,LibGen,LibGen.li,DEGRADED,200,3889,latency_high,
2026-10-04T07:32:35.045518+00:00,LibGen,LibGen.li,UP,200,809,,
2026-10-04T07:33:35.016096+00:00,LibGen,LibGen.li,UP,200,632,,
2026-10-04T07:34:35.159148+00:00,LibGen,LibGen.li,UP,200,775,,
2026-10-04T07:35:35.955511+00:00,LibGen,LibGen.li,UP,200,713,,
2026-10-04T07:36:36.155348+00:00,LibGen,LibGen.li,UP,200,1065,,
2026-10-04T07:37:36.110877+00:00,LibGen,LibGen.li,UP,200,680,,
2026-10-04T07:38:37.268437+00:00,LibGen,LibGen.li,UP,200,894,,
2026-10-04T07:39:37.354198+00:00,LibGen,LibGen.li,UP,200,896,,
2026-10-04T07:40:37.644579+00:00,LibGen,LibGen.li,UP,200,713,,
2026-10-04T07:41:37.680524+00:00,LibGen,LibGen.li,UP,200,639,,
2026-10-04T07:42:38.722048+00:00,LibGen,LibGen.li,UP,200,1087,,
2026-10-04T07:43:38.834025+00:00,LibGen,LibGen.li,UP,200,755,,
2026-10-04T07:44:39.761931+00:00,LibGen,LibGen.li,UP,200,695,,
2026-10-04T07:45:39.801296+00:00,LibGen,LibGen.li,UP,200,779,,
2026-10-04T07:46:40.840826+00:00,LibGen,LibGen.li,UP,200,824,,
2026-10-04T07:47:42.588738+00:00,LibGen,LibGen.li,UP,200,742,,
2026-10-04T07:48:42.326031+00:00,LibGen,LibGen.li,UP,200,880,,
2026-10-04T07:49:42.985463+00:00,LibGen,LibGen.li,UP,200,862,,
2026-10-04T07:50:43.966024+00:00,LibGen,LibGen.li,UP,200,1090,,
2026-10-04T07:51:43.734801+00:00,LibGen,LibGen.li,UP,200,919,,
2026-10-04T07:52:43.680174+00:00,LibGen,LibGen.li,UP,200,736,,
2026-10-04T07:53:44.610597+00:00,LibGen,LibGen.li,UP,200,1155,,
2026-10-04T07:54:44.734309+00:00,LibGen,LibGen.li,UP,200,662,,
2026-10-04T07:55:45.899511+00:00,LibGen,LibGen.li,UP,200,928,,
2026-10-04T07:56:45.095528+00:00,LibGen,LibGen.li,UP,200,751,,
2026-10-04T07:57:45.105739+00:00,LibGen,LibGen.li,UP,200,668,,
2026-10-04T07:58:46.101189+00:00,LibGen,LibGen.li,UP,200,710,,
2026-10-04T07:59:46.910916+00:00,LibGen,LibGen.li,UP,200,633,,
