# version: 2
# schema: timestamp,site_id,domain_id,domain_status,http_status,latency_ms,failure_type,protection_type
timestamp,site_id,domain_id,domain_status,http_status,latency_ms,failure_type,protection_type
2026-10-04T01:38:30.032621+00:00,LibGen,LibGen.vg,UP,200,1556,,
2026-10-04T01:39:30.967754+00:00,LibGen,LibGen.vg,UP,200,2162,,
2026-10-04T01:40:30.988571+00:00,LibGen,LibGen.vg,UP,200,1493,,
2026-10-04T01:41:31.047853+00:00,LibGen,LibGen.vg,UP,200,770,,
2026-10-04T01:42:34.960406+00:00,LibGen,LibGen.vg,DEGRADED,200,4358,latency_high,
2026-10-04T01:43:32.276909+00:00,LibGen,LibGen.vg,UP,200,2022,,
2026-10-04T01:44:32.151713+00:00,LibGen,LibGen.vg,UP,200,1346,,
2026-10-04T01:45:32.918912+00:00,LibGen,LibGen.vg,UP,200,1372,,
2026-10-04T01:46:36.638423+00:00,LibGen,LibGen.vg,DOWN,500,5529,http_error,
2026-10-04T01:47:33.456081+00:00,LibGen,LibGen.vg,UP,200,1594,,
2026-10-04T01:48:34.553425+00:00,LibGen,LibGen.vg,UP,200,1497,,
2026-10-04T01:49:34.941701+00:00,LibGen,LibGen.vg,UP,200,1369,,
2026-10-04T01:50:35.236525+00:00,LibGen,LibGen.vg,UP,200,706,,
2026-10-04T01:51:36.106620+00:00,LibGen,LibGen.vg,UP,200,1720,,
2026-10-04T01:52:37.002310+00:00,LibGen,LibGen.vg,UP,200,1845,,
2026-10-04T01:53:37.416976+00:00,LibGen,LibGen.vg,UP,200,1608,,
2026-10-04T01:54:37.161569+00:00,LibGen,LibGen.vg,UP,200,1529,,
2026-10-04T01:55:37.811249+00:00,LibGen,LibGen.vg,UP,200,1373,,
2026-10-04T01:56:37.107255+00:00,LibGen,LibGen.vg,DOWN,500,1344,http_error,
2026-10-04T01:57:39.022449+00:00,LibGen,LibGen.vg,UP,200,1385,,
2026-10-04T01:58:38.935782+00:00,LibGen,LibGen.vg,UP,200,1732,,
2026-10-04T01:59:39.403507+00:00,LibGen,LibGen.vg,UP,200,1600,,
2026-10-04T02:00:39.996156+00:00,LibGen,LibGen.vg,UP,200,2163,,
2026-10-04T02:01:41.544636+00:00,LibGen,LibGen.vg,UP,200,1502,,
2026-10-04T02:02:45.544938+00:00,LibGen,LibGen.vg,DEGRADED,200,4541,latency_high,
2026-10-04T02:03:43.751007+00:00,LibGen,LibGen.vg,UP,200,1735,,
2026-10-04T02:04:42.778685+00:00,LibGen,LibGen.vg,UP,200,803,,
2026-10-04T02:05:42.992741+00:00,LibGen,LibGen.vg,UP,200,1361,,
2026-10-04T02:06:43.697857+00:00,LibGen,LibGen.vg,UP,200,1515,,
2026-10-04T02:07:52.148807+00:00,LibGen,LibGen.vg,UP,200,1759,,
2026-10-04T02:08:48.352580+00:00,LibGen,LibGen.vg,DEGRADED,200,4305,latency_high,
2026-10-04T02:09:45.333870+00:00,LibGen,LibGen.vg,UP,200,1637,,
2026-10-04T02:11:05.500959+00:00,LibGen,LibGen.vg,DOWN,,,connection_refused,
2026-10-04T02:12:05.898617+00:00,LibGen,LibGen.vg,DOWN,,,connection_refused,
2026-10-04T02:12:47.692854+00:00,LibGen,LibGen.vg,UP,200,1320,,
2026-10-04T02:13:47.274562+00:00,LibGen,LibGen.vg,UP,200,1378,,
2026-10-04T02:14:48.391387+00:00,LibGen,LibGen.vg,UP,200,1549,,
2026-10-04T02:15:47.936749+00:00,LibGen,LibGen.vg,UP,200,1438,,
2026-10-04T02:16:48.059032+00:00,LibGen,LibGen.vg,UP,200,1620,,
2026-10-04T02:17:48.391039+00:00,LibGen,LibGen.vg,UP,200,1458,,
2026-10-04T02:18:49.270490+00:00,LibGen,LibGen.vg,UP,200,1412,,
2026-10-04T02:19:49.918385+00:00,LibGen,LibGen.vg,UP,200,1498,,
2026-10-04T02:20:50.430556+00:00,LibGen,LibGen.vg,UP,200,1309,,
2026-10-04T02:21:51.396058+00:00,LibGen,LibGen.vg,UP,200,1301,,
2026-10-04T02:22:51.306213+00:00,LibGen,LibGen.vg,UP,200,1361,,
2026-10-04T02:23:51.025048+00:00,LibGen,LibGen.vg,UP,200,769,,
2026-10-04T02:24:53.014490+00:00,LibGen,LibGen.vg,UP,200,1340,,
2026-10-04T02:25:53.518481+00:00,LibGen,LibGen.vg,UP,200,1683,,
2026-10-04T02:26:54.192393+00:00,LibGen,LibGen.vg,UP,200,1386,,
2026-10-04T02:27:56.037977+00:00,LibGen,LibGen.vg,UP,200,1581,,
2026-10-04T02:28:55.306715+00:00,LibGen,LibGen.vg,UP,200,1805,,
2026-10-04T02:29:55.529635+00:00,LibGen,LibGen.vg,UP,200,1449,,
2026-10-04T02:30:58.735545+00:00,LibGen,LibGen.vg,DEGRADED,200,4618,latency_high,
2026-10-04T02:31:59.545567+00:00,LibGen,LibGen.vg,DEGRADED,200,4614,latency_high,
2026-10-04T02:32:57.927609+00:00,LibGen,LibGen.vg,UP,200,1496,,
2026-10-04T02:33:58.447626+00:00,LibGen,LibGen.vg,UP,200,1586,,
2026-10-04T02:34:58.510032+00:00,LibGen,LibGen.vg,UP,200,1570,,
2026-10-04T02:36:00.113553+00:00,LibGen,LibGen.vg,UP,200,1634,,
2026-10-04T02:37:00.220911+00:00,LibGen,LibGen.vg,UP,200,1544,,
2026-10-04T02:37:59.960313+00:00,LibGen,LibGen.vg,UP,200,1770,,
2026-10-04T02:39:16.362178+00:00,LibGen,LibGen.vg,UP,200,1432,,
2026-10-04T02:40:01.370321+00:00,LibGen,LibGen.vg,UP,200,1496,,
2026-10-04T02:41:02.856841+00:00,LibGen,LibGen.vg,UP,200,1600,,
2026-10-04T02:42:02.463584+00:00,LibGen,LibGen.vg,UP,200,1429,,
2026-10-04T02:43:03.783899+00:00,LibGen,LibGen.vg,UP,200,1533,,
2026-10-04T02:44:10.718869+00:00,LibGen,LibGen.vg,DEGRADED,200,6873,latency_high,
2026-10-04T02:45:05.607366+00:00,LibGen,LibGen.vg,UP,200,1847,,
2026-10-04T02:46:06.195044+00:00,LibGen,LibGen.vg,UP,200,2741,,
2026-10-04T02:47:05.025430+00:00,LibGen,LibGen.vg,UP,200,1461,,
2026-10-04T02:48:05.871542+00:00,LibGen,LibGen.vg,UP,200,1615,,
2026-10-04T02:49:09.827535+00:00,LibGen,LibGen.vg,DOWN,500,5061,http_error,
2026-10-04T02:50:08.844386+00:00,LibGen,LibGen.vg,DEGRADED,200,3186,latency_high,
2026-10-04T02:51:08.042497+00:00,LibGen,LibGen.vg,UP,200,1818,,
2026-10-04T02:52:08.585992+00:00,LibGen,LibGen.vg,UP,200,1557,,
2026-10-04T02:53:09.279054+00:00,LibGen,LibGen.vg,UP,200,1402,,
2026-10-04T02:54:09.122183+00:00,LibGen,LibGen.vg,UP,200,1464,,
2026-10-04T02:55:10.117353+00:00,LibGen,LibGen.vg,UP,200,1369,,
2026-10-04T02:56:10.509781+00:00,LibGen,LibGen.vg,UP,200,1447,,
2026-10-04T02:57:10.199324+00:00,LibGen,LibGen.vg,UP,200,1302,,
2026-10-04T02:58:12.410126+00:00,LibGen,LibGen.vg,UP,200,1721,,
2026-10-04T02:59:11.092170+00:00,LibGen,LibGen.vg,UP,200,1448,,
2026-10-04T03:00:11.824086+00:00,LibGen,LibGen.vg,UP,200,1753,,
2026-10-04T03:01:13.152199+00:00,LibGen,LibGen.vg,UP,200,1618,,
2026-10-04T03:02:17.621956+00:00,LibGen,LibGen.vg,DEGRADED,200,5805,latency_high,
2026-10-04T03:03:13.819297+00:00,LibGen,LibGen.vg,UP,200,1503,,
2026-10-04T03:04:15.355206+00:00,LibGen,LibGen.vg,UP,200,1651,,
2026-10-04T03:05:34.039883+00:00,LibGen,LibGen.vg,TIMEOUT,,,timeout,
2026-10-04T03:06:34.555305+00:00,LibGen,LibGen.vg,TIMEOUT,,,timeout,
2026-10-04T03:07:35.080199+00:00,LibGen,LibGen.vg,TIMEOUT,,,timeout,
2026-10-04T03:08:35.697108+00:00,LibGen,LibGen.vg,TIMEOUT,,,timeout,
2026-10-04T03:09:17.828830+00:00,LibGen,LibGen.vg,DOWN,502,2190,http_error,
2026-10-04T03:10:37.142763+00:00,LibGen,LibGen.vg,TIMEOUT,,,timeout,
2026-10-04T03:11:37.145910+00:00,LibGen,LibGen.vg,TIMEOUT,,,timeout,
2026-10-04T03:12:37.531937+00:00,LibGen,LibGen.vg,TIMEOUT,,,timeout,
2026-10-04T03:13:18.500130+00:00,LibGen,LibGen.vg,DOWN,500,1430,http_error,
2026-10-04T03:14:20.423224+00:00,LibGen,LibGen.vg,UP,200,685,,
2026-10-04T03:15:19.824471+00:00,LibGen,LibGen.vg,UP,200,1332,,
2026-10-04T03:16:20.982809+00:00,LibGen,LibGen.vg,UP,200,1359,,
2026-10-04T03:17:21.565353+00:00,LibGen,LibGen.vg,UP,200,1462,,
2026-10-04T03:18:22.044138+00:00,LibGen,LibGen.vg,UP,200,1267,,
2026-10-04T03:19:22.554028+00:00,LibGen,LibGen.vg,UP,200,1307,,
2026-10-04T03:20:22.144781+00:00,LibGen,LibGen.vg,UP,200,1403,,
2026-10-04T03:21:23.096485+00:00,LibGen,LibGen.vg,UP,200,1232,,
2026-10-04T03:22:24.146198+00:00,LibGen,LibGen.vg,UP,200,1329,,
2026-10-04T03:23:24.140691+00:00,LibGen,LibGen.vg,UP,200,1316,,
2026-10-04T03:24:26.176745+00:00,LibGen,LibGen.vg,UP,200,1688,,
2026-10-04T03:25:25.430466+00:00,LibGen,LibGen.vg,UP,200,1289,,
2026-10-04T03:26:26.062719+00:00,LibGen,LibGen.vg,UP,200,1268,,
2026-10-04T03:27:25.913901+00:00,LibGen,LibGen.vg,UP,200,1351,,
2026-10-04T03:28:26.228479+00:00,LibGen,LibGen.vg,UP,200,1264,,
2026-10-04T03:29:27.758459+00:00,LibGen,LibGen.vg,UP,200,1356,,
2026-10-04T03:30:27.825821+00:00,LibGen,LibGen.vg,UP,200,1345,,
2026-10-04T03:31:29.608388+00:00,LibGen,LibGen.vg,UP,200,1355,,
2026-10-04T03:32:28.702664+00:00,LibGen,LibGen.vg,UP,200,1949,,
2026-10-04T03:33:28.568839+00:00,LibGen,LibGen.vg,UP,200,1352,,
2026-10-04T03:34:30.406682+00:00,LibGen,LibGen.vg,UP,200,2013,,
2026-10-04T03:35:30.470421+00:00,LibGen,LibGen.vg,UP,200,1956,,
2026-10-04T03:36:30.176263+00:00,LibGen,LibGen.vg,UP,200,691,,
2026-10-04T03:37:31.800151+00:00,LibGen,LibGen.vg,UP,200,2023,,
2026-10-04T03:38:31.963510+00:00,LibGen,LibGen.vg,UP,200,1472,,
2026-10-04T03:39:32.674109+00:00,LibGen,LibGen.vg,UP,200,1590,,
2026-10-04T03:40:36.774880+00:00,LibGen,LibGen.vg,UP,200,2038,,
2026-10-04T03:41:35.409740+00:00,LibGen,LibGen.vg,UP,200,1366,,
2026-10-04T03:42:36.387778+00:00,LibGen,LibGen.vg,UP,200,1387,,
2026-10-04T03:43:34.918564+00:00,LibGen,LibGen.vg,UP,200,1308,,
2026-10-04T03:44:36.011708+00:00,LibGen,LibGen.vg,UP,200,1447,,
2026-10-04T03:45:36.511062+00:00,LibGen,LibGen.vg,UP,200,1373,,
2026-10-04T03:46:37.564987+00:00,LibGen,LibGen.vg,UP,200,1359,,
2026-10-04T03:47:38.305746+00:00,LibGen,LibGen.vg,UP,200,2124,,
2026-10-04T03:48:37.854769+00:00,LibGen,LibGen.vg,UP,200,1332,,
2026-10-04T03:49:39.861296+00:00,LibGen,LibGen.vg,UP,200,1329,,
2026-10-04T03:50:38.667622+00:00,LibGen,LibGen.vg,UP,200,1317,,
2026-10-04T03:51:39.382801+00:00,LibGen,LibGen.vg,UP,200,1344,,
2026-10-04T03:52:40.370465+00:00,LibGen,LibGen.vg,UP,200,1321,,
2026-10-04T03:53:40.120916+00:00,LibGen,LibGen.vg,UP,200,1496,,
2026-10-04T03:54:40.742712+00:00,LibGen,LibGen.vg,UP,200,1453,,
2026-10-04T03:55:43.327988+00:00,LibGen,LibGen.vg,DEGRADED,200,3123,latency_high,
2026-10-04T03:56:44.393049+00:00,LibGen,LibGen.vg,UP,200,1309,,
2026-10-04T03:57:43.479451+00:00,LibGen,LibGen.vg,UP,200,2025,,
2026-10-04T03:58:43.664510+00:00,LibGen,LibGen.vg,UP,200,1514,,
2026-10-04T03:59:44.325791+00:00,LibGen,LibGen.vg,UP,200,1305,,
2026-10-04T04:00:46.237721+00:00,LibGen,LibGen.vg,UP,200,1526,,
2026-10-04T04:01:44.851466+00:00,LibGen,LibGen.vg,UP,200,1256,,
2026-10-04T04:02:45.298806+00:00,LibGen,LibGen.vg,UP,200,1412,,
2026-10-04T04:03:45.812438+00:00,LibGen,LibGen.vg,UP,200,1321,,
2026-10-04T04:04:46.400292+00:00,LibGen,LibGen.vg,UP,200,1352,,
2026-10-04T04:05:46.866437+00:00,LibGen,LibGen.vg,UP,200,1368,,
2026-10-04T04:06:48.402243+00:00,LibGen,LibGen.vg,UP,200,1404,,
2026-10-04T04:07:48.716274+00:00,LibGen,LibGen.vg,UP,200,1332,,
2026-10-04T04:08:49.062270+00:00,LibGen,LibGen.vg,UP,200,1340,,
2026-10-04T04:09:48.937198+00:00,LibGen,LibGen.vg,UP,200,1412,,
2026-10-04T04:10:49.648727+00:00,LibGen,LibGen.vg,UP,200,1328,,
2026-10-04T04:11:50.275846+00:00,LibGen,LibGen.vg,UP,200,1375,,
2026-10-04T04:12:51.002249+00:00,LibGen,LibGen.vg,UP,200,1289,,
2026-10-04T04:13:50.726337+00:00,LibGen,LibGen.vg,UP,200,1284,,
2026-10-04T04:14:51.460049+00:00,LibGen,LibGen.vg,UP,200,1402,,
2026-10-04T04:15:54.609265+00:00,LibGen,LibGen.vg,UP,200,753,,
2026-10-04T04:16:52.239770+00:00,LibGen,LibGen.vg,UP,200,1452,,
2026-10-04T04:17:52.871431+00:00,LibGen,LibGen.vg,UP,200,1337,,
2026-10-04T04:18:53.922585+00:00,LibGen,LibGen.vg,UP,200,1321,,
2026-10-04T04:19:53.200423+00:00,LibGen,LibGen.vg,UP,200,689,,
2026-10-04T04:20:54.653274+00:00,LibGen,LibGen.vg,UP,200,1330,,
2026-10-04T04:21:55.409710+00:00,LibGen,LibGen.vg,UP,200,1303,,
2026-10-04T04:22:55.164697+00:00,LibGen,LibGen.vg,UP,200,1360,,
2026-10-04T04:23:55.358897+00:00,LibGen,LibGen.vg,UP,200,1283,,
2026-10-04T04:24:55.829247+00:00,LibGen,LibGen.vg,UP,200,1035,,
2026-10-04T04:25:57.309639+00:00,LibGen,LibGen.vg,UP,200,1315,,
2026-10-04T04:26:58.210545+00:00,LibGen,LibGen.vg,UP,200,1405,,
2026-10-04T04:27:58.061447+00:00,LibGen,LibGen.vg,UP,200,1325,,
2026-10-04T04:28:58.811549+00:00,LibGen,LibGen.vg,UP,200,1385,,
2026-10-04T04:30:01.442677+00:00,LibGen,LibGen.vg,UP,200,1304,,
2026-10-04T04:31:00.700087+00:00,LibGen,LibGen.vg,UP,200,1335,,
2026-10-04T04:31:59.888998+00:00,LibGen,LibGen.vg,UP,200,1345,,
2026-10-04T04:33:00.367822+00:00,LibGen,LibGen.vg,UP,200,1325,,
2026-10-04T04:34:00.814266+00:00,LibGen,LibGen.vg,UP,200,1280,,
2026-10-04T04:35:01.283862+00:00,LibGen,LibGen.vg,UP,200,1340,,
2026-10-04T04:36:02.797787+00:00,LibGen,LibGen.vg,UP,200,1556,,
2026-10-04T04:37:02.108105+00:00,LibGen,LibGen.vg,UP,200,793,,
2026-10-04T04:38:03.323122+00:00,LibGen,LibGen.vg,UP,200,1599,,
2026-10-04T04:39:03.832552+00:00,LibGen,LibGen.vg,UP,200,1685,,
2026-10-04T04:40:04.518923+00:00,LibGen,LibGen.vg,UP,200,1884,,
2026-10-04T04:41:04.267112+00:00,LibGen,LibGen.vg,UP,200,803,,
2026-10-04T04:42:06.515104+00:00,LibGen,LibGen.vg,UP,200,1262,,
2026-10-04T04:43:06.094976+00:00,LibGen,LibGen.vg,UP,200,871,,
2026-10-04T04:44:06.273635+00:00,LibGen,LibGen.vg,UP,200,734,,
2026-10-04T04:45:08.263357+00:00,LibGen,LibGen.vg,UP,200,1337,,
2026-10-04T04:46:08.318991+00:00,LibGen,LibGen.vg,UP,200,1503,,
2026-10-04T04:47:08.124099+00:00,LibGen,LibGen.vg,UP,200,1422,,
2026-10-04T04:48:09.659385+00:00,LibGen,LibGen.vg,UP,200,1918,,
2026-10-04T04:49:08.847353+00:00,LibGen,LibGen.vg,UP,200,1505,,
2026-10-04T04:50:09.548953+00:00,LibGen,LibGen.vg,UP,200,1447,,
2026-10-04T04:51:10.056416+00:00,LibGen,LibGen.vg,UP,200,1389,,
2026-10-04T04:52:10.510048+00:00,LibGen,LibGen.vg,UP,200,1375,,
2026-10-04T04:53:12.001833+00:00,LibGen,LibGen.vg,UP,200,1469,,
2026-10-04T04:54:12.850535+00:00,LibGen,LibGen.vg,UP,200,1618,,
2026-10-04T04:55:10.935463+00:00,LibGen,LibGen.vg,DOWN,500,675,http_error,
2026-10-04T04:56:13.020521+00:00,LibGen,LibGen.vg,UP,200,1284,,
2026-10-04T04:57:13.696177+00:00,LibGen,LibGen.vg,UP,200,1794,,
2026-10-04T04:58:13.673299+00:00,LibGen,LibGen.vg,UP,200,1358,,
2026-10-04T04:59:14.018055+00:00,LibGen,LibGen.vg,UP,200,1382,,
2026-10-04T05:00:14.905095+00:00,LibGen,LibGen.vg,UP,200,1354,,
2026-10-04T05:01:33.396892+00:00,LibGen,LibGen.vg,TIMEOUT,,,timeout,
2026-10-04T05:02:34.300672+00:00,LibGen,LibGen.vg,TIMEOUT,,,timeout,
2026-10-04T05:03:34.642840+00:00,LibGen,LibGen.vg,TIMEOUT,,,timeout,
2026-10-04T05:04:18.831599+00:00,LibGen,LibGen.vg,UP,200,2266,,
2026-10-04T05:05:17.831031+00:00,LibGen,LibGen.vg,UP,200,1819,,
2026-10-04T05:06:17.427344+00:00,LibGen,LibGen.vg,UP,200,772,,
2026-10-04T05:07:19.223725+00:00,LibGen,LibGen.vg,UP,200,1460,,
2026-10-04T05:08:19.113898+00:00,LibGen,LibGen.vg,UP,200,1470,,
2026-10-04T05:09:20.242759+00:00,LibGen,LibGen.vg,UP,200,1572,,
2026-10-04T05:10:27.880930+00:00,LibGen,LibGen.vg,UP,200,1664,,
2026-10-04T05:11:20.513410+00:00,LibGen,LibGen.vg,UP,200,1294,,
2026-10-04T05:12:19.903059+00:00,LibGen,LibGen.vg,DOWN,500,1257,http_error,
2026-10-04T05:13:21.174789+00:00,LibGen,LibGen.vg,DOWN,500,1895,http_error,
2026-10-04T05:14:21.004097+00:00,LibGen,LibGen.vg,DOWN,502,1374,http_error,
2026-10-04T05:15:22.719967+00:00,LibGen,LibGen.vg,UP,200,2464,,
2026-10-04T05:16:22.829094+00:00,LibGen,LibGen.vg,UP,200,1357,,
2026-10-04T05:17:26.114527+00:00,LibGen,LibGen.vg,DEGRADED,200,3652,latency_high,
2026-10-04T05:18:22.617831+00:00,LibGen,LibGen.vg,UP,200,1302,,
2026-10-04T05:19:23.813060+00:00,LibGen,LibGen.vg,UP,200,1350,,
2026-10-04T05:20:24.852486+00:00,LibGen,LibGen.vg,UP,200,1284,,
2026-10-04T05:21:24.234307+00:00,LibGen,LibGen.vg,DOWN,500,1284,http_error,
2026-10-04T05:22:24.983967+00:00,LibGen,LibGen.vg,DOWN,500,1317,http_error,
2026-10-04T05:23:44.585938+00:00,LibGen,LibGen.vg,TIMEOUT,,,timeout,
2026-10-04T05:24:25.973190+00:00,LibGen,LibGen.vg,UP,200,1360,,
2026-10-04T05:25:27.206539+00:00,LibGen,LibGen.vg,UP,200,1429,,
2026-10-04T05:26:28.047399+00:00,LibGen,LibGen.vg,UP,200,1380,,
2026-10-04T05:27:27.935379+00:00,LibGen,LibGen.vg,UP,200,1609,,
2026-10-04T05:28:28.397230+00:00,LibGen,LibGen.vg,UP,200,1559,,
2026-10-04T05:29:29.387434+00:00,LibGen,LibGen.vg,UP,200,1360,,
2026-10-04T05:30:30.843499+00:00,LibGen,LibGen.vg,UP,200,2425,,
2026-10-04T05:31:30.620941+00:00,LibGen,LibGen.vg,UP,200,1439,,
2026-10-04T05:32:53.911913+00:00,LibGen,LibGen.vg,DOWN,,,connection_refused,
2026-10-04T05:33:32.950854+00:00,LibGen,LibGen.vg,UP,200,2535,,
2026-10-04T05:34:32.423988+00:00,LibGen,LibGen.vg,UP,200,2042,,
2026-10-04T05:35:32.608906+00:00,LibGen,LibGen.vg,UP,200,936,,
2026-10-04T05:36:33.769449+00:00,LibGen,LibGen.vg,UP,200,2018,,
2026-10-04T05:37:35.194552+00:00,LibGen,LibGen.vg,UP,200,1435,,
2026-10-04T05:38:37.604265+00:00,LibGen,LibGen.vg,UP,200,1421,,
2026-10-04T05:39:35.120551+00:00,LibGen,LibGen.vg,UP,200,1435,,
2026-10-04T05:40:37.311386+00:00,LibGen,LibGen.vg,UP,200,1554,,
2026-10-04T05:41:35.651773+00:00,LibGen,LibGen.vg,UP,200,1526,,
2026-10-04T05:42:36.749206+00:00,LibGen,LibGen.vg,UP,200,1408,,
2026-10-04T05:43:37.136150+00:00,LibGen,LibGen.vg,UP,200,1379,,
2026-10-04T05:44:38.525415+00:00,LibGen,LibGen.vg,UP,200,1696,,
2026-10-04T05:45:37.216033+00:00,LibGen,LibGen.vg,UP,200,1416,,
2026-10-04T05:46:57.540383+00:00,LibGen,LibGen.vg,DOWN,,,connection_refused,
2026-10-04T05:47:41.668150+00:00,LibGen,LibGen.vg,UP,200,1396,,
2026-10-04T05:48:39.317895+00:00,LibGen,LibGen.vg,UP,200,1406,,
2026-10-04T05:49:40.191514+00:00,LibGen,LibGen.vg,UP,200,1432,,
2026-10-04T05:50:41.889107+00:00,LibGen,LibGen.vg,UP,200,2338,,
2026-10-04T05:51:41.482894+00:00,LibGen,LibGen.vg,UP,200,1281,,
2026-10-04T05:52:43.384761+00:00,LibGen,LibGen.vg,UP,200,2481,,
2026-10-04T05:53:42.785329+00:00,LibGen,LibGen.vg,UP,200,1586,,
2026-10-04T05:54:43.775627+00:00,LibGen,LibGen.vg,UP,200,2040,,
2026-10-04T05:55:43.272011+00:00,LibGen,LibGen.vg,UP,200,1435,,
2026-10-04T05:56:43.658223+00:00,LibGen,LibGen.vg,DOWN,500,1309,http_error,
2026-10-04T05:57:44.511014+00:00,LibGen,LibGen.vg,UP,200,1378,,
2026-10-04T05:58:44.931021+00:00,LibGen,LibGen.vg,UP,200,1391,,
2026-10-04T05:59:46.633152+00:00,LibGen,LibGen.vg,UP,200,1256,,
2026-10-04T06:00:48.516418+00:00,LibGen,LibGen.vg,UP,200,2518,,
2026-10-04T06:01:48.248207+00:00,LibGen,LibGen.vg,UP,200,2116,,
2026-10-04T06:02:48.175683+00:00,LibGen,LibGen.vg,UP,200,1497,,
2026-10-04T06:03:50.077239+00:00,LibGen,LibGen.vg,UP,200,1495,,
2026-10-04T06:04:49.238821+00:00,LibGen,LibGen.vg,UP,200,1481,,
2026-10-04T06:05:49.878438+00:00,LibGen,LibGen.vg,UP,200,1578,,
2026-10-04T06:06:50.854575+00:00,LibGen,LibGen.vg,UP,200,1355,,
2026-10-04T06:07:51.566193+00:00,LibGen,LibGen.vg,UP,200,1331,,
2026-10-04T06:08:56.074818+00:00,LibGen,LibGen.vg,UP,200,1558,,
2026-10-04T06:09:52.640631+00:00,LibGen,LibGen.vg,UP,200,1600,,
2026-10-04T06:10:53.036657+00:00,LibGen,LibGen.vg,UP,200,1559,,
2026-10-04T06:11:56.583759+00:00,LibGen,LibGen.vg,UP,200,2709,,
2026-10-04T06:12:54.918715+00:00,LibGen,LibGen.vg,UP,200,1610,,
2026-10-04T06:13:54.871511+00:00,LibGen,LibGen.vg,UP,200,1589,,
2026-10-04T06:14:57.657677+00:00,LibGen,LibGen.vg,DEGRADED,200,3278,latency_high,
2026-10-04T06:15:57.407592+00:00,LibGen,LibGen.vg,UP,200,1408,,
2026-10-04T06:16:56.598883+00:00,LibGen,LibGen.vg,UP,200,1566,,
2026-10-04T06:17:57.350469+00:00,LibGen,LibGen.vg,UP,200,1523,,
2026-10-04T06:18:58.421632+00:00,LibGen,LibGen.vg,UP,200,689,,
2026-10-04T06:19:58.474327+00:00,LibGen,LibGen.vg,UP,200,1270,,
2026-10-04T06:20:58.761369+00:00,LibGen,LibGen.vg,UP,200,1624,,
2026-10-04T06:21:59.562839+00:00,LibGen,LibGen.vg,UP,200,1675,,
2026-10-04T06:23:00.384850+00:00,LibGen,LibGen.vg,UP,200,1467,,
2026-10-04T06:24:02.342627+00:00,LibGen,LibGen.vg,UP,200,2615,,
2026-10-04T06:25:00.991373+00:00,LibGen,LibGen.vg,UP,200,1342,,
2026-10-04T06:26:06.260561+00:00,LibGen,LibGen.vg,UP,200,2892,,
2026-10-04T06:27:04.596536+00:00,LibGen,LibGen.vg,DEGRADED,200,3567,latency_high,
2026-10-04T06:28:04.280801+00:00,LibGen,LibGen.vg,UP,200,1502,,
2026-10-04T06:29:03.766518+00:00,LibGen,LibGen.vg,UP,200,1503,,
2026-10-04T06:30:04.395618+00:00,LibGen,LibGen.vg,UP,200,2040,,
2026-10-04T06:31:04.879342+00:00,LibGen,LibGen.vg,DOWN,500,2566,http_error,
2026-10-04T06:32:05.113596+00:00,LibGen,LibGen.vg,UP,200,1374,,
2026-10-04T06:33:06.869551+00:00,LibGen,LibGen.vg,UP,200,2416,,
2026-10-04T06:34:07.281627+00:00,LibGen,LibGen.vg,UP,200,1345,,
2026-10-04T06:35:07.605996+00:00,LibGen,LibGen.vg,UP,200,754,,
2026-10-04T06:36:08.931567+00:00,LibGen,LibGen.vg,UP,200,2637,,
2026-10-04T06:37:07.235560+00:00,LibGen,LibGen.vg,UP,200,685,,
2026-10-04T06:38:08.238972+00:00,LibGen,LibGen.vg,UP,200,1379,,
2026-10-04T06:39:08.617187+00:00,LibGen,LibGen.vg,UP,200,1314,,
2026-10-04T06:40:08.996336+00:00,LibGen,LibGen.vg,UP,200,724,,
2026-10-04T06:41:09.898750+00:00,LibGen,LibGen.vg,UP,200,1559,,
2026-10-04T06:42:10.558801+00:00,LibGen,LibGen.vg,UP,200,1356,,
2026-10-04T06:43:30.372889+00:00,LibGen,LibGen.vg,TIMEOUT,,,timeout,
2026-10-04T06:44:15.778685+00:00,LibGen,LibGen.vg,DOWN,500,5139,http_error,
2026-10-04T06:45:12.604800+00:00,LibGen,LibGen.vg,UP,200,1489,,
2026-10-04T06:46:13.194758+00:00,LibGen,LibGen.vg,UP,200,1458,,
2026-10-04T06:47:15.961469+00:00,LibGen,LibGen.vg,DEGRADED,200,3108,latency_high,
2026-10-04T06:48:13.448626+00:00,LibGen,LibGen.vg,UP,200,1514,,
2026-10-04T06:49:13.279215+00:00,LibGen,LibGen.vg,UP,200,1316,,
2026-10-04T06:50:15.488581+00:00,LibGen,LibGen.vg,UP,200,821,,
2026-10-04T06:51:16.014495+00:00,LibGen,LibGen.vg,UP,200,2194,,
2026-10-04T06:52:18.518248+00:00,LibGen,LibGen.vg,DOWN,502,5064,http_error,
2026-10-04T06:53:17.269901+00:00,LibGen,LibGen.vg,UP,200,1507,,
2026-10-04T06:54:18.364496+00:00,LibGen,LibGen.vg,UP,200,1405,,
2026-10-04T06:55:17.579272+00:00,LibGen,LibGen.vg,UP,200,1819,,
2026-10-04T06:56:17.259128+00:00,LibGen,LibGen.vg,UP,200,1429,,
2026-10-04T06:57:18.421375+00:00,LibGen,LibGen.vg,UP,200,1589,,
2026-10-04T06:58:18.279512+00:00,LibGen,LibGen.vg,UP,200,1375,,
2026-10-04T06:59:19.252760+00:00,LibGen,LibGen.vg,UP,200,1280,,
2026-10-04T07:00:19.670987+00:00,LibGen,LibGen.vg,UP,200,1329,,
2026-10-04T07:01:19.796835+00:00,LibGen,LibGen.vg,UP,200,1290,,
2026-10-04T07:02:24.060087+00:00,LibGen,LibGen.vg,DEGRADED,200,5289,latency_high,
2026-10-04T07:03:21.767563+00:00,LibGen,LibGen.vg,UP,200,1575,,
2026-10-04T07:04:22.076762+00:00,LibGen,LibGen.vg,UP,200,1452,,
2026-10-04T07:05:22.708090+00:00,LibGen,LibGen.vg,UP,200,2642,,
2026-10-04T07:06:23.721552+00:00,LibGen,LibGen.vg,UP,200,1706,,
2026-10-04T07:07:23.438419+00:00,LibGen,LibGen.vg,UP,200,1401,,
2026-10-04T07:08:24.266796+00:00,LibGen,LibGen.vg,UP,200,1438,,
2026-10-04T07:09:25.099839+00:00,LibGen,LibGen.vg,UP,200,1431,,
2026-10-04T07:10:25.594723+00:00,LibGen,LibGen.vg,DOWN,500,1925,http_error,
2026-10-04T07:11:26.089034+00:00,LibGen,LibGen.vg,UP,200,1465,,
2026-10-04T07:12:25.592980+00:00,LibGen,LibGen.vg,UP,200,952,,
2026-10-04T07:13:30.696808+00:00,LibGen,LibGen.vg,DEGRADED,200,3821,latency_high,
2026-10-04T07:14:28.099993+00:00,LibGen,LibGen.vg,UP,200,1578,,
2026-10-04T07:15:28.176657+00:00,LibGen,LibGen.vg,UP,200,1633,,
2026-10-04T07:16:27.596745+00:00,LibGen,LibGen.vg,UP,200,904,,
2026-10-04T07:17:28.105530+00:00,LibGen,LibGen.vg,UP,200,809,,
2026-10-04T07:18:28.324614+00:00,LibGen,LibGen.vg,UP,200,758,,
2026-10-04T07:19:32.731717+00:00,LibGen,LibGen.vg,DEGRADED,200,4680,latency_high,
2026-10-04T07:20:31.046232+00:00,LibGen,LibGen.vg,UP,200,2194,,
2026-10-04T07:21:30.156702+00:00,LibGen,LibGen.vg,UP,200,1462,,
2026-10-04T07:22:30.310577+00:00,LibGen,LibGen.vg,UP,200,1551,,
2026-10-04T07:23:31.121818+00:00,LibGen,LibGen.vg,UP,200,1371,,
2026-10-04T07:24:31.962400+00:00,LibGen,LibGen.vg,UP,200,1693,,
2026-10-04T07:25:32.506856+00:00,LibGen,LibGen.vg,UP,200,1405,,
2026-10-04T07:26:33.469602+00:00,LibGen,LibGen.vg,UP,200,1424,,
2026-10-04T07:27:34.289690+00:00,LibGen,LibGen.vg,UP,200,764,,
2026-10-04T07:28:35.501048+00:00,LibGen,LibGen.vg,UP,200,1683,,
2026-10-04T07:29:35.678216+00:00,LibGen,LibGen.vg,UP,200,1462,,
2026-10-04T07:30:35.202694+00:00,LibGen,LibGen.vg,UP,200,1418,,
2026-10-04T07:31:36.064369+00:00,LibGen,LibGen.vg,UP,200,1339,,
2026-10-04T07:32:35.956671+00:00,LibGen,LibGen.vg,UP,200,1605,,
2026-10-04T07:33:37.344895+00:00,LibGen,LibGen.vg,UP,200,1264,,
2026-10-04T07:34:36.017246+00:00,LibGen,LibGen.vg,UP,200,1283,,
2026-10-04T07:35:36.566980+00:00,LibGen,LibGen.vg,UP,200,1393,,
2026-10-04T07:36:36.771929+00:00,LibGen,LibGen.vg,UP,200,1471,,
2026-10-04T07:37:37.077884+00:00,LibGen,LibGen.vg,UP,200,1307,,
2026-10-04T07:38:39.582042+00:00,LibGen,LibGen.vg,UP,200,1616,,
2026-10-04T07:39:42.668607+00:00,LibGen,LibGen.vg,UP,200,1590,,
2026-10-04T07:40:38.242931+00:00,LibGen,LibGen.vg,UP,200,1367,,
2026-10-04T07:41:38.679300+00:00,LibGen,LibGen.vg,UP,200,1303,,
2026-10-04T07:42:40.961804+00:00,LibGen,LibGen.vg,DEGRADED,200,3233,latency_high,
2026-10-04T07:43:40.520058+00:00,LibGen,LibGen.vg,UP,200,1550,,
2026-10-04T07:44:41.425825+00:00,LibGen,LibGen.vg,UP,200,1309,,
2026-10-04T07:45:40.800191+00:00,LibGen,LibGen.vg,UP,200,1432,,
2026-10-04T07:46:42.414523+00:00,LibGen,LibGen.vg,UP,200,796,,
2026-10-04T07:47:42.858474+00:00,LibGen,LibGen.vg,UP,200,1526,,
2026-10-04T07:48:44.930204+00:00,LibGen,LibGen.vg,UP,200,1597,,
2026-10-04T07:49:43.482802+00:00,LibGen,LibGen.vg,UP,200,1373,,
2026-10-04T07:50:45.526750+00:00,LibGen,LibGen.vg,UP,200,1408,,
2026-10-04T07:51:45.115489+00:00,LibGen,LibGen.vg,UP,200,1342,,
2026-10-04T07:52:45.681666+00:00,LibGen,LibGen.vg,UP,200,1824,,
2026-10-04T07:53:46.443696+00:00,LibGen,LibGen.vg,UP,200,1544,,
2026-10-04T07:54:46.003516+00:00,LibGen,LibGen.vg,UP,200,1307,,
2026-10-04T07:55:45.634133+00:00,LibGen,LibGen.vg,UP,200,1406,,
2026-10-04T07:56:46.106425+00:00,LibGen,LibGen.vg,UP,200,1394,,
2026-10-04T07:57:48.660495+00:00,LibGen,LibGen.vg,UP,200,1901,,
2026-10-04T07:58:47.013818+00:00,LibGen,LibGen.vg,UP,200,1299,,
2026-10-04T07:59:47.955928+00:00,LibGen,LibGen.vg,UP,200,1336,,
2026-10-04T08:00:48.742051+00:00,LibGen,LibGen.vg,UP,200,1344,,
2026-10-04T08:01:49.314163+00:00,LibGen,LibGen.vg,UP,200,1616,,
2026-10-04T08:02:54.051674+00:00,LibGen,LibGen.vg,DEGRADED,200,5571,latency_high,
2026-10-04T08:03:49.889853+00:00,LibGen,LibGen.vg,UP,200,738,,
2026-10-04T08:04:51.514704+00:00,LibGen,LibGen.vg,UP,200,1369,,
2026-10-04T08:05:50.378043+00:00,LibGen,LibGen.vg,UP,200,739,,
2026-10-04T08:06:50.986151+00:00,LibGen,LibGen.vg,UP,200,1427,,
2026-10-04T08:07:51.581706+00:00,LibGen,LibGen.vg,UP,200,1913,,
2026-10-04T08:08:53.434054+00:00,LibGen,LibGen.vg,UP,200,1992,,
2026-10-04T08:09:53.055770+00:00,LibGen,LibGen.vg,UP,200,1514,,
2026-10-04T08:10:53.777632+00:00,LibGen,LibGen.vg,UP,200,1346,,
2026-10-04T08:11:54.634493+00:00,LibGen,LibGen.vg,UP,200,1429,,
2026-10-04T08:12:56.012899+00:00,LibGen,LibGen.vg,UP,200,2090,,
2026-10-04T08:13:57.176266+00:00,LibGen,LibGen.vg,UP,200,1411,,
2026-10-04T08:14:55.371902+00:00,LibGen,LibGen.vg,UP,200,1359,,
2026-10-04T08:15:57.397205+00:00,LibGen,LibGen.vg,UP,200,1289,,
2026-10-04T08:16:58.667001+00:00,LibGen,LibGen.vg,DEGRADED,200,4847,latency_high,
2026-10-04T08:17:57.515761+00:00,LibGen,LibGen.vg,UP,200,1452,,
2026-10-04T08:18:57.729959+00:00,LibGen,LibGen.vg,UP,200,1279,,
2026-10-04T08:19:57.025654+00:00,LibGen,LibGen.vg,UP,200,1348,,
