# version: 2
# schema: timestamp,site_id,domain_id,domain_status,http_status,latency_ms,failure_type,protection_type
timestamp,site_id,domain_id,domain_status,http_status,latency_ms,failure_type,protection_type
2026-10-07T01:38:28.253931+00:00,AcademicPapers,AcademicPapers.scinet,PROTECTED,200,399,,DDoS-Guard
2026-10-07T01:39:28.578584+00:00,AcademicPapers,AcademicPapers.scinet,PROTECTED,200,399,,DDoS-Guard
2026-10-07T01:40:28.730885+00:00,AcademicPapers,AcademicPapers.scinet,PROTECTED,200,466,,DDoS-Guard
2026-10-07T01:41:29.232821+00:00,AcademicPapers,AcademicPapers.scinet,PROTECTED,200,308,,DDoS-Guard
2026-10-07T01:42:30.680590+00:00,AcademicPapers,AcademicPapers.scinet,PROTECTED,200,859,,DDoS-Guard
2026-10-07T01:43:30.506542+00:00,AcademicPapers,AcademicPapers.scinet,PROTECTED,200,680,,DDoS-Guard
2026-10-07T01:44:31.179434+00:00,AcademicPapers,AcademicPapers.scinet,PROTECTED,200,906,,DDoS-Guard
2026-10-07T01:45:31.294709+00:00,AcademicPapers,AcademicPapers.scinet,PROTECTED,200,355,,DDoS-Guard
2026-10-07T01:46:32.128866+00:00,AcademicPapers,AcademicPapers.scinet,PROTECTED,200,378,,DDoS-Guard
2026-10-07T01:47:33.165789+00:00,AcademicPapers,AcademicPapers.scinet,PROTECTED,200,751,,DDoS-Guard
2026-10-07T01:48:33.593825+00:00,AcademicPapers,AcademicPapers.scinet,PROTECTED,200,320,,DDoS-Guard
2026-10-07T01:49:34.696781+00:00,AcademicPapers,AcademicPapers.scinet,PROTECTED,200,783,,DDoS-Guard
2026-10-07T01:50:35.498789+00:00,AcademicPapers,AcademicPapers.scinet,PROTECTED,200,718,,DDoS-Guard
2026-10-07T01:51:34.899756+00:00,AcademicPapers,AcademicPapers.scinet,PROTECTED,200,184,,DDoS-Guard
2026-10-07T01:52:36.460519+00:00,AcademicPapers,AcademicPapers.scinet,PROTECTED,200,656,,DDoS-Guard
2026-10-07T01:53:37.343959+00:00,AcademicPapers,AcademicPapers.scinet,PROTECTED,200,451,,DDoS-Guard
2026-10-07T01:54:37.819214+00:00,AcademicPapers,AcademicPapers.scinet,PROTECTED,200,420,,DDoS-Guard
2026-10-07T01:55:38.857829+00:00,AcademicPapers,AcademicPapers.scinet,PROTECTED,200,791,,DDoS-Guard
2026-10-07T01:56:39.067945+00:00,AcademicPapers,AcademicPapers.scinet,PROTECTED,200,332,,DDoS-Guard
2026-10-07T01:57:39.976861+00:00,AcademicPapers,AcademicPapers.scinet,PROTECTED,200,307,,DDoS-Guard
2026-10-07T01:58:40.362877+00:00,AcademicPapers,AcademicPapers.scinet,PROTECTED,200,332,,DDoS-Guard
2026-10-07T01:59:41.057602+00:00,AcademicPapers,AcademicPapers.scinet,PROTECTED,200,342,,DDoS-Guard
2026-10-07T02:00:41.297960+00:00,AcademicPapers,AcademicPapers.scinet,PROTECTED,200,321,,DDoS-Guard
2026-10-07T02:01:42.403924+00:00,AcademicPapers,AcademicPapers.scinet,PROTECTED,200,377,,DDoS-Guard
2026-10-07T02:02:42.816057+00:00,AcademicPapers,AcademicPapers.scinet,PROTECTED,200,709,,DDoS-Guard
2026-10-07T02:03:43.044587+00:00,AcademicPapers,AcademicPapers.scinet,PROTECTED,200,422,,DDoS-Guard
2026-10-07T02:04:43.220418+00:00,AcademicPapers,AcademicPapers.scinet,PROTECTED,200,481,,DDoS-Guard
2026-10-07T02:05:44.110570+00:00,AcademicPapers,AcademicPapers.scinet,PROTECTED,200,466,,DDoS-Guard
2026-10-07T02:06:44.483815+00:00,AcademicPapers,AcademicPapers.scinet,PROTECTED,200,411,,DDoS-Guard
2026-10-07T02:07:45.398693+00:00,AcademicPapers,AcademicPapers.scinet,PROTECTED,200,463,,DDoS-Guard
2026-10-07T02:08:45.766414+00:00,AcademicPapers,AcademicPapers.scinet,PROTECTED,200,774,,DDoS-Guard
2026-10-07T02:09:46.331314+00:00,AcademicPapers,AcademicPapers.scinet,PROTECTED,200,724,,DDoS-Guard
2026-10-07T02:10:46.443883+00:00,AcademicPapers,AcademicPapers.scinet,PROTECTED,200,403,,DDoS-Guard
2026-10-07T02:11:47.181797+00:00,AcademicPapers,AcademicPapers.scinet,PROTECTED,200,695,,DDoS-Guard
2026-10-07T02:12:47.774156+00:00,AcademicPapers,AcademicPapers.scinet,PROTECTED,200,390,,DDoS-Guard
2026-10-07T02:13:48.284974+00:00,AcademicPapers,AcademicPapers.scinet,PROTECTED,200,408,,DDoS-Guard
2026-10-07T02:14:48.852382+00:00,AcademicPapers,AcademicPapers.scinet,PROTECTED,200,372,,DDoS-Guard
2026-10-07T02:15:49.337264+00:00,AcademicPapers,AcademicPapers.scinet,PROTECTED,200,459,,DDoS-Guard
2026-10-07T02:16:50.119197+00:00,AcademicPapers,AcademicPapers.scinet,PROTECTED,200,398,,DDoS-Guard
2026-10-07T02:17:50.542100+00:00,AcademicPapers,AcademicPapers.scinet,PROTECTED,200,419,,DDoS-Guard
2026-10-07T02:18:51.332971+00:00,AcademicPapers,AcademicPapers.scinet,PROTECTED,200,927,,DDoS-Guard
2026-10-07T02:19:52.097617+00:00,AcademicPapers,AcademicPapers.scinet,PROTECTED,200,389,,DDoS-Guard
2026-10-07T02:20:53.360740+00:00,AcademicPapers,AcademicPapers.scinet,PROTECTED,200,716,,DDoS-Guard
2026-10-07T02:21:53.787355+00:00,AcademicPapers,AcademicPapers.scinet,PROTECTED,200,308,,DDoS-Guard
2026-10-07T02:22:55.414644+00:00,AcademicPapers,AcademicPapers.scinet,PROTECTED,200,734,,DDoS-Guard
2026-10-07T02:23:55.500909+00:00,AcademicPapers,AcademicPapers.scinet,PROTECTED,200,781,,DDoS-Guard
2026-10-07T02:24:56.064851+00:00,AcademicPapers,AcademicPapers.scinet,PROTECTED,200,450,,DDoS-Guard
2026-10-07T02:25:56.957743+00:00,AcademicPapers,AcademicPapers.scinet,PROTECTED,200,724,,DDoS-Guard
2026-10-07T02:26:57.788291+00:00,AcademicPapers,AcademicPapers.scinet,PROTECTED,200,765,,DDoS-Guard
2026-10-07T02:27:57.678361+00:00,AcademicPapers,AcademicPapers.scinet,PROTECTED,200,382,,DDoS-Guard
2026-10-07T02:28:58.402613+00:00,AcademicPapers,AcademicPapers.scinet,PROTECTED,200,304,,DDoS-Guard
2026-10-07T02:29:58.654611+00:00,AcademicPapers,AcademicPapers.scinet,PROTECTED,200,390,,DDoS-Guard
2026-10-07T02:30:58.894883+00:00,AcademicPapers,AcademicPapers.scinet,PROTECTED,200,473,,DDoS-Guard
2026-10-07T02:31:59.656657+00:00,AcademicPapers,AcademicPapers.scinet,PROTECTED,200,329,,DDoS-Guard
2026-10-07T02:33:00.092834+00:00,AcademicPapers,AcademicPapers.scinet,PROTECTED,200,447,,DDoS-Guard
2026-10-07T02:34:01.118627+00:00,AcademicPapers,AcademicPapers.scinet,PROTECTED,200,374,,DDoS-Guard
2026-10-07T02:35:02.688159+00:00,AcademicPapers,AcademicPapers.scinet,PROTECTED,200,911,,DDoS-Guard
2026-10-07T02:36:03.017981+00:00,AcademicPapers,AcademicPapers.scinet,PROTECTED,200,808,,DDoS-Guard
2026-10-07T02:37:03.354338+00:00,AcademicPapers,AcademicPapers.scinet,PROTECTED,200,436,,DDoS-Guard
2026-10-07T02:38:04.332654+00:00,AcademicPapers,AcademicPapers.scinet,PROTECTED,200,434,,DDoS-Guard
2026-10-07T02:39:04.894925+00:00,AcademicPapers,AcademicPapers.scinet,PROTECTED,200,382,,DDoS-Guard
2026-10-07T02:40:05.460226+00:00,AcademicPapers,AcademicPapers.scinet,PROTECTED,200,556,,DDoS-Guard
2026-10-07T02:41:06.390006+00:00,AcademicPapers,AcademicPapers.scinet,PROTECTED,200,409,,DDoS-Guard
2026-10-07T02:42:05.857891+00:00,AcademicPapers,AcademicPapers.scinet,PROTECTED,200,282,,DDoS-Guard
2026-10-07T02:43:07.633352+00:00,AcademicPapers,AcademicPapers.scinet,PROTECTED,200,832,,DDoS-Guard
2026-10-07T02:44:07.508246+00:00,AcademicPapers,AcademicPapers.scinet,PROTECTED,200,334,,DDoS-Guard
2026-10-07T02:45:08.727192+00:00,AcademicPapers,AcademicPapers.scinet,PROTECTED,200,1124,,DDoS-Guard
2026-10-07T02:46:09.060807+00:00,AcademicPapers,AcademicPapers.scinet,PROTECTED,200,399,,DDoS-Guard
2026-10-07T02:47:09.593925+00:00,AcademicPapers,AcademicPapers.scinet,PROTECTED,200,401,,DDoS-Guard
2026-10-07T02:48:10.327050+00:00,AcademicPapers,AcademicPapers.scinet,PROTECTED,200,417,,DDoS-Guard
2026-10-07T02:49:11.402954+00:00,AcademicPapers,AcademicPapers.scinet,PROTECTED,200,390,,DDoS-Guard
2026-10-07T02:50:11.769193+00:00,AcademicPapers,AcademicPapers.scinet,PROTECTED,200,413,,DDoS-Guard
2026-10-07T02:51:11.941722+00:00,AcademicPapers,AcademicPapers.scinet,PROTECTED,200,584,,DDoS-Guard
2026-10-07T02:52:12.646237+00:00,AcademicPapers,AcademicPapers.scinet,PROTECTED,200,385,,DDoS-Guard
2026-10-07T02:53:13.608846+00:00,AcademicPapers,AcademicPapers.scinet,PROTECTED,200,416,,DDoS-Guard
2026-10-07T02:54:14.080214+00:00,AcademicPapers,AcademicPapers.scinet,PROTECTED,200,397,,DDoS-Guard
2026-10-07T02:55:14.745999+00:00,AcademicPapers,AcademicPapers.scinet,PROTECTED,200,380,,DDoS-Guard
2026-10-07T02:56:15.284060+00:00,AcademicPapers,AcademicPapers.scinet,PROTECTED,200,426,,DDoS-Guard
2026-10-07T02:57:16.046231+00:00,AcademicPapers,AcademicPapers.scinet,PROTECTED,200,693,,DDoS-Guard
2026-10-07T02:58:16.279605+00:00,AcademicPapers,AcademicPapers.scinet,PROTECTED,200,395,,DDoS-Guard
2026-10-07T02:59:17.340693+00:00,AcademicPapers,AcademicPapers.scinet,PROTECTED,200,786,,DDoS-Guard
2026-10-07T03:00:18.398568+00:00,AcademicPapers,AcademicPapers.scinet,PROTECTED,200,430,,DDoS-Guard
2026-10-07T03:01:18.245019+00:00,AcademicPapers,AcademicPapers.scinet,PROTECTED,200,432,,DDoS-Guard
2026-10-07T03:02:19.462845+00:00,AcademicPapers,AcademicPapers.scinet,PROTECTED,200,913,,DDoS-Guard
2026-10-07T03:03:19.581765+00:00,AcademicPapers,AcademicPapers.scinet,PROTECTED,200,584,,DDoS-Guard
2026-10-07T03:04:20.716757+00:00,AcademicPapers,AcademicPapers.scinet,PROTECTED,200,964,,DDoS-Guard
2026-10-07T03:05:21.146954+00:00,AcademicPapers,AcademicPapers.scinet,PROTECTED,200,610,,DDoS-Guard
2026-10-07T03:06:21.649307+00:00,AcademicPapers,AcademicPapers.scinet,PROTECTED,200,436,,DDoS-Guard
2026-10-07T03:07:22.547615+00:00,AcademicPapers,AcademicPapers.scinet,PROTECTED,200,306,,DDoS-Guard
2026-10-07T03:08:22.788147+00:00,AcademicPapers,AcademicPapers.scinet,PROTECTED,200,314,,DDoS-Guard
2026-10-07T03:09:23.139401+00:00,AcademicPapers,AcademicPapers.scinet,PROTECTED,200,429,,DDoS-Guard
2026-10-07T03:10:23.552984+00:00,AcademicPapers,AcademicPapers.scinet,PROTECTED,200,384,,DDoS-Guard
2026-10-07T03:11:24.340212+00:00,AcademicPapers,AcademicPapers.scinet,PROTECTED,200,307,,DDoS-Guard
2026-10-07T03:12:24.524061+00:00,AcademicPapers,AcademicPapers.scinet,PROTECTED,200,383,,DDoS-Guard
2026-10-07T03:13:25.367702+00:00,AcademicPapers,AcademicPapers.scinet,PROTECTED,200,420,,DDoS-Guard
2026-10-07T03:14:26.388305+00:00,AcademicPapers,AcademicPapers.scinet,PROTECTED,200,829,,DDoS-Guard
2026-10-07T03:15:26.383883+00:00,AcademicPapers,AcademicPapers.scinet,DOWN,,,connection_refused,
2026-10-07T03:16:27.450719+00:00,AcademicPapers,AcademicPapers.scinet,PROTECTED,200,352,,DDoS-Guard
2026-10-07T03:17:28.483973+00:00,AcademicPapers,AcademicPapers.scinet,PROTECTED,200,762,,DDoS-Guard
2026-10-07T03:18:28.808346+00:00,AcademicPapers,AcademicPapers.scinet,PROTECTED,200,409,,DDoS-Guard
2026-10-07T03:19:29.694853+00:00,AcademicPapers,AcademicPapers.scinet,PROTECTED,200,408,,DDoS-Guard
2026-10-07T03:20:29.632921+00:00,AcademicPapers,AcademicPapers.scinet,PROTECTED,200,297,,DDoS-Guard
2026-10-07T03:21:30.351051+00:00,AcademicPapers,AcademicPapers.scinet,PROTECTED,200,341,,DDoS-Guard
2026-10-07T03:22:31.186673+00:00,AcademicPapers,AcademicPapers.scinet,PROTECTED,200,320,,DDoS-Guard
2026-10-07T03:23:32.649124+00:00,AcademicPapers,AcademicPapers.scinet,PROTECTED,200,815,,DDoS-Guard
2026-10-07T03:24:33.218187+00:00,AcademicPapers,AcademicPapers.scinet,PROTECTED,200,777,,DDoS-Guard
2026-10-07T03:25:33.553273+00:00,AcademicPapers,AcademicPapers.scinet,PROTECTED,200,322,,DDoS-Guard
2026-10-07T03:26:34.650122+00:00,AcademicPapers,AcademicPapers.scinet,PROTECTED,200,380,,DDoS-Guard
2026-10-07T03:27:34.653034+00:00,AcademicPapers,AcademicPapers.scinet,PROTECTED,200,423,,DDoS-Guard
2026-10-07T03:28:35.475695+00:00,AcademicPapers,AcademicPapers.scinet,PROTECTED,200,490,,DDoS-Guard
2026-10-07T03:29:36.758444+00:00,AcademicPapers,AcademicPapers.scinet,PROTECTED,200,912,,DDoS-Guard
2026-10-07T03:30:37.141029+00:00,AcademicPapers,AcademicPapers.scinet,PROTECTED,200,441,,DDoS-Guard
2026-10-07T03:31:38.812483+00:00,AcademicPapers,AcademicPapers.scinet,PROTECTED,200,775,,DDoS-Guard
2026-10-07T03:32:39.083036+00:00,AcademicPapers,AcademicPapers.scinet,PROTECTED,200,345,,DDoS-Guard
2026-10-07T03:33:39.732846+00:00,AcademicPapers,AcademicPapers.scinet,PROTECTED,200,361,,DDoS-Guard
2026-10-07T03:34:41.057337+00:00,AcademicPapers,AcademicPapers.scinet,PROTECTED,200,748,,DDoS-Guard
2026-10-07T03:35:41.333244+00:00,AcademicPapers,AcademicPapers.scinet,PROTECTED,200,320,,DDoS-Guard
2026-10-07T03:36:41.819616+00:00,AcademicPapers,AcademicPapers.scinet,PROTECTED,200,324,,DDoS-Guard
2026-10-07T03:37:42.720112+00:00,AcademicPapers,AcademicPapers.scinet,PROTECTED,200,385,,DDoS-Guard
2026-10-07T03:38:43.483609+00:00,AcademicPapers,AcademicPapers.scinet,PROTECTED,200,383,,DDoS-Guard
2026-10-07T03:39:44.412654+00:00,AcademicPapers,AcademicPapers.scinet,PROTECTED,200,789,,DDoS-Guard
2026-10-07T03:40:45.040257+00:00,AcademicPapers,AcademicPapers.scinet,PROTECTED,200,379,,DDoS-Guard
2026-10-07T03:41:45.634987+00:00,AcademicPapers,AcademicPapers.scinet,PROTECTED,200,423,,DDoS-Guard
2026-10-07T03:42:46.784958+00:00,AcademicPapers,AcademicPapers.scinet,PROTECTED,200,784,,DDoS-Guard
2026-10-07T03:43:47.601070+00:00,AcademicPapers,AcademicPapers.scinet,PROTECTED,200,851,,DDoS-Guard
2026-10-07T03:44:47.816412+00:00,AcademicPapers,AcademicPapers.scinet,PROTECTED,200,390,,DDoS-Guard
2026-10-07T03:45:48.757538+00:00,AcademicPapers,AcademicPapers.scinet,PROTECTED,200,957,,DDoS-Guard
2026-10-07T03:46:49.350872+00:00,AcademicPapers,AcademicPapers.scinet,PROTECTED,200,579,,DDoS-Guard
2026-10-07T03:47:49.870770+00:00,AcademicPapers,AcademicPapers.scinet,PROTECTED,200,308,,DDoS-Guard
2026-10-07T03:48:50.683754+00:00,AcademicPapers,AcademicPapers.scinet,PROTECTED,200,331,,DDoS-Guard
2026-10-07T03:49:52.123610+00:00,AcademicPapers,AcademicPapers.scinet,PROTECTED,200,778,,DDoS-Guard
2026-10-07T03:50:52.335551+00:00,AcademicPapers,AcademicPapers.scinet,PROTECTED,200,307,,DDoS-Guard
2026-10-07T03:51:53.650537+00:00,AcademicPapers,AcademicPapers.scinet,PROTECTED,200,775,,DDoS-Guard
2026-10-07T03:52:54.688204+00:00,AcademicPapers,AcademicPapers.scinet,PROTECTED,200,702,,DDoS-Guard
2026-10-07T03:53:55.096226+00:00,AcademicPapers,AcademicPapers.scinet,PROTECTED,200,338,,DDoS-Guard
2026-10-07T03:54:55.771021+00:00,AcademicPapers,AcademicPapers.scinet,PROTECTED,200,418,,DDoS-Guard
2026-10-07T03:55:57.158720+00:00,AcademicPapers,AcademicPapers.scinet,PROTECTED,200,926,,DDoS-Guard
2026-10-07T03:56:57.407882+00:00,AcademicPapers,AcademicPapers.scinet,PROTECTED,200,428,,DDoS-Guard
2026-10-07T03:57:58.117035+00:00,AcademicPapers,AcademicPapers.scinet,PROTECTED,200,476,,DDoS-Guard
2026-10-07T03:58:58.788729+00:00,AcademicPapers,AcademicPapers.scinet,PROTECTED,200,387,,DDoS-Guard
2026-10-07T04:00:00.000619+00:00,AcademicPapers,AcademicPapers.scinet,PROTECTED,200,841,,DDoS-Guard
2026-10-07T04:00:59.999575+00:00,AcademicPapers,AcademicPapers.scinet,PROTECTED,200,772,,DDoS-Guard
2026-10-07T04:02:00.272796+00:00,AcademicPapers,AcademicPapers.scinet,PROTECTED,200,414,,DDoS-Guard
2026-10-07T04:03:01.439065+00:00,AcademicPapers,AcademicPapers.scinet,PROTECTED,200,417,,DDoS-Guard
2026-10-07T04:04:01.108360+00:00,AcademicPapers,AcademicPapers.scinet,PROTECTED,200,325,,DDoS-Guard
2026-10-07T04:05:02.282546+00:00,AcademicPapers,AcademicPapers.scinet,PROTECTED,200,540,,DDoS-Guard
2026-10-07T04:06:02.338970+00:00,AcademicPapers,AcademicPapers.scinet,PROTECTED,200,739,,DDoS-Guard
2026-10-07T04:07:02.751042+00:00,AcademicPapers,AcademicPapers.scinet,PROTECTED,200,337,,DDoS-Guard
2026-10-07T04:08:03.345436+00:00,AcademicPapers,AcademicPapers.scinet,PROTECTED,200,388,,DDoS-Guard
2026-10-07T04:09:03.884647+00:00,AcademicPapers,AcademicPapers.scinet,PROTECTED,200,438,,DDoS-Guard
2026-10-07T04:10:04.684494+00:00,AcademicPapers,AcademicPapers.scinet,PROTECTED,200,434,,DDoS-Guard
2026-10-07T04:11:05.176715+00:00,AcademicPapers,AcademicPapers.scinet,PROTECTED,200,314,,DDoS-Guard
2026-10-07T04:12:05.660691+00:00,AcademicPapers,AcademicPapers.scinet,PROTECTED,200,382,,DDoS-Guard
2026-10-07T04:13:06.528038+00:00,AcademicPapers,AcademicPapers.scinet,PROTECTED,200,382,,DDoS-Guard
2026-10-07T04:14:07.237627+00:00,AcademicPapers,AcademicPapers.scinet,PROTECTED,200,380,,DDoS-Guard
2026-10-07T04:15:07.935676+00:00,AcademicPapers,AcademicPapers.scinet,PROTECTED,200,550,,DDoS-Guard
2026-10-07T04:16:08.900153+00:00,AcademicPapers,AcademicPapers.scinet,PROTECTED,200,805,,DDoS-Guard
2026-10-07T04:17:09.486899+00:00,AcademicPapers,AcademicPapers.scinet,PROTECTED,200,754,,DDoS-Guard
2026-10-07T04:18:09.945548+00:00,AcademicPapers,AcademicPapers.scinet,PROTECTED,200,392,,DDoS-Guard
2026-10-07T04:19:10.807725+00:00,AcademicPapers,AcademicPapers.scinet,PROTECTED,200,807,,DDoS-Guard
2026-10-07T04:20:12.076688+00:00,AcademicPapers,AcademicPapers.scinet,PROTECTED,200,712,,DDoS-Guard
2026-10-07T04:21:11.879719+00:00,AcademicPapers,AcademicPapers.scinet,PROTECTED,200,407,,DDoS-Guard
2026-10-07T04:22:11.702719+00:00,AcademicPapers,AcademicPapers.scinet,PROTECTED,200,360,,DDoS-Guard
2026-10-07T04:23:12.809923+00:00,AcademicPapers,AcademicPapers.scinet,PROTECTED,200,320,,DDoS-Guard
2026-10-07T04:24:13.622422+00:00,AcademicPapers,AcademicPapers.scinet,PROTECTED,200,435,,DDoS-Guard
2026-10-07T04:25:14.256008+00:00,AcademicPapers,AcademicPapers.scinet,PROTECTED,200,533,,DDoS-Guard
2026-10-07T04:26:14.745602+00:00,AcademicPapers,AcademicPapers.scinet,PROTECTED,200,330,,DDoS-Guard
2026-10-07T04:27:15.841742+00:00,AcademicPapers,AcademicPapers.scinet,PROTECTED,200,565,,DDoS-Guard
2026-10-07T04:28:16.986938+00:00,AcademicPapers,AcademicPapers.scinet,PROTECTED,200,566,,DDoS-Guard
2026-10-07T04:29:17.702469+00:00,AcademicPapers,AcademicPapers.scinet,PROTECTED,200,704,,DDoS-Guard
2026-10-07T04:30:18.204683+00:00,AcademicPapers,AcademicPapers.scinet,PROTECTED,200,443,,DDoS-Guard
2026-10-07T04:31:19.047473+00:00,AcademicPapers,AcademicPapers.scinet,PROTECTED,200,303,,DDoS-Guard
2026-10-07T04:32:18.834638+00:00,AcademicPapers,AcademicPapers.scinet,PROTECTED,200,181,,DDoS-Guard
2026-10-07T04:33:20.333395+00:00,AcademicPapers,AcademicPapers.scinet,PROTECTED,200,393,,DDoS-Guard
2026-10-07T04:34:21.163084+00:00,AcademicPapers,AcademicPapers.scinet,PROTECTED,200,400,,DDoS-Guard
2026-10-07T04:35:21.960717+00:00,AcademicPapers,AcademicPapers.scinet,PROTECTED,200,392,,DDoS-Guard
2026-10-07T04:36:22.397885+00:00,AcademicPapers,AcademicPapers.scinet,PROTECTED,200,392,,DDoS-Guard
2026-10-07T04:37:23.550647+00:00,AcademicPapers,AcademicPapers.scinet,PROTECTED,200,733,,DDoS-Guard
2026-10-07T04:38:24.097203+00:00,AcademicPapers,AcademicPapers.scinet,PROTECTED,200,375,,DDoS-Guard
2026-10-07T04:39:25.192111+00:00,AcademicPapers,AcademicPapers.scinet,PROTECTED,200,1038,,DDoS-Guard
2026-10-07T04:40:25.749711+00:00,AcademicPapers,AcademicPapers.scinet,PROTECTED,200,511,,DDoS-Guard
2026-10-07T04:41:26.231750+00:00,AcademicPapers,AcademicPapers.scinet,PROTECTED,200,312,,DDoS-Guard
2026-10-07T04:42:27.578755+00:00,AcademicPapers,AcademicPapers.scinet,PROTECTED,200,867,,DDoS-Guard
2026-10-07T04:43:27.481622+00:00,AcademicPapers,AcademicPapers.scinet,PROTECTED,200,702,,DDoS-Guard
2026-10-07T04:44:27.885969+00:00,AcademicPapers,AcademicPapers.scinet,PROTECTED,200,374,,DDoS-Guard
2026-10-07T04:45:28.326896+00:00,AcademicPapers,AcademicPapers.scinet,PROTECTED,200,318,,DDoS-Guard
2026-10-07T04:46:29.247754+00:00,AcademicPapers,AcademicPapers.scinet,PROTECTED,200,430,,DDoS-Guard
2026-10-07T04:47:30.427196+00:00,AcademicPapers,AcademicPapers.scinet,PROTECTED,200,709,,DDoS-Guard
2026-10-07T04:48:31.057303+00:00,AcademicPapers,AcademicPapers.scinet,PROTECTED,200,455,,DDoS-Guard
2026-10-07T04:49:31.575758+00:00,AcademicPapers,AcademicPapers.scinet,PROTECTED,200,335,,DDoS-Guard
2026-10-07T04:50:32.513071+00:00,AcademicPapers,AcademicPapers.scinet,PROTECTED,200,386,,DDoS-Guard
2026-10-07T04:51:33.322842+00:00,AcademicPapers,AcademicPapers.scinet,PROTECTED,200,381,,DDoS-Guard
2026-10-07T04:52:34.059600+00:00,AcademicPapers,AcademicPapers.scinet,PROTECTED,200,412,,DDoS-Guard
2026-10-07T04:53:35.025674+00:00,AcademicPapers,AcademicPapers.scinet,PROTECTED,200,444,,DDoS-Guard
2026-10-07T04:54:35.497555+00:00,AcademicPapers,AcademicPapers.scinet,PROTECTED,200,365,,DDoS-Guard
2026-10-07T04:55:36.321182+00:00,AcademicPapers,AcademicPapers.scinet,PROTECTED,200,408,,DDoS-Guard
2026-10-07T04:56:37.611474+00:00,AcademicPapers,AcademicPapers.scinet,PROTECTED,200,779,,DDoS-Guard
2026-10-07T04:57:38.054583+00:00,AcademicPapers,AcademicPapers.scinet,PROTECTED,200,380,,DDoS-Guard
2026-10-07T04:58:38.676738+00:00,AcademicPapers,AcademicPapers.scinet,PROTECTED,200,511,,DDoS-Guard
2026-10-07T04:59:39.435757+00:00,AcademicPapers,AcademicPapers.scinet,PROTECTED,200,391,,DDoS-Guard
2026-10-07T05:00:40.257557+00:00,AcademicPapers,AcademicPapers.scinet,PROTECTED,200,414,,DDoS-Guard
2026-10-07T05:01:40.612036+00:00,AcademicPapers,AcademicPapers.scinet,PROTECTED,200,830,,DDoS-Guard
2026-10-07T05:02:41.148485+00:00,AcademicPapers,AcademicPapers.scinet,PROTECTED,200,466,,DDoS-Guard
2026-10-07T05:03:41.828896+00:00,AcademicPapers,AcademicPapers.scinet,PROTECTED,200,336,,DDoS-Guard
2026-10-07T05:04:42.568792+00:00,AcademicPapers,AcademicPapers.scinet,PROTECTED,200,392,,DDoS-Guard
2026-10-07T05:05:43.074655+00:00,AcademicPapers,AcademicPapers.scinet,PROTECTED,200,372,,DDoS-Guard
2026-10-07T05:06:43.181871+00:00,AcademicPapers,AcademicPapers.scinet,PROTECTED,200,411,,DDoS-Guard
2026-10-07T05:07:43.820328+00:00,AcademicPapers,AcademicPapers.scinet,PROTECTED,200,320,,DDoS-Guard
2026-10-07T05:08:44.755802+00:00,AcademicPapers,AcademicPapers.scinet,PROTECTED,200,957,,DDoS-Guard
2026-10-07T05:09:45.183154+00:00,AcademicPapers,AcademicPapers.scinet,PROTECTED,200,401,,DDoS-Guard
2026-10-07T05:10:46.014235+00:00,AcademicPapers,AcademicPapers.scinet,PROTECTED,200,423,,DDoS-Guard
2026-10-07T05:11:46.633553+00:00,AcademicPapers,AcademicPapers.scinet,PROTECTED,200,366,,DDoS-Guard
2026-10-07T05:12:47.311440+00:00,AcademicPapers,AcademicPapers.scinet,PROTECTED,200,396,,DDoS-Guard
2026-10-07T05:13:48.377147+00:00,AcademicPapers,AcademicPapers.scinet,PROTECTED,200,776,,DDoS-Guard
2026-10-07T05:14:48.422896+00:00,AcademicPapers,AcademicPapers.scinet,PROTECTED,200,352,,DDoS-Guard
2026-10-07T05:15:49.345244+00:00,AcademicPapers,AcademicPapers.scinet,PROTECTED,200,364,,DDoS-Guard
2026-10-07T05:16:50.586007+00:00,AcademicPapers,AcademicPapers.scinet,PROTECTED,200,777,,DDoS-Guard
2026-10-07T05:17:51.373266+00:00,AcademicPapers,AcademicPapers.scinet,PROTECTED,200,765,,DDoS-Guard
2026-10-07T05:18:51.873036+00:00,AcademicPapers,AcademicPapers.scinet,PROTECTED,200,391,,DDoS-Guard
2026-10-07T05:19:53.104061+00:00,AcademicPapers,AcademicPapers.scinet,PROTECTED,200,788,,DDoS-Guard
2026-10-07T05:20:53.593679+00:00,AcademicPapers,AcademicPapers.scinet,PROTECTED,200,382,,DDoS-Guard
2026-10-07T05:21:54.620665+00:00,AcademicPapers,AcademicPapers.scinet,PROTECTED,200,697,,DDoS-Guard
2026-10-07T05:22:54.706724+00:00,AcademicPapers,AcademicPapers.scinet,PROTECTED,200,380,,DDoS-Guard
2026-10-07T05:23:55.583783+00:00,AcademicPapers,AcademicPapers.scinet,PROTECTED,200,329,,DDoS-Guard
2026-10-07T05:24:56.559101+00:00,AcademicPapers,AcademicPapers.scinet,PROTECTED,200,326,,DDoS-Guard
2026-10-07T05:25:57.072037+00:00,AcademicPapers,AcademicPapers.scinet,PROTECTED,200,393,,DDoS-Guard
2026-10-07T05:26:57.694234+00:00,AcademicPapers,AcademicPapers.scinet,PROTECTED,200,375,,DDoS-Guard
2026-10-07T05:27:58.655038+00:00,AcademicPapers,AcademicPapers.scinet,PROTECTED,200,397,,DDoS-Guard
2026-10-07T05:28:59.861329+00:00,AcademicPapers,AcademicPapers.scinet,PROTECTED,200,733,,DDoS-Guard
2026-10-07T05:30:00.617942+00:00,AcademicPapers,AcademicPapers.scinet,PROTECTED,200,792,,DDoS-Guard
2026-10-07T05:31:00.432651+00:00,AcademicPapers,AcademicPapers.scinet,PROTECTED,200,462,,DDoS-Guard
2026-10-07T05:32:01.262210+00:00,AcademicPapers,AcademicPapers.scinet,PROTECTED,200,327,,DDoS-Guard
2026-10-07T05:33:01.461926+00:00,AcademicPapers,AcademicPapers.scinet,PROTECTED,200,406,,DDoS-Guard
2026-10-07T05:34:02.118832+00:00,AcademicPapers,AcademicPapers.scinet,PROTECTED,200,451,,DDoS-Guard
2026-10-07T05:35:04.066137+00:00,AcademicPapers,AcademicPapers.scinet,PROTECTED,200,840,,DDoS-Guard
2026-10-07T05:36:04.061668+00:00,AcademicPapers,AcademicPapers.scinet,PROTECTED,200,397,,DDoS-Guard
2026-10-07T05:37:04.816125+00:00,AcademicPapers,AcademicPapers.scinet,PROTECTED,200,305,,DDoS-Guard
2026-10-07T05:38:05.464191+00:00,AcademicPapers,AcademicPapers.scinet,PROTECTED,200,307,,DDoS-Guard
2026-10-07T05:39:06.930668+00:00,AcademicPapers,AcademicPapers.scinet,PROTECTED,200,756,,DDoS-Guard
2026-10-07T05:40:07.054671+00:00,AcademicPapers,AcademicPapers.scinet,PROTECTED,200,428,,DDoS-Guard
2026-10-07T05:41:07.739706+00:00,AcademicPapers,AcademicPapers.scinet,PROTECTED,200,315,,DDoS-Guard
2026-10-07T05:42:08.678004+00:00,AcademicPapers,AcademicPapers.scinet,PROTECTED,200,387,,DDoS-Guard
2026-10-07T05:43:09.065514+00:00,AcademicPapers,AcademicPapers.scinet,PROTECTED,200,316,,DDoS-Guard
2026-10-07T05:44:09.758846+00:00,AcademicPapers,AcademicPapers.scinet,PROTECTED,200,351,,DDoS-Guard
2026-10-07T05:45:10.701569+00:00,AcademicPapers,AcademicPapers.scinet,PROTECTED,200,426,,DDoS-Guard
2026-10-07T05:46:11.528581+00:00,AcademicPapers,AcademicPapers.scinet,PROTECTED,200,387,,DDoS-Guard
2026-10-07T05:47:12.258890+00:00,AcademicPapers,AcademicPapers.scinet,PROTECTED,200,725,,DDoS-Guard
2026-10-07T05:48:12.752149+00:00,AcademicPapers,AcademicPapers.scinet,PROTECTED,200,311,,DDoS-Guard
2026-10-07T05:49:13.646132+00:00,AcademicPapers,AcademicPapers.scinet,PROTECTED,200,398,,DDoS-Guard
2026-10-07T05:50:14.533438+00:00,AcademicPapers,AcademicPapers.scinet,PROTECTED,200,415,,DDoS-Guard
2026-10-07T05:51:15.571271+00:00,AcademicPapers,AcademicPapers.scinet,PROTECTED,200,758,,DDoS-Guard
2026-10-07T05:52:15.775656+00:00,AcademicPapers,AcademicPapers.scinet,PROTECTED,200,323,,DDoS-Guard
2026-10-07T05:53:16.675189+00:00,AcademicPapers,AcademicPapers.scinet,PROTECTED,200,349,,DDoS-Guard
2026-10-07T05:54:17.497183+00:00,AcademicPapers,AcademicPapers.scinet,PROTECTED,200,403,,DDoS-Guard
2026-10-07T05:55:18.050822+00:00,AcademicPapers,AcademicPapers.scinet,PROTECTED,200,406,,DDoS-Guard
2026-10-07T05:56:19.297469+00:00,AcademicPapers,AcademicPapers.scinet,PROTECTED,200,779,,DDoS-Guard
2026-10-07T05:57:19.464806+00:00,AcademicPapers,AcademicPapers.scinet,PROTECTED,200,398,,DDoS-Guard
2026-10-07T05:58:20.079989+00:00,AcademicPapers,AcademicPapers.scinet,PROTECTED,200,348,,DDoS-Guard
2026-10-07T05:59:20.983703+00:00,AcademicPapers,AcademicPapers.scinet,PROTECTED,200,435,,DDoS-Guard
2026-10-07T06:00:22.435670+00:00,AcademicPapers,AcademicPapers.scinet,PROTECTED,200,742,,DDoS-Guard
2026-10-07T06:01:23.167460+00:00,AcademicPapers,AcademicPapers.scinet,PROTECTED,200,775,,DDoS-Guard
2026-10-07T06:02:23.655667+00:00,AcademicPapers,AcademicPapers.scinet,PROTECTED,200,327,,DDoS-Guard
2026-10-07T06:03:24.634692+00:00,AcademicPapers,AcademicPapers.scinet,PROTECTED,200,426,,DDoS-Guard
2026-10-07T06:04:25.413098+00:00,AcademicPapers,AcademicPapers.scinet,PROTECTED,200,436,,DDoS-Guard
2026-10-07T06:05:26.633859+00:00,AcademicPapers,AcademicPapers.scinet,PROTECTED,200,802,,DDoS-Guard
2026-10-07T06:06:27.320593+00:00,AcademicPapers,AcademicPapers.scinet,PROTECTED,200,384,,DDoS-Guard
2026-10-07T06:07:27.828398+00:00,AcademicPapers,AcademicPapers.scinet,PROTECTED,200,393,,DDoS-Guard
2026-10-07T06:08:28.850431+00:00,AcademicPapers,AcademicPapers.scinet,PROTECTED,200,771,,DDoS-Guard
2026-10-07T06:09:29.523241+00:00,AcademicPapers,AcademicPapers.scinet,PROTECTED,200,411,,DDoS-Guard
2026-10-07T06:10:29.741204+00:00,AcademicPapers,AcademicPapers.scinet,PROTECTED,200,380,,DDoS-Guard
2026-10-07T06:11:30.492911+00:00,AcademicPapers,AcademicPapers.scinet,PROTECTED,200,372,,DDoS-Guard
2026-10-07T06:12:31.757611+00:00,AcademicPapers,AcademicPapers.scinet,PROTECTED,200,321,,DDoS-Guard
2026-10-07T06:13:32.559708+00:00,AcademicPapers,AcademicPapers.scinet,PROTECTED,200,771,,DDoS-Guard
2026-10-07T06:14:32.910499+00:00,AcademicPapers,AcademicPapers.scinet,PROTECTED,200,390,,DDoS-Guard
2026-10-07T06:15:32.913760+00:00,AcademicPapers,AcademicPapers.scinet,PROTECTED,200,316,,DDoS-Guard
2026-10-07T06:16:33.745652+00:00,AcademicPapers,AcademicPapers.scinet,PROTECTED,200,379,,DDoS-Guard
2026-10-07T06:17:34.571492+00:00,AcademicPapers,AcademicPapers.scinet,PROTECTED,200,386,,DDoS-Guard
2026-10-07T06:18:35.476103+00:00,AcademicPapers,AcademicPapers.scinet,PROTECTED,200,323,,DDoS-Guard
2026-10-07T06:19:36.526492+00:00,AcademicPapers,AcademicPapers.scinet,PROTECTED,200,489,,DDoS-Guard
2026-10-07T06:20:37.494185+00:00,AcademicPapers,AcademicPapers.scinet,PROTECTED,200,423,,DDoS-Guard
2026-10-07T06:21:37.605246+00:00,AcademicPapers,AcademicPapers.scinet,PROTECTED,200,501,,DDoS-Guard
2026-10-07T06:22:38.444066+00:00,AcademicPapers,AcademicPapers.scinet,PROTECTED,200,298,,DDoS-Guard
2026-10-07T06:23:39.385419+00:00,AcademicPapers,AcademicPapers.scinet,PROTECTED,200,320,,DDoS-Guard
2026-10-07T06:24:40.495528+00:00,AcademicPapers,AcademicPapers.scinet,PROTECTED,200,744,,DDoS-Guard
2026-10-07T06:25:40.803618+00:00,AcademicPapers,AcademicPapers.scinet,PROTECTED,200,402,,DDoS-Guard
2026-10-07T06:26:41.887624+00:00,AcademicPapers,AcademicPapers.scinet,PROTECTED,200,313,,DDoS-Guard
2026-10-07T06:27:41.961890+00:00,AcademicPapers,AcademicPapers.scinet,PROTECTED,200,325,,DDoS-Guard
2026-10-07T06:28:43.175917+00:00,AcademicPapers,AcademicPapers.scinet,PROTECTED,200,815,,DDoS-Guard
2026-10-07T06:29:43.597867+00:00,AcademicPapers,AcademicPapers.scinet,PROTECTED,200,835,,DDoS-Guard
2026-10-07T06:30:44.117679+00:00,AcademicPapers,AcademicPapers.scinet,PROTECTED,200,510,,DDoS-Guard
2026-10-07T06:31:45.020704+00:00,AcademicPapers,AcademicPapers.scinet,PROTECTED,200,396,,DDoS-Guard
2026-10-07T06:32:45.601599+00:00,AcademicPapers,AcademicPapers.scinet,PROTECTED,200,344,,DDoS-Guard
2026-10-07T06:33:46.279561+00:00,AcademicPapers,AcademicPapers.scinet,PROTECTED,200,680,,DDoS-Guard
2026-10-07T06:34:47.019540+00:00,AcademicPapers,AcademicPapers.scinet,PROTECTED,200,384,,DDoS-Guard
2026-10-07T06:35:47.884569+00:00,AcademicPapers,AcademicPapers.scinet,PROTECTED,200,399,,DDoS-Guard
2026-10-07T06:36:48.540911+00:00,AcademicPapers,AcademicPapers.scinet,PROTECTED,200,317,,DDoS-Guard
2026-10-07T06:37:49.214646+00:00,AcademicPapers,AcademicPapers.scinet,PROTECTED,200,329,,DDoS-Guard
2026-10-07T06:38:49.318426+00:00,AcademicPapers,AcademicPapers.scinet,PROTECTED,200,423,,DDoS-Guard
2026-10-07T06:39:49.260682+00:00,AcademicPapers,AcademicPapers.scinet,PROTECTED,200,631,,DDoS-Guard
2026-10-07T06:40:50.311497+00:00,AcademicPapers,AcademicPapers.scinet,PROTECTED,200,343,,DDoS-Guard
2026-10-07T06:41:50.993936+00:00,AcademicPapers,AcademicPapers.scinet,PROTECTED,200,311,,DDoS-Guard
2026-10-07T06:42:51.039549+00:00,AcademicPapers,AcademicPapers.scinet,PROTECTED,200,169,,DDoS-Guard
2026-10-07T06:43:52.042066+00:00,AcademicPapers,AcademicPapers.scinet,PROTECTED,200,358,,DDoS-Guard
2026-10-07T06:44:52.783216+00:00,AcademicPapers,AcademicPapers.scinet,PROTECTED,200,344,,DDoS-Guard
2026-10-07T06:45:53.807795+00:00,AcademicPapers,AcademicPapers.scinet,PROTECTED,200,365,,DDoS-Guard
2026-10-07T06:46:55.115641+00:00,AcademicPapers,AcademicPapers.scinet,PROTECTED,200,776,,DDoS-Guard
2026-10-07T06:47:56.105762+00:00,AcademicPapers,AcademicPapers.scinet,PROTECTED,200,785,,DDoS-Guard
2026-10-07T06:48:55.745965+00:00,AcademicPapers,AcademicPapers.scinet,PROTECTED,200,339,,DDoS-Guard
2026-10-07T06:49:57.017800+00:00,AcademicPapers,AcademicPapers.scinet,PROTECTED,200,786,,DDoS-Guard
2026-10-07T06:50:57.478698+00:00,AcademicPapers,AcademicPapers.scinet,PROTECTED,200,486,,DDoS-Guard
2026-10-07T06:51:58.341396+00:00,AcademicPapers,AcademicPapers.scinet,PROTECTED,200,430,,DDoS-Guard
2026-10-07T06:52:59.037440+00:00,AcademicPapers,AcademicPapers.scinet,PROTECTED,200,466,,DDoS-Guard
2026-10-07T06:53:59.783109+00:00,AcademicPapers,AcademicPapers.scinet,PROTECTED,200,328,,DDoS-Guard
2026-10-07T06:55:00.919951+00:00,AcademicPapers,AcademicPapers.scinet,PROTECTED,200,421,,DDoS-Guard
2026-10-07T06:56:01.112961+00:00,AcademicPapers,AcademicPapers.scinet,PROTECTED,200,392,,DDoS-Guard
2026-10-07T06:57:02.368891+00:00,AcademicPapers,AcademicPapers.scinet,PROTECTED,200,663,,DDoS-Guard
2026-10-07T06:58:02.011157+00:00,AcademicPapers,AcademicPapers.scinet,PROTECTED,200,173,,DDoS-Guard
2026-10-07T06:59:02.854918+00:00,AcademicPapers,AcademicPapers.scinet,PROTECTED,200,322,,DDoS-Guard
2026-10-07T07:00:04.952704+00:00,AcademicPapers,AcademicPapers.scinet,PROTECTED,200,838,,DDoS-Guard
2026-10-07T07:01:03.955904+00:00,AcademicPapers,AcademicPapers.scinet,PROTECTED,200,392,,DDoS-Guard
2026-10-07T07:02:04.867078+00:00,AcademicPapers,AcademicPapers.scinet,PROTECTED,200,317,,DDoS-Guard
2026-10-07T07:03:05.607891+00:00,AcademicPapers,AcademicPapers.scinet,PROTECTED,200,414,,DDoS-Guard
2026-10-07T07:04:06.300812+00:00,AcademicPapers,AcademicPapers.scinet,PROTECTED,200,757,,DDoS-Guard
2026-10-07T07:05:07.437437+00:00,AcademicPapers,AcademicPapers.scinet,PROTECTED,200,885,,DDoS-Guard
2026-10-07T07:06:07.168664+00:00,AcademicPapers,AcademicPapers.scinet,PROTECTED,200,390,,DDoS-Guard
2026-10-07T07:07:07.954084+00:00,AcademicPapers,AcademicPapers.scinet,PROTECTED,200,770,,DDoS-Guard
2026-10-07T07:08:08.721968+00:00,AcademicPapers,AcademicPapers.scinet,PROTECTED,200,319,,DDoS-Guard
2026-10-07T07:09:09.467650+00:00,AcademicPapers,AcademicPapers.scinet,PROTECTED,200,306,,DDoS-Guard
2026-10-07T07:10:10.431561+00:00,AcademicPapers,AcademicPapers.scinet,PROTECTED,200,323,,DDoS-Guard
2026-10-07T07:11:11.139625+00:00,AcademicPapers,AcademicPapers.scinet,PROTECTED,200,311,,DDoS-Guard
2026-10-07T07:12:11.543490+00:00,AcademicPapers,AcademicPapers.scinet,PROTECTED,200,472,,DDoS-Guard
2026-10-07T07:13:12.657633+00:00,AcademicPapers,AcademicPapers.scinet,PROTECTED,200,379,,DDoS-Guard
2026-10-07T07:14:13.598817+00:00,AcademicPapers,AcademicPapers.scinet,PROTECTED,200,712,,DDoS-Guard
2026-10-07T07:15:14.398796+00:00,AcademicPapers,AcademicPapers.scinet,PROTECTED,200,776,,DDoS-Guard
2026-10-07T07:16:14.810217+00:00,AcademicPapers,AcademicPapers.scinet,PROTECTED,200,297,,DDoS-Guard
2026-10-07T07:17:15.650802+00:00,AcademicPapers,AcademicPapers.scinet,PROTECTED,200,386,,DDoS-Guard
2026-10-07T07:18:16.458794+00:00,AcademicPapers,AcademicPapers.scinet,PROTECTED,200,367,,DDoS-Guard
2026-10-07T07:19:17.431820+00:00,AcademicPapers,AcademicPapers.scinet,PROTECTED,200,385,,DDoS-Guard
2026-10-07T07:20:18.092464+00:00,AcademicPapers,AcademicPapers.scinet,PROTECTED,200,375,,DDoS-Guard
2026-10-07T07:21:17.918721+00:00,AcademicPapers,AcademicPapers.scinet,PROTECTED,200,196,,DDoS-Guard
2026-10-07T07:22:19.206044+00:00,AcademicPapers,AcademicPapers.scinet,PROTECTED,200,384,,DDoS-Guard
2026-10-07T07:23:20.102217+00:00,AcademicPapers,AcademicPapers.scinet,PROTECTED,200,411,,DDoS-Guard
2026-10-07T07:24:21.204079+00:00,AcademicPapers,AcademicPapers.scinet,PROTECTED,200,686,,DDoS-Guard
2026-10-07T07:25:21.750915+00:00,AcademicPapers,AcademicPapers.scinet,PROTECTED,200,332,,DDoS-Guard
2026-10-07T07:26:22.259435+00:00,AcademicPapers,AcademicPapers.scinet,PROTECTED,200,719,,DDoS-Guard
2026-10-07T07:27:22.483562+00:00,AcademicPapers,AcademicPapers.scinet,PROTECTED,200,307,,DDoS-Guard
2026-10-07T07:28:23.599452+00:00,AcademicPapers,AcademicPapers.scinet,PROTECTED,200,697,,DDoS-Guard
2026-10-07T07:29:23.740642+00:00,AcademicPapers,AcademicPapers.scinet,PROTECTED,200,297,,DDoS-Guard
2026-10-07T07:30:25.253261+00:00,AcademicPapers,AcademicPapers.scinet,PROTECTED,200,800,,DDoS-Guard
2026-10-07T07:31:24.916349+00:00,AcademicPapers,AcademicPapers.scinet,PROTECTED,200,332,,DDoS-Guard
2026-10-07T07:32:26.119297+00:00,AcademicPapers,AcademicPapers.scinet,PROTECTED,200,697,,DDoS-Guard
2026-10-07T07:33:26.917258+00:00,AcademicPapers,AcademicPapers.scinet,PROTECTED,200,774,,DDoS-Guard
2026-10-07T07:34:27.196270+00:00,AcademicPapers,AcademicPapers.scinet,PROTECTED,200,317,,DDoS-Guard
2026-10-07T07:35:28.397245+00:00,AcademicPapers,AcademicPapers.scinet,PROTECTED,200,707,,DDoS-Guard
2026-10-07T07:36:28.746809+00:00,AcademicPapers,AcademicPapers.scinet,PROTECTED,200,384,,DDoS-Guard
2026-10-07T07:37:29.039819+00:00,AcademicPapers,AcademicPapers.scinet,PROTECTED,200,326,,DDoS-Guard
2026-10-07T07:38:29.909160+00:00,AcademicPapers,AcademicPapers.scinet,PROTECTED,200,354,,DDoS-Guard
2026-10-07T07:39:31.237809+00:00,AcademicPapers,AcademicPapers.scinet,PROTECTED,200,722,,DDoS-Guard
2026-10-07T07:40:31.646812+00:00,AcademicPapers,AcademicPapers.scinet,PROTECTED,200,316,,DDoS-Guard
2026-10-07T07:41:32.392222+00:00,AcademicPapers,AcademicPapers.scinet,PROTECTED,200,326,,DDoS-Guard
2026-10-07T07:42:33.427327+00:00,AcademicPapers,AcademicPapers.scinet,PROTECTED,200,399,,DDoS-Guard
2026-10-07T07:43:34.066888+00:00,AcademicPapers,AcademicPapers.scinet,PROTECTED,200,323,,DDoS-Guard
2026-10-07T07:44:35.041676+00:00,AcademicPapers,AcademicPapers.scinet,PROTECTED,200,307,,DDoS-Guard
2026-10-07T07:45:35.849786+00:00,AcademicPapers,AcademicPapers.scinet,PROTECTED,200,399,,DDoS-Guard
2026-10-07T07:46:36.136228+00:00,AcademicPapers,AcademicPapers.scinet,PROTECTED,200,405,,DDoS-Guard
2026-10-07T07:47:36.850841+00:00,AcademicPapers,AcademicPapers.scinet,PROTECTED,200,741,,DDoS-Guard
2026-10-07T07:48:37.218389+00:00,AcademicPapers,AcademicPapers.scinet,PROTECTED,200,415,,DDoS-Guard
2026-10-07T07:49:37.845275+00:00,AcademicPapers,AcademicPapers.scinet,PROTECTED,200,354,,DDoS-Guard
2026-10-07T07:50:38.738498+00:00,AcademicPapers,AcademicPapers.scinet,PROTECTED,200,301,,DDoS-Guard
2026-10-07T07:51:39.390203+00:00,AcademicPapers,AcademicPapers.scinet,PROTECTED,200,589,,DDoS-Guard
2026-10-07T07:52:40.662435+00:00,AcademicPapers,AcademicPapers.scinet,PROTECTED,200,367,,DDoS-Guard
2026-10-07T07:53:45.035886+00:00,AcademicPapers,AcademicPapers.scinet,PROTECTED,200,4386,,DDoS-Guard
2026-10-07T07:54:41.881661+00:00,AcademicPapers,AcademicPapers.scinet,PROTECTED,200,415,,DDoS-Guard
2026-10-07T07:55:42.771017+00:00,AcademicPapers,AcademicPapers.scinet,PROTECTED,200,401,,DDoS-Guard
2026-10-07T07:56:43.693261+00:00,AcademicPapers,AcademicPapers.scinet,PROTECTED,200,382,,DDoS-Guard
2026-10-07T07:57:44.235731+00:00,AcademicPapers,AcademicPapers.scinet,PROTECTED,200,317,,DDoS-Guard
2026-10-07T07:58:45.235847+00:00,AcademicPapers,AcademicPapers.scinet,PROTECTED,200,830,,DDoS-Guard
2026-10-07T07:59:45.592481+00:00,AcademicPapers,AcademicPapers.scinet,PROTECTED,200,380,,DDoS-Guard
2026-10-07T08:00:46.515697+00:00,AcademicPapers,AcademicPapers.scinet,PROTECTED,200,389,,DDoS-Guard
2026-10-07T08:01:47.294351+00:00,AcademicPapers,AcademicPapers.scinet,PROTECTED,200,382,,DDoS-Guard
2026-10-07T08:02:48.723742+00:00,AcademicPapers,AcademicPapers.scinet,PROTECTED,200,775,,DDoS-Guard
2026-10-07T08:03:48.859392+00:00,AcademicPapers,AcademicPapers.scinet,PROTECTED,200,392,,DDoS-Guard
2026-10-07T08:04:49.463153+00:00,AcademicPapers,AcademicPapers.scinet,PROTECTED,200,326,,DDoS-Guard
2026-10-07T08:05:50.329137+00:00,AcademicPapers,AcademicPapers.scinet,PROTECTED,200,384,,DDoS-Guard
2026-10-07T08:06:51.238101+00:00,AcademicPapers,AcademicPapers.scinet,PROTECTED,200,549,,DDoS-Guard
2026-10-07T08:07:52.218529+00:00,AcademicPapers,AcademicPapers.scinet,PROTECTED,200,779,,DDoS-Guard
2026-10-07T08:08:53.029705+00:00,AcademicPapers,AcademicPapers.scinet,PROTECTED,200,790,,DDoS-Guard
2026-10-07T08:09:53.156823+00:00,AcademicPapers,AcademicPapers.scinet,PROTECTED,200,347,,DDoS-Guard
2026-10-07T08:10:53.947167+00:00,AcademicPapers,AcademicPapers.scinet,PROTECTED,200,380,,DDoS-Guard
2026-10-07T08:11:55.241715+00:00,AcademicPapers,AcademicPapers.scinet,PROTECTED,200,732,,DDoS-Guard
2026-10-07T08:12:56.068661+00:00,AcademicPapers,AcademicPapers.scinet,PROTECTED,200,830,,DDoS-Guard
2026-10-07T08:13:56.507823+00:00,AcademicPapers,AcademicPapers.scinet,PROTECTED,200,478,,DDoS-Guard
2026-10-07T08:14:57.084790+00:00,AcademicPapers,AcademicPapers.scinet,PROTECTED,200,388,,DDoS-Guard
2026-10-07T08:15:57.825032+00:00,AcademicPapers,AcademicPapers.scinet,PROTECTED,200,343,,DDoS-Guard
2026-10-07T08:16:58.544017+00:00,AcademicPapers,AcademicPapers.scinet,PROTECTED,200,302,,DDoS-Guard
2026-10-07T08:18:00.255059+00:00,AcademicPapers,AcademicPapers.scinet,PROTECTED,200,1143,,DDoS-Guard
2026-10-07T08:19:00.853915+00:00,AcademicPapers,AcademicPapers.scinet,PROTECTED,200,785,,DDoS-Guard
2026-10-07T08:20:01.451493+00:00,AcademicPapers,AcademicPapers.scinet,PROTECTED,200,460,,DDoS-Guard
2026-10-07T08:21:02.351195+00:00,AcademicPapers,AcademicPapers.scinet,PROTECTED,200,779,,DDoS-Guard
2026-10-07T08:22:02.646179+00:00,AcademicPapers,AcademicPapers.scinet,PROTECTED,200,386,,DDoS-Guard
2026-10-07T08:23:03.374727+00:00,AcademicPapers,AcademicPapers.scinet,PROTECTED,200,398,,DDoS-Guard
2026-10-07T08:24:04.077251+00:00,AcademicPapers,AcademicPapers.scinet,PROTECTED,200,390,,DDoS-Guard
