# version: 2
# schema: timestamp,site_id,domain_id,domain_status,http_status,latency_ms,failure_type,protection_type
timestamp,site_id,domain_id,domain_status,http_status,latency_ms,failure_type,protection_type
2026-09-30T01:23:56.126000+00:00,AcademicPapers,AcademicPapers.st,PROTECTED,403,417,,DDoS-Guard
2026-09-30T01:24:56.193128+00:00,AcademicPapers,AcademicPapers.st,PROTECTED,403,378,,DDoS-Guard
2026-09-30T01:25:56.729131+00:00,AcademicPapers,AcademicPapers.st,PROTECTED,403,507,,DDoS-Guard
2026-09-30T01:26:57.340789+00:00,AcademicPapers,AcademicPapers.st,PROTECTED,403,426,,DDoS-Guard
2026-09-30T01:27:57.604265+00:00,AcademicPapers,AcademicPapers.st,PROTECTED,403,333,,DDoS-Guard
2026-09-30T01:28:57.855895+00:00,AcademicPapers,AcademicPapers.st,PROTECTED,403,395,,DDoS-Guard
2026-09-30T01:29:58.408488+00:00,AcademicPapers,AcademicPapers.st,PROTECTED,403,350,,DDoS-Guard
2026-09-30T01:30:59.044083+00:00,AcademicPapers,AcademicPapers.st,PROTECTED,403,419,,DDoS-Guard
2026-09-30T01:31:59.583949+00:00,AcademicPapers,AcademicPapers.st,PROTECTED,403,424,,DDoS-Guard
2026-09-30T01:33:00.284336+00:00,AcademicPapers,AcademicPapers.st,PROTECTED,403,454,,DDoS-Guard
2026-09-30T01:34:00.927107+00:00,AcademicPapers,AcademicPapers.st,PROTECTED,403,700,,DDoS-Guard
2026-09-30T01:35:01.332084+00:00,AcademicPapers,AcademicPapers.st,PROTECTED,403,703,,DDoS-Guard
2026-09-30T01:36:01.326894+00:00,AcademicPapers,AcademicPapers.st,PROTECTED,403,448,,DDoS-Guard
2026-09-30T01:37:02.136099+00:00,AcademicPapers,AcademicPapers.st,PROTECTED,403,579,,DDoS-Guard
2026-09-30T01:38:02.427827+00:00,AcademicPapers,AcademicPapers.st,PROTECTED,403,452,,DDoS-Guard
2026-09-30T01:39:02.703525+00:00,AcademicPapers,AcademicPapers.st,PROTECTED,403,589,,DDoS-Guard
2026-09-30T01:40:03.066027+00:00,AcademicPapers,AcademicPapers.st,PROTECTED,403,733,,DDoS-Guard
2026-09-30T01:41:02.895262+00:00,AcademicPapers,AcademicPapers.st,PROTECTED,403,427,,DDoS-Guard
2026-09-30T01:42:03.019208+00:00,AcademicPapers,AcademicPapers.st,PROTECTED,403,401,,DDoS-Guard
2026-09-30T01:43:03.554656+00:00,AcademicPapers,AcademicPapers.st,PROTECTED,403,390,,DDoS-Guard
2026-09-30T01:44:03.869656+00:00,AcademicPapers,AcademicPapers.st,PROTECTED,403,439,,DDoS-Guard
2026-09-30T01:45:04.020122+00:00,AcademicPapers,AcademicPapers.st,PROTECTED,403,456,,DDoS-Guard
2026-09-30T01:46:04.251131+00:00,AcademicPapers,AcademicPapers.st,PROTECTED,403,496,,DDoS-Guard
2026-09-30T01:47:04.240799+00:00,AcademicPapers,AcademicPapers.st,PROTECTED,403,374,,DDoS-Guard
2026-09-30T01:48:04.521611+00:00,AcademicPapers,AcademicPapers.st,PROTECTED,403,326,,DDoS-Guard
2026-09-30T01:49:05.389507+00:00,AcademicPapers,AcademicPapers.st,PROTECTED,403,485,,DDoS-Guard
2026-09-30T01:50:05.922493+00:00,AcademicPapers,AcademicPapers.st,PROTECTED,403,542,,DDoS-Guard
2026-09-30T01:51:06.127678+00:00,AcademicPapers,AcademicPapers.st,PROTECTED,403,480,,DDoS-Guard
2026-09-30T01:52:06.163854+00:00,AcademicPapers,AcademicPapers.st,PROTECTED,403,369,,DDoS-Guard
2026-09-30T01:53:06.988483+00:00,AcademicPapers,AcademicPapers.st,PROTECTED,403,504,,DDoS-Guard
2026-09-30T01:54:06.880638+00:00,AcademicPapers,AcademicPapers.st,PROTECTED,403,66,,DDoS-Guard
2026-09-30T01:55:07.547874+00:00,AcademicPapers,AcademicPapers.st,PROTECTED,403,413,,DDoS-Guard
2026-09-30T01:56:08.070029+00:00,AcademicPapers,AcademicPapers.st,PROTECTED,403,304,,DDoS-Guard
2026-09-30T01:57:08.052549+00:00,AcademicPapers,AcademicPapers.st,PROTECTED,403,73,,DDoS-Guard
2026-09-30T01:58:08.600833+00:00,AcademicPapers,AcademicPapers.st,PROTECTED,403,454,,DDoS-Guard
2026-09-30T01:59:09.065693+00:00,AcademicPapers,AcademicPapers.st,PROTECTED,403,331,,DDoS-Guard
2026-09-30T02:00:09.019629+00:00,AcademicPapers,AcademicPapers.st,PROTECTED,403,77,,DDoS-Guard
2026-09-30T02:01:09.648168+00:00,AcademicPapers,AcademicPapers.st,PROTECTED,403,337,,DDoS-Guard
2026-09-30T02:02:10.415618+00:00,AcademicPapers,AcademicPapers.st,PROTECTED,403,461,,DDoS-Guard
2026-09-30T02:03:10.179792+00:00,AcademicPapers,AcademicPapers.st,PROTECTED,403,67,,DDoS-Guard
2026-09-30T02:04:10.861141+00:00,AcademicPapers,AcademicPapers.st,PROTECTED,403,474,,DDoS-Guard
2026-09-30T02:05:11.106130+00:00,AcademicPapers,AcademicPapers.st,PROTECTED,403,439,,DDoS-Guard
2026-09-30T02:06:11.801636+00:00,AcademicPapers,AcademicPapers.st,PROTECTED,403,445,,DDoS-Guard
2026-09-30T02:07:12.405952+00:00,AcademicPapers,AcademicPapers.st,PROTECTED,403,411,,DDoS-Guard
2026-09-30T02:08:12.946907+00:00,AcademicPapers,AcademicPapers.st,PROTECTED,403,366,,DDoS-Guard
2026-09-30T02:09:13.076836+00:00,AcademicPapers,AcademicPapers.st,PROTECTED,403,288,,DDoS-Guard
2026-09-30T02:10:13.801911+00:00,AcademicPapers,AcademicPapers.st,PROTECTED,403,422,,DDoS-Guard
2026-09-30T02:11:14.151581+00:00,AcademicPapers,AcademicPapers.st,PROTECTED,403,460,,DDoS-Guard
2026-09-30T02:12:14.230566+00:00,AcademicPapers,AcademicPapers.st,PROTECTED,403,398,,DDoS-Guard
2026-09-30T02:13:14.754686+00:00,AcademicPapers,AcademicPapers.st,PROTECTED,403,319,,DDoS-Guard
2026-09-30T02:14:15.064728+00:00,AcademicPapers,AcademicPapers.st,PROTECTED,403,395,,DDoS-Guard
2026-09-30T02:15:15.356092+00:00,AcademicPapers,AcademicPapers.st,PROTECTED,403,520,,DDoS-Guard
2026-09-30T02:16:15.547118+00:00,AcademicPapers,AcademicPapers.st,PROTECTED,403,452,,DDoS-Guard
2026-09-30T02:17:16.493525+00:00,AcademicPapers,AcademicPapers.st,PROTECTED,403,801,,DDoS-Guard
2026-09-30T02:18:16.699204+00:00,AcademicPapers,AcademicPapers.st,PROTECTED,403,508,,DDoS-Guard
2026-09-30T02:19:16.866755+00:00,AcademicPapers,AcademicPapers.st,PROTECTED,403,365,,DDoS-Guard
2026-09-30T02:20:17.580049+00:00,AcademicPapers,AcademicPapers.st,PROTECTED,403,454,,DDoS-Guard
2026-09-30T02:21:17.921512+00:00,AcademicPapers,AcademicPapers.st,PROTECTED,403,381,,DDoS-Guard
2026-09-30T02:22:18.060008+00:00,AcademicPapers,AcademicPapers.st,PROTECTED,403,377,,DDoS-Guard
2026-09-30T02:23:18.158228+00:00,AcademicPapers,AcademicPapers.st,PROTECTED,403,330,,DDoS-Guard
2026-09-30T02:24:18.441787+00:00,AcademicPapers,AcademicPapers.st,PROTECTED,403,274,,DDoS-Guard
2026-09-30T02:25:19.273180+00:00,AcademicPapers,AcademicPapers.st,PROTECTED,403,477,,DDoS-Guard
2026-09-30T02:26:19.534754+00:00,AcademicPapers,AcademicPapers.st,PROTECTED,403,429,,DDoS-Guard
2026-09-30T02:27:19.425067+00:00,AcademicPapers,AcademicPapers.st,PROTECTED,403,92,,DDoS-Guard
2026-09-30T02:28:20.451703+00:00,AcademicPapers,AcademicPapers.st,PROTECTED,403,476,,DDoS-Guard
2026-09-30T02:29:20.784164+00:00,AcademicPapers,AcademicPapers.st,PROTECTED,403,409,,DDoS-Guard
2026-09-30T02:30:21.102226+00:00,AcademicPapers,AcademicPapers.st,PROTECTED,403,518,,DDoS-Guard
2026-09-30T02:31:21.389187+00:00,AcademicPapers,AcademicPapers.st,PROTECTED,403,467,,DDoS-Guard
2026-09-30T02:32:21.653927+00:00,AcademicPapers,AcademicPapers.st,PROTECTED,403,436,,DDoS-Guard
2026-09-30T02:33:22.180557+00:00,AcademicPapers,AcademicPapers.st,PROTECTED,403,465,,DDoS-Guard
2026-09-30T02:34:23.078717+00:00,AcademicPapers,AcademicPapers.st,PROTECTED,403,620,,DDoS-Guard
2026-09-30T02:35:23.820168+00:00,AcademicPapers,AcademicPapers.st,PROTECTED,403,535,,DDoS-Guard
2026-09-30T02:36:23.639792+00:00,AcademicPapers,AcademicPapers.st,PROTECTED,403,71,,DDoS-Guard
2026-09-30T02:37:24.669801+00:00,AcademicPapers,AcademicPapers.st,PROTECTED,403,544,,DDoS-Guard
2026-09-30T02:38:25.126461+00:00,AcademicPapers,AcademicPapers.st,PROTECTED,403,464,,DDoS-Guard
2026-09-30T02:39:25.052617+00:00,AcademicPapers,AcademicPapers.st,PROTECTED,403,83,,DDoS-Guard
2026-09-30T02:40:25.536582+00:00,AcademicPapers,AcademicPapers.st,PROTECTED,403,402,,DDoS-Guard
2026-09-30T02:41:26.125999+00:00,AcademicPapers,AcademicPapers.st,PROTECTED,403,336,,DDoS-Guard
2026-09-30T02:42:26.391764+00:00,AcademicPapers,AcademicPapers.st,PROTECTED,403,389,,DDoS-Guard
2026-09-30T02:43:26.711096+00:00,AcademicPapers,AcademicPapers.st,PROTECTED,403,496,,DDoS-Guard
2026-09-30T02:44:27.038382+00:00,AcademicPapers,AcademicPapers.st,PROTECTED,403,459,,DDoS-Guard
2026-09-30T02:45:27.679056+00:00,AcademicPapers,AcademicPapers.st,PROTECTED,403,494,,DDoS-Guard
2026-09-30T02:46:28.242885+00:00,AcademicPapers,AcademicPapers.st,PROTECTED,403,382,,DDoS-Guard
2026-09-30T02:47:28.705898+00:00,AcademicPapers,AcademicPapers.st,PROTECTED,403,375,,DDoS-Guard
2026-09-30T02:48:28.988399+00:00,AcademicPapers,AcademicPapers.st,PROTECTED,403,313,,DDoS-Guard
2026-09-30T02:49:29.633416+00:00,AcademicPapers,AcademicPapers.st,PROTECTED,403,384,,DDoS-Guard
2026-09-30T02:50:29.797014+00:00,AcademicPapers,AcademicPapers.st,PROTECTED,403,487,,DDoS-Guard
2026-09-30T02:51:30.472663+00:00,AcademicPapers,AcademicPapers.st,PROTECTED,403,577,,DDoS-Guard
2026-09-30T02:52:30.451533+00:00,AcademicPapers,AcademicPapers.st,PROTECTED,403,80,,DDoS-Guard
2026-09-30T02:53:30.904253+00:00,AcademicPapers,AcademicPapers.st,PROTECTED,403,406,,DDoS-Guard
2026-09-30T02:54:31.180967+00:00,AcademicPapers,AcademicPapers.st,PROTECTED,403,495,,DDoS-Guard
2026-09-30T02:55:31.695588+00:00,AcademicPapers,AcademicPapers.st,PROTECTED,403,416,,DDoS-Guard
2026-09-30T02:56:31.997028+00:00,AcademicPapers,AcademicPapers.st,PROTECTED,403,348,,DDoS-Guard
2026-09-30T02:57:32.005917+00:00,AcademicPapers,AcademicPapers.st,PROTECTED,403,73,,DDoS-Guard
2026-09-30T02:58:32.497809+00:00,AcademicPapers,AcademicPapers.st,PROTECTED,403,274,,DDoS-Guard
2026-09-30T02:59:33.303081+00:00,AcademicPapers,AcademicPapers.st,PROTECTED,403,434,,DDoS-Guard
2026-09-30T03:00:34.095213+00:00,AcademicPapers,AcademicPapers.st,PROTECTED,403,427,,DDoS-Guard
2026-09-30T03:01:34.327148+00:00,AcademicPapers,AcademicPapers.st,PROTECTED,403,420,,DDoS-Guard
2026-09-30T03:02:35.148911+00:00,AcademicPapers,AcademicPapers.st,PROTECTED,403,512,,DDoS-Guard
2026-09-30T03:03:35.369874+00:00,AcademicPapers,AcademicPapers.st,PROTECTED,403,360,,DDoS-Guard
2026-09-30T03:04:35.506175+00:00,AcademicPapers,AcademicPapers.st,PROTECTED,403,328,,DDoS-Guard
2026-09-30T03:05:36.065006+00:00,AcademicPapers,AcademicPapers.st,PROTECTED,403,392,,DDoS-Guard
2026-09-30T03:06:36.749074+00:00,AcademicPapers,AcademicPapers.st,PROTECTED,403,397,,DDoS-Guard
2026-09-30T03:07:36.938813+00:00,AcademicPapers,AcademicPapers.st,PROTECTED,403,259,,DDoS-Guard
2026-09-30T03:08:37.786188+00:00,AcademicPapers,AcademicPapers.st,PROTECTED,403,463,,DDoS-Guard
2026-09-30T03:09:37.773105+00:00,AcademicPapers,AcademicPapers.st,PROTECTED,403,56,,DDoS-Guard
2026-09-30T03:10:38.760994+00:00,AcademicPapers,AcademicPapers.st,PROTECTED,403,486,,DDoS-Guard
2026-09-30T03:11:38.993728+00:00,AcademicPapers,AcademicPapers.st,PROTECTED,403,374,,DDoS-Guard
2026-09-30T03:12:39.520886+00:00,AcademicPapers,AcademicPapers.st,PROTECTED,403,329,,DDoS-Guard
2026-09-30T03:13:40.064971+00:00,AcademicPapers,AcademicPapers.st,PROTECTED,403,363,,DDoS-Guard
2026-09-30T03:14:40.246127+00:00,AcademicPapers,AcademicPapers.st,PROTECTED,403,357,,DDoS-Guard
2026-09-30T03:15:40.881367+00:00,AcademicPapers,AcademicPapers.st,PROTECTED,403,411,,DDoS-Guard
2026-09-30T03:16:41.142203+00:00,AcademicPapers,AcademicPapers.st,PROTECTED,403,383,,DDoS-Guard
2026-09-30T03:17:41.637161+00:00,AcademicPapers,AcademicPapers.st,PROTECTED,403,442,,DDoS-Guard
2026-09-30T03:18:41.916161+00:00,AcademicPapers,AcademicPapers.st,PROTECTED,403,452,,DDoS-Guard
2026-09-30T03:19:42.570905+00:00,AcademicPapers,AcademicPapers.st,PROTECTED,403,479,,DDoS-Guard
2026-09-30T03:20:43.319076+00:00,AcademicPapers,AcademicPapers.st,PROTECTED,403,620,,DDoS-Guard
2026-09-30T03:21:43.509673+00:00,AcademicPapers,AcademicPapers.st,PROTECTED,403,393,,DDoS-Guard
2026-09-30T03:22:44.310587+00:00,AcademicPapers,AcademicPapers.st,PROTECTED,403,530,,DDoS-Guard
2026-09-30T03:23:44.615796+00:00,AcademicPapers,AcademicPapers.st,PROTECTED,403,416,,DDoS-Guard
2026-09-30T03:24:44.957752+00:00,AcademicPapers,AcademicPapers.st,PROTECTED,403,381,,DDoS-Guard
2026-09-30T03:25:45.714697+00:00,AcademicPapers,AcademicPapers.st,PROTECTED,403,464,,DDoS-Guard
2026-09-30T03:26:46.008382+00:00,AcademicPapers,AcademicPapers.st,PROTECTED,403,329,,DDoS-Guard
2026-09-30T03:27:46.221097+00:00,AcademicPapers,AcademicPapers.st,PROTECTED,403,392,,DDoS-Guard
2026-09-30T03:28:46.466082+00:00,AcademicPapers,AcademicPapers.st,PROTECTED,403,344,,DDoS-Guard
2026-09-30T03:29:47.160952+00:00,AcademicPapers,AcademicPapers.st,PROTECTED,403,448,,DDoS-Guard
2026-09-30T03:30:47.463015+00:00,AcademicPapers,AcademicPapers.st,PROTECTED,403,357,,DDoS-Guard
2026-09-30T03:31:47.856737+00:00,AcademicPapers,AcademicPapers.st,PROTECTED,403,469,,DDoS-Guard
2026-09-30T03:32:48.514018+00:00,AcademicPapers,AcademicPapers.st,PROTECTED,403,484,,DDoS-Guard
2026-09-30T03:33:48.907005+00:00,AcademicPapers,AcademicPapers.st,PROTECTED,403,452,,DDoS-Guard
2026-09-30T03:34:49.014615+00:00,AcademicPapers,AcademicPapers.st,PROTECTED,403,371,,DDoS-Guard
2026-09-30T03:35:49.265981+00:00,AcademicPapers,AcademicPapers.st,PROTECTED,403,458,,DDoS-Guard
2026-09-30T03:36:49.340217+00:00,AcademicPapers,AcademicPapers.st,PROTECTED,403,352,,DDoS-Guard
2026-09-30T03:37:49.958766+00:00,AcademicPapers,AcademicPapers.st,PROTECTED,403,400,,DDoS-Guard
2026-09-30T03:38:50.341672+00:00,AcademicPapers,AcademicPapers.st,PROTECTED,403,506,,DDoS-Guard
2026-09-30T03:39:50.462575+00:00,AcademicPapers,AcademicPapers.st,PROTECTED,403,449,,DDoS-Guard
2026-09-30T03:40:50.940612+00:00,AcademicPapers,AcademicPapers.st,PROTECTED,403,355,,DDoS-Guard
2026-09-30T03:41:51.617888+00:00,AcademicPapers,AcademicPapers.st,PROTECTED,403,412,,DDoS-Guard
2026-09-30T03:42:51.964943+00:00,AcademicPapers,AcademicPapers.st,PROTECTED,403,428,,DDoS-Guard
2026-09-30T03:43:52.150622+00:00,AcademicPapers,AcademicPapers.st,PROTECTED,403,422,,DDoS-Guard
2026-09-30T03:44:52.641621+00:00,AcademicPapers,AcademicPapers.st,PROTECTED,403,617,,DDoS-Guard
2026-09-30T03:45:52.600624+00:00,AcademicPapers,AcademicPapers.st,PROTECTED,403,367,,DDoS-Guard
2026-09-30T03:46:52.799866+00:00,AcademicPapers,AcademicPapers.st,PROTECTED,403,349,,DDoS-Guard
2026-09-30T03:47:53.294703+00:00,AcademicPapers,AcademicPapers.st,PROTECTED,403,533,,DDoS-Guard
2026-09-30T03:48:53.987658+00:00,AcademicPapers,AcademicPapers.st,PROTECTED,403,460,,DDoS-Guard
2026-09-30T03:49:54.330670+00:00,AcademicPapers,AcademicPapers.st,PROTECTED,403,396,,DDoS-Guard
2026-09-30T03:50:54.500690+00:00,AcademicPapers,AcademicPapers.st,PROTECTED,403,404,,DDoS-Guard
2026-09-30T03:51:54.748015+00:00,AcademicPapers,AcademicPapers.st,PROTECTED,403,435,,DDoS-Guard
2026-09-30T03:52:54.593724+00:00,AcademicPapers,AcademicPapers.st,PROTECTED,403,82,,DDoS-Guard
2026-09-30T03:53:55.446810+00:00,AcademicPapers,AcademicPapers.st,PROTECTED,403,341,,DDoS-Guard
2026-09-30T03:54:55.725731+00:00,AcademicPapers,AcademicPapers.st,PROTECTED,403,376,,DDoS-Guard
2026-09-30T03:55:55.956819+00:00,AcademicPapers,AcademicPapers.st,PROTECTED,403,353,,DDoS-Guard
2026-09-30T03:56:56.617040+00:00,AcademicPapers,AcademicPapers.st,PROTECTED,403,373,,DDoS-Guard
2026-09-30T03:57:57.086683+00:00,AcademicPapers,AcademicPapers.st,PROTECTED,403,464,,DDoS-Guard
2026-09-30T03:58:57.580815+00:00,AcademicPapers,AcademicPapers.st,PROTECTED,403,314,,DDoS-Guard
2026-09-30T03:59:57.987854+00:00,AcademicPapers,AcademicPapers.st,PROTECTED,403,450,,DDoS-Guard
2026-09-30T04:00:58.495743+00:00,AcademicPapers,AcademicPapers.st,PROTECTED,403,521,,DDoS-Guard
2026-09-30T04:01:59.294746+00:00,AcademicPapers,AcademicPapers.st,PROTECTED,403,440,,DDoS-Guard
2026-09-30T04:02:59.882097+00:00,AcademicPapers,AcademicPapers.st,PROTECTED,403,352,,DDoS-Guard
2026-09-30T04:04:00.504089+00:00,AcademicPapers,AcademicPapers.st,PROTECTED,403,579,,DDoS-Guard
2026-09-30T04:05:00.781109+00:00,AcademicPapers,AcademicPapers.st,PROTECTED,403,532,,DDoS-Guard
2026-09-30T04:06:01.492906+00:00,AcademicPapers,AcademicPapers.st,PROTECTED,403,522,,DDoS-Guard
2026-09-30T04:07:02.289693+00:00,AcademicPapers,AcademicPapers.st,PROTECTED,403,514,,DDoS-Guard
2026-09-30T04:08:02.128613+00:00,AcademicPapers,AcademicPapers.st,PROTECTED,403,97,,DDoS-Guard
2026-09-30T04:09:02.803230+00:00,AcademicPapers,AcademicPapers.st,PROTECTED,403,489,,DDoS-Guard
2026-09-30T04:10:03.566333+00:00,AcademicPapers,AcademicPapers.st,PROTECTED,403,547,,DDoS-Guard
2026-09-30T04:11:04.426516+00:00,AcademicPapers,AcademicPapers.st,PROTECTED,403,483,,DDoS-Guard
2026-09-30T04:12:04.545981+00:00,AcademicPapers,AcademicPapers.st,PROTECTED,403,392,,DDoS-Guard
2026-09-30T04:13:05.272854+00:00,AcademicPapers,AcademicPapers.st,PROTECTED,403,506,,DDoS-Guard
2026-09-30T04:14:25.419081+00:00,AcademicPapers,AcademicPapers.st,TIMEOUT,,,timeout,
2026-09-30T04:15:25.688382+00:00,AcademicPapers,AcademicPapers.st,TIMEOUT,,,timeout,
2026-09-30T04:16:29.596582+00:00,AcademicPapers,AcademicPapers.st,PROTECTED,403,23665,,DDoS-Guard
2026-09-30T04:17:06.508228+00:00,AcademicPapers,AcademicPapers.st,PROTECTED,403,286,,DDoS-Guard
2026-09-30T04:18:06.854963+00:00,AcademicPapers,AcademicPapers.st,PROTECTED,403,359,,DDoS-Guard
2026-09-30T04:19:07.550742+00:00,AcademicPapers,AcademicPapers.st,PROTECTED,403,437,,DDoS-Guard
2026-09-30T04:20:07.819722+00:00,AcademicPapers,AcademicPapers.st,PROTECTED,403,422,,DDoS-Guard
2026-09-30T04:21:08.600602+00:00,AcademicPapers,AcademicPapers.st,PROTECTED,403,444,,DDoS-Guard
2026-09-30T04:22:08.700831+00:00,AcademicPapers,AcademicPapers.st,PROTECTED,403,370,,DDoS-Guard
2026-09-30T04:23:08.607719+00:00,AcademicPapers,AcademicPapers.st,PROTECTED,403,55,,DDoS-Guard
2026-09-30T04:24:09.121788+00:00,AcademicPapers,AcademicPapers.st,PROTECTED,403,404,,DDoS-Guard
2026-09-30T04:25:09.332622+00:00,AcademicPapers,AcademicPapers.st,PROTECTED,403,361,,DDoS-Guard
2026-09-30T04:26:09.580933+00:00,AcademicPapers,AcademicPapers.st,PROTECTED,403,343,,DDoS-Guard
2026-09-30T04:27:10.317483+00:00,AcademicPapers,AcademicPapers.st,PROTECTED,403,474,,DDoS-Guard
2026-09-30T04:28:10.605528+00:00,AcademicPapers,AcademicPapers.st,PROTECTED,403,438,,DDoS-Guard
2026-09-30T04:29:10.752215+00:00,AcademicPapers,AcademicPapers.st,PROTECTED,403,331,,DDoS-Guard
2026-09-30T04:30:11.592860+00:00,AcademicPapers,AcademicPapers.st,PROTECTED,403,547,,DDoS-Guard
2026-09-30T04:31:12.232182+00:00,AcademicPapers,AcademicPapers.st,PROTECTED,403,463,,DDoS-Guard
2026-09-30T04:32:12.175673+00:00,AcademicPapers,AcademicPapers.st,PROTECTED,403,69,,DDoS-Guard
2026-09-30T04:33:12.737160+00:00,AcademicPapers,AcademicPapers.st,PROTECTED,403,370,,DDoS-Guard
2026-09-30T04:34:13.265861+00:00,AcademicPapers,AcademicPapers.st,PROTECTED,403,359,,DDoS-Guard
2026-09-30T04:35:13.757557+00:00,AcademicPapers,AcademicPapers.st,PROTECTED,403,490,,DDoS-Guard
2026-09-30T04:36:13.932848+00:00,AcademicPapers,AcademicPapers.st,PROTECTED,403,359,,DDoS-Guard
2026-09-30T04:37:14.226625+00:00,AcademicPapers,AcademicPapers.st,PROTECTED,403,386,,DDoS-Guard
2026-09-30T04:38:14.817462+00:00,AcademicPapers,AcademicPapers.st,PROTECTED,403,405,,DDoS-Guard
2026-09-30T04:39:15.061868+00:00,AcademicPapers,AcademicPapers.st,PROTECTED,403,441,,DDoS-Guard
2026-09-30T04:40:15.653996+00:00,AcademicPapers,AcademicPapers.st,PROTECTED,403,860,,DDoS-Guard
2026-09-30T04:41:15.465927+00:00,AcademicPapers,AcademicPapers.st,PROTECTED,403,352,,DDoS-Guard
2026-09-30T04:42:16.060657+00:00,AcademicPapers,AcademicPapers.st,PROTECTED,403,340,,DDoS-Guard
2026-09-30T04:43:16.293528+00:00,AcademicPapers,AcademicPapers.st,PROTECTED,403,338,,DDoS-Guard
2026-09-30T04:44:16.522994+00:00,AcademicPapers,AcademicPapers.st,PROTECTED,403,393,,DDoS-Guard
2026-09-30T04:45:16.947845+00:00,AcademicPapers,AcademicPapers.st,PROTECTED,403,554,,DDoS-Guard
2026-09-30T04:46:17.374081+00:00,AcademicPapers,AcademicPapers.st,PROTECTED,403,377,,DDoS-Guard
2026-09-30T04:47:17.723554+00:00,AcademicPapers,AcademicPapers.st,PROTECTED,403,396,,DDoS-Guard
2026-09-30T04:48:17.881702+00:00,AcademicPapers,AcademicPapers.st,PROTECTED,403,342,,DDoS-Guard
2026-09-30T04:49:18.178588+00:00,AcademicPapers,AcademicPapers.st,PROTECTED,403,465,,DDoS-Guard
2026-09-30T04:50:18.671952+00:00,AcademicPapers,AcademicPapers.st,PROTECTED,403,397,,DDoS-Guard
2026-09-30T04:51:18.972599+00:00,AcademicPapers,AcademicPapers.st,PROTECTED,403,460,,DDoS-Guard
2026-09-30T04:52:19.123100+00:00,AcademicPapers,AcademicPapers.st,PROTECTED,403,402,,DDoS-Guard
2026-09-30T04:53:18.977899+00:00,AcademicPapers,AcademicPapers.st,PROTECTED,403,64,,DDoS-Guard
2026-09-30T04:54:19.626855+00:00,AcademicPapers,AcademicPapers.st,PROTECTED,403,544,,DDoS-Guard
2026-09-30T04:55:20.073110+00:00,AcademicPapers,AcademicPapers.st,PROTECTED,403,361,,DDoS-Guard
2026-09-30T04:56:20.548212+00:00,AcademicPapers,AcademicPapers.st,PROTECTED,403,500,,DDoS-Guard
2026-09-30T04:57:20.660520+00:00,AcademicPapers,AcademicPapers.st,PROTECTED,403,434,,DDoS-Guard
2026-09-30T04:58:20.817831+00:00,AcademicPapers,AcademicPapers.st,PROTECTED,403,417,,DDoS-Guard
2026-09-30T04:59:21.590713+00:00,AcademicPapers,AcademicPapers.st,PROTECTED,403,522,,DDoS-Guard
2026-09-30T05:00:21.886248+00:00,AcademicPapers,AcademicPapers.st,PROTECTED,403,372,,DDoS-Guard
2026-09-30T05:01:22.542132+00:00,AcademicPapers,AcademicPapers.st,PROTECTED,403,471,,DDoS-Guard
2026-09-30T05:02:22.739154+00:00,AcademicPapers,AcademicPapers.st,PROTECTED,403,353,,DDoS-Guard
2026-09-30T05:03:23.421201+00:00,AcademicPapers,AcademicPapers.st,PROTECTED,403,429,,DDoS-Guard
2026-09-30T05:04:23.808863+00:00,AcademicPapers,AcademicPapers.st,PROTECTED,403,350,,DDoS-Guard
2026-09-30T05:05:24.012204+00:00,AcademicPapers,AcademicPapers.st,PROTECTED,403,404,,DDoS-Guard
2026-09-30T05:06:24.170143+00:00,AcademicPapers,AcademicPapers.st,PROTECTED,403,363,,DDoS-Guard
2026-09-30T05:07:25.050773+00:00,AcademicPapers,AcademicPapers.st,PROTECTED,403,559,,DDoS-Guard
2026-09-30T05:08:25.352611+00:00,AcademicPapers,AcademicPapers.st,PROTECTED,403,373,,DDoS-Guard
2026-09-30T05:09:25.552087+00:00,AcademicPapers,AcademicPapers.st,PROTECTED,403,357,,DDoS-Guard
2026-09-30T05:10:25.996946+00:00,AcademicPapers,AcademicPapers.st,PROTECTED,403,335,,DDoS-Guard
2026-09-30T05:11:26.605595+00:00,AcademicPapers,AcademicPapers.st,PROTECTED,403,346,,DDoS-Guard
2026-09-30T05:12:26.890176+00:00,AcademicPapers,AcademicPapers.st,PROTECTED,403,350,,DDoS-Guard
2026-09-30T05:13:27.096494+00:00,AcademicPapers,AcademicPapers.st,PROTECTED,403,355,,DDoS-Guard
2026-09-30T05:14:27.588591+00:00,AcademicPapers,AcademicPapers.st,PROTECTED,403,489,,DDoS-Guard
2026-09-30T05:15:28.099956+00:00,AcademicPapers,AcademicPapers.st,PROTECTED,403,302,,DDoS-Guard
2026-09-30T05:16:28.644353+00:00,AcademicPapers,AcademicPapers.st,PROTECTED,403,405,,DDoS-Guard
2026-09-30T05:17:29.183887+00:00,AcademicPapers,AcademicPapers.st,PROTECTED,403,448,,DDoS-Guard
2026-09-30T05:18:29.454967+00:00,AcademicPapers,AcademicPapers.st,PROTECTED,403,412,,DDoS-Guard
2026-09-30T05:19:30.027774+00:00,AcademicPapers,AcademicPapers.st,PROTECTED,403,359,,DDoS-Guard
2026-09-30T05:20:30.917923+00:00,AcademicPapers,AcademicPapers.st,PROTECTED,403,728,,DDoS-Guard
2026-09-30T05:21:31.243118+00:00,AcademicPapers,AcademicPapers.st,PROTECTED,403,405,,DDoS-Guard
2026-09-30T05:22:31.460160+00:00,AcademicPapers,AcademicPapers.st,PROTECTED,403,367,,DDoS-Guard
2026-09-30T05:23:31.862973+00:00,AcademicPapers,AcademicPapers.st,PROTECTED,403,487,,DDoS-Guard
2026-09-30T05:24:32.149621+00:00,AcademicPapers,AcademicPapers.st,PROTECTED,403,447,,DDoS-Guard
2026-09-30T05:25:32.482529+00:00,AcademicPapers,AcademicPapers.st,PROTECTED,403,442,,DDoS-Guard
2026-09-30T05:26:33.033947+00:00,AcademicPapers,AcademicPapers.st,PROTECTED,403,337,,DDoS-Guard
2026-09-30T05:27:33.410904+00:00,AcademicPapers,AcademicPapers.st,PROTECTED,403,457,,DDoS-Guard
2026-09-30T05:28:33.595895+00:00,AcademicPapers,AcademicPapers.st,PROTECTED,403,429,,DDoS-Guard
2026-09-30T05:29:33.439800+00:00,AcademicPapers,AcademicPapers.st,PROTECTED,403,63,,DDoS-Guard
2026-09-30T05:30:34.388358+00:00,AcademicPapers,AcademicPapers.st,PROTECTED,403,411,,DDoS-Guard
2026-09-30T05:31:34.386019+00:00,AcademicPapers,AcademicPapers.st,PROTECTED,403,60,,DDoS-Guard
2026-09-30T05:32:35.041157+00:00,AcademicPapers,AcademicPapers.st,PROTECTED,403,429,,DDoS-Guard
2026-09-30T05:33:35.440933+00:00,AcademicPapers,AcademicPapers.st,PROTECTED,403,250,,DDoS-Guard
2026-09-30T05:34:35.797713+00:00,AcademicPapers,AcademicPapers.st,PROTECTED,403,388,,DDoS-Guard
2026-09-30T05:35:35.761586+00:00,AcademicPapers,AcademicPapers.st,PROTECTED,403,58,,DDoS-Guard
2026-09-30T05:36:36.789934+00:00,AcademicPapers,AcademicPapers.st,PROTECTED,403,457,,DDoS-Guard
2026-09-30T05:37:37.176692+00:00,AcademicPapers,AcademicPapers.st,PROTECTED,403,336,,DDoS-Guard
2026-09-30T05:38:37.436868+00:00,AcademicPapers,AcademicPapers.st,PROTECTED,403,336,,DDoS-Guard
2026-09-30T05:39:37.687919+00:00,AcademicPapers,AcademicPapers.st,PROTECTED,403,447,,DDoS-Guard
2026-09-30T05:40:37.966976+00:00,AcademicPapers,AcademicPapers.st,PROTECTED,403,440,,DDoS-Guard
2026-09-30T05:41:38.510031+00:00,AcademicPapers,AcademicPapers.st,PROTECTED,403,353,,DDoS-Guard
2026-09-30T05:42:38.991065+00:00,AcademicPapers,AcademicPapers.st,PROTECTED,403,421,,DDoS-Guard
2026-09-30T05:43:39.151731+00:00,AcademicPapers,AcademicPapers.st,PROTECTED,403,341,,DDoS-Guard
2026-09-30T05:44:39.763785+00:00,AcademicPapers,AcademicPapers.st,PROTECTED,403,331,,DDoS-Guard
2026-09-30T05:45:40.013306+00:00,AcademicPapers,AcademicPapers.st,PROTECTED,403,329,,DDoS-Guard
2026-09-30T05:46:40.392942+00:00,AcademicPapers,AcademicPapers.st,PROTECTED,403,411,,DDoS-Guard
2026-09-30T05:47:40.713682+00:00,AcademicPapers,AcademicPapers.st,PROTECTED,403,352,,DDoS-Guard
2026-09-30T05:48:41.048611+00:00,AcademicPapers,AcademicPapers.st,PROTECTED,403,361,,DDoS-Guard
2026-09-30T05:49:41.405988+00:00,AcademicPapers,AcademicPapers.st,PROTECTED,403,440,,DDoS-Guard
2026-09-30T05:50:42.065199+00:00,AcademicPapers,AcademicPapers.st,PROTECTED,403,434,,DDoS-Guard
2026-09-30T05:51:42.501872+00:00,AcademicPapers,AcademicPapers.st,PROTECTED,403,451,,DDoS-Guard
2026-09-30T05:52:42.700721+00:00,AcademicPapers,AcademicPapers.st,PROTECTED,403,401,,DDoS-Guard
2026-09-30T05:53:42.977162+00:00,AcademicPapers,AcademicPapers.st,PROTECTED,403,443,,DDoS-Guard
2026-09-30T05:54:43.479514+00:00,AcademicPapers,AcademicPapers.st,PROTECTED,403,327,,DDoS-Guard
2026-09-30T05:55:43.897247+00:00,AcademicPapers,AcademicPapers.st,PROTECTED,403,453,,DDoS-Guard
2026-09-30T05:56:44.090189+00:00,AcademicPapers,AcademicPapers.st,PROTECTED,403,399,,DDoS-Guard
2026-09-30T05:57:44.753882+00:00,AcademicPapers,AcademicPapers.st,PROTECTED,403,414,,DDoS-Guard
2026-09-30T05:58:45.084372+00:00,AcademicPapers,AcademicPapers.st,PROTECTED,403,513,,DDoS-Guard
2026-09-30T05:59:45.602249+00:00,AcademicPapers,AcademicPapers.st,PROTECTED,403,425,,DDoS-Guard
2026-09-30T06:00:46.286109+00:00,AcademicPapers,AcademicPapers.st,PROTECTED,403,405,,DDoS-Guard
2026-09-30T06:01:46.914238+00:00,AcademicPapers,AcademicPapers.st,PROTECTED,403,618,,DDoS-Guard
2026-09-30T06:02:46.885592+00:00,AcademicPapers,AcademicPapers.st,PROTECTED,403,310,,DDoS-Guard
2026-09-30T06:03:47.683708+00:00,AcademicPapers,AcademicPapers.st,PROTECTED,403,481,,DDoS-Guard
2026-09-30T06:04:48.238578+00:00,AcademicPapers,AcademicPapers.st,PROTECTED,403,458,,DDoS-Guard
2026-09-30T06:05:49.190111+00:00,AcademicPapers,AcademicPapers.st,PROTECTED,403,686,,DDoS-Guard
2026-09-30T06:06:49.447222+00:00,AcademicPapers,AcademicPapers.st,PROTECTED,403,543,,DDoS-Guard
2026-09-30T06:07:50.075704+00:00,AcademicPapers,AcademicPapers.st,PROTECTED,403,612,,DDoS-Guard
2026-09-30T06:08:50.268230+00:00,AcademicPapers,AcademicPapers.st,PROTECTED,403,403,,DDoS-Guard
2026-09-30T06:09:50.900888+00:00,AcademicPapers,AcademicPapers.st,PROTECTED,403,379,,DDoS-Guard
2026-09-30T06:10:51.359116+00:00,AcademicPapers,AcademicPapers.st,PROTECTED,403,389,,DDoS-Guard
2026-09-30T06:11:51.880224+00:00,AcademicPapers,AcademicPapers.st,PROTECTED,403,388,,DDoS-Guard
2026-09-30T06:12:52.361567+00:00,AcademicPapers,AcademicPapers.st,PROTECTED,403,384,,DDoS-Guard
2026-09-30T06:13:52.986070+00:00,AcademicPapers,AcademicPapers.st,PROTECTED,403,342,,DDoS-Guard
2026-09-30T06:14:53.663387+00:00,AcademicPapers,AcademicPapers.st,PROTECTED,403,414,,DDoS-Guard
2026-09-30T06:15:54.122144+00:00,AcademicPapers,AcademicPapers.st,PROTECTED,403,375,,DDoS-Guard
2026-09-30T06:16:54.132224+00:00,AcademicPapers,AcademicPapers.st,PROTECTED,,,,connection-blocked
2026-09-30T06:17:55.221590+00:00,AcademicPapers,AcademicPapers.st,PROTECTED,403,476,,DDoS-Guard
2026-09-30T06:18:56.216788+00:00,AcademicPapers,AcademicPapers.st,PROTECTED,403,515,,DDoS-Guard
2026-09-30T06:19:56.708753+00:00,AcademicPapers,AcademicPapers.st,PROTECTED,403,571,,DDoS-Guard
2026-09-30T06:20:57.242976+00:00,AcademicPapers,AcademicPapers.st,PROTECTED,403,513,,DDoS-Guard
2026-09-30T06:21:57.967128+00:00,AcademicPapers,AcademicPapers.st,PROTECTED,403,591,,DDoS-Guard
2026-09-30T06:22:57.474158+00:00,AcademicPapers,AcademicPapers.st,PROTECTED,403,55,,DDoS-Guard
2026-09-30T06:23:58.718721+00:00,AcademicPapers,AcademicPapers.st,PROTECTED,403,394,,DDoS-Guard
2026-09-30T06:24:59.689921+00:00,AcademicPapers,AcademicPapers.st,PROTECTED,403,422,,DDoS-Guard
2026-09-30T06:26:00.645801+00:00,AcademicPapers,AcademicPapers.st,PROTECTED,403,535,,DDoS-Guard
2026-09-30T06:27:01.417012+00:00,AcademicPapers,AcademicPapers.st,PROTECTED,403,421,,DDoS-Guard
2026-09-30T06:28:01.555894+00:00,AcademicPapers,AcademicPapers.st,PROTECTED,403,504,,DDoS-Guard
2026-09-30T06:29:02.423839+00:00,AcademicPapers,AcademicPapers.st,PROTECTED,403,497,,DDoS-Guard
2026-09-30T06:30:03.748773+00:00,AcademicPapers,AcademicPapers.st,PROTECTED,403,870,,DDoS-Guard
2026-09-30T06:31:03.370669+00:00,AcademicPapers,AcademicPapers.st,PROTECTED,403,487,,DDoS-Guard
2026-09-30T06:32:03.996609+00:00,AcademicPapers,AcademicPapers.st,PROTECTED,403,576,,DDoS-Guard
2026-09-30T06:33:04.314917+00:00,AcademicPapers,AcademicPapers.st,PROTECTED,403,592,,DDoS-Guard
2026-09-30T06:34:04.240523+00:00,AcademicPapers,AcademicPapers.st,PROTECTED,403,387,,DDoS-Guard
2026-09-30T06:35:05.312534+00:00,AcademicPapers,AcademicPapers.st,PROTECTED,403,550,,DDoS-Guard
2026-09-30T06:36:06.106876+00:00,AcademicPapers,AcademicPapers.st,PROTECTED,403,370,,DDoS-Guard
2026-09-30T06:37:06.868558+00:00,AcademicPapers,AcademicPapers.st,PROTECTED,403,279,,DDoS-Guard
2026-09-30T06:37:45.694993+00:00,AcademicPapers,AcademicPapers.st,PROTECTED,403,337,,DDoS-Guard
2026-09-30T06:38:45.768866+00:00,AcademicPapers,AcademicPapers.st,PROTECTED,403,368,,DDoS-Guard
2026-09-30T06:39:46.610946+00:00,AcademicPapers,AcademicPapers.st,PROTECTED,403,376,,DDoS-Guard
2026-09-30T06:40:47.544141+00:00,AcademicPapers,AcademicPapers.st,PROTECTED,403,389,,DDoS-Guard
2026-09-30T06:41:48.429758+00:00,AcademicPapers,AcademicPapers.st,PROTECTED,403,311,,DDoS-Guard
2026-09-30T06:42:49.327842+00:00,AcademicPapers,AcademicPapers.st,PROTECTED,403,371,,DDoS-Guard
2026-09-30T06:43:50.183583+00:00,AcademicPapers,AcademicPapers.st,PROTECTED,403,338,,DDoS-Guard
2026-09-30T06:44:51.080959+00:00,AcademicPapers,AcademicPapers.st,PROTECTED,403,330,,DDoS-Guard
